test_extra_or_truncated_input_fails_exact_pin (__main__.PackageTests.test_extra_or_truncated_input_fails_exact_pin) ... ok
test_make_prerequisites_are_android_only (__main__.PackageTests.test_make_prerequisites_are_android_only) ... ok
test_missing_and_corrupt_inputs_do_not_stage (__main__.PackageTests.test_missing_and_corrupt_inputs_do_not_stage) ... ok
test_offline_stage_matches_reviewed_bytes_on_repeat (__main__.PackageTests.test_offline_stage_matches_reviewed_bytes_on_repeat) ... ok
test_provenance_pins_match_the_fixed_packager_pins (__main__.PackageTests.test_provenance_pins_match_the_fixed_packager_pins) ... ok
test_verified_inputs (__main__.PackageTests.test_verified_inputs) ... ok

----------------------------------------------------------------------
Ran 6 tests in 0.063s

OK
PASS patch applies with zero fuzz and no offsets
PASS complete pinned catalog preserves exact Android and release targeting without network
PASS nightly eligibility preserves the exact reviewed targeted records
PASS metadata filters and returned-record mutations cannot change the catalog
PASS missing and same-size corrupted catalogs fail before network
PASS passive cache and status calls never download missing models
PASS bundled WASM passes real compressed and decompressed integrity without network
PASS explicit operation downloads one exact asset with no credentials/referrer/redirect/discovery
PASS offline cache survives a new provider and status/deletion reflect real files
PASS unlisted IDs, changed URLs and changed decompression pins cannot authorize transfer
PASS record validator rejects URL tricks, unknown targeting and excessive size
PASS truncated response leaves no usable cache or temporary file
PASS same-size corruption response leaves no usable cache or temporary file
PASS oversized response leaves no usable cache or temporary file
PASS redirect response leaves no usable cache or temporary file
PASS unexpected URL response leaves no usable cache or temporary file
PASS length mismatch response leaves no usable cache or temporary file
PASS inference decompression uses real zstd, exact expanded size and expanded hash
PASS cancelled operation rejects promptly and late response cannot cache
PASS transfer timeout aborts the operation and leaves no cache
PASS Delete All cancels in-flight transfer and cannot be undone by late completion
PASS deletion serializes with an already-writing cache commit and cleans its temporary file
PASS concurrent operations preserve cancellation identity and one valid atomic cache
PASS Delete All also cancels operations still selecting metadata
PASS operation cannot reuse authorization after success or target a second record set
PASS shutdown aborts active transfers and refuses new authorizations
PASS actual Parent selection retains complete direct and pivot record sets without RS clients
PASS actual Parent size, passive engine payload and false-download request cannot authorize transfers
PASS actual Parent refuses stale documents before operation selection
PASS actual Parent pagehide cancellation prevents late preparation from translating
PASS actual Parent rechecks current WindowGlobal after asynchronous engine preparation
CATALOG_INVENTORY {"selectedRecords":217,"completeDirectionalPairs":106,"sourceLanguages":54,"targetLanguages":54}
PASS actual language download and Delete All use the new provider without a Remote Settings constructor
PASS actual native bridge defaults missing network flag to false and scopes cancellation by UUID
PASS actual native bridge only authorizes explicit true and module disable cancels pending work
PASS actual model-management bridge rejects malformed IDs, supports cancellation, and has no cache-download command
PASS actual metadata bridge cannot reach explicit download helpers
PASS already-aborted and synchronously cancelled operations are observed without stray rejection
PASS operation validity is rechecked before starting a queued network request
PASS desktop Parent retains its Remote Settings client and sync subscription
PASS actual child actor binds pagehide cancellation to its own actor on Android only
PASS cancelling a concurrent second write preserves a previously committed valid cache
PASS same-language or invalid requests cannot fetch even catalog metadata
PASS an unlisted language download cannot report a successful empty operation
PASS actual inference child verifies the WASM and every model expanded payload
PASS stale document during atomic move rolls back committed bytes without an AbortSignal event
PASS reviewed WASM4 instantiates with the actual frozen Bergamot glue and native API
45 actual-source translation asset tests passed; Gecko/UI/inference integration remains separate.
PASS static/source checks; target compilation, Gecko tests, real DOM translation and offline restart remain pending
