serial=emulator-5584
Serving...
All files should be loaded. Notifying the device.
Performing Incremental Install
Success
Install command complete in 1162 ms
03:07:23 update-check live exit=0
03:09:15 update-check local exit=0
03:09:37 pref-audit exit=0
03:13:31 store-installer exit=0
Serving...
All files should be loaded. Notifying the device.
Performing Incremental Install
Success
Install command complete in 1401 ms
03:14:09 process-labels exit=0
03:15:35 filepicker exit=0
03:18:24 upgrade A exit=0
03:20:07 upgrade B exit=0
03:21:11 upgrade C exit=0
03:22:02 downgrade-guard exit=0
BATCH3 DONE
