[smoke] apk=/home/mgysin/redoubt-artifacts/beta-158.0-1-b2/apk/fenix-x86_64-158.0-1-beta2-throwaway.apk
[smoke] package=org.redoubtbrowser
[smoke] using device emulator-5584
[smoke] installing fenix-x86_64-158.0-1-beta2-throwaway.apk (137 MB)
[smoke] display kept awake for this run (mWakefulness=Awake)
[smoke] origin: http://10.0.2.2:56331/ and https://10.0.2.2:44131/
[smoke] org.redoubtbrowser is not debuggable; opened GeckoView's debug config via Settings.Global.DEBUG_APP (am set-debug-app)
[smoke] under test: Redoubt 158.0-1 buildID=20261009160000
[smoke] https-only-interstitial PASS  HTTP must reach the HTTPS-only interstitial before the user grants an exception
[smoke] page-load-http         PASS  http://10.0.2.2:56331/?https-only-f9b17c14439806ca ready=complete secure=False marker='lw-smoke-page-ok', origin logged 4 request(s)
[smoke] page-load-https        PASS  https://10.0.2.2:44131/ ready=complete secure=True marker='lw-smoke-page-ok', origin logged 7 request(s)
[smoke] running full graphics consent, rendering and lifetime acceptance
[smoke] webgl                  FAIL  No org.redoubtbrowser window is in the input dispatcher's window list
[smoke] org.redoubtbrowser is not debuggable; opened GeckoView's debug config via Settings.Global.DEBUG_APP (am set-debug-app)
[smoke] video                  PASS  decoded 13 frames, currentTime=0.455 readyState=4 64x64, origin served the file 3 time(s)
[smoke] video-h264             PASS  decoded 14 frames, currentTime=0.482 readyState=4 64x64, origin served the file 3 time(s)
[smoke] video-mse              PASS  isTypeSupported(video/mp4; codecs="avc1.42E01E,mp4a.40.2")=true, appended 11963 bytes, decoded 10 frames, currentTime=0.361 readyState=4 64x64
[smoke] getusermedia           PASS  prompt(s) raised ['com.android.permissioncontroller:id/permission_deny_button'], harness tapped deny 2 time(s), getUserMedia rejected with NotAllowedError in 5067ms
[smoke] extension              PASS  installed smoke-probe@librewolf.invalid and its content script ran on a real page (marker='alive-webext'); 7 extensions active
[smoke] pref dump: 59 curated prefs -> /home/mgysin/redoubt-artifacts/beta-158.0-1-b2/work/prefs.txt ; 4250 total prefs -> /home/mgysin/redoubt-artifacts/beta-158.0-1-b2/work/prefs-all.json
[smoke] pref-dump              PASS  written to /home/mgysin/redoubt-artifacts/beta-158.0-1-b2/work/prefs.txt (59 prefs; librewolf.webgl.prompt=True)
[smoke] ------------------------------------------------------------
[smoke] 10 check(s) run, 1 failed. Detail: /home/mgysin/redoubt-artifacts/beta-158.0-1-b2/runs/baseline-smoke-rerun/baseline-smoke-rerun.json
[smoke]   FAILED webgl                No org.redoubtbrowser window is in the input dispatcher's window list
