2026-10-04T10:45:21Z PAUSE  lw-fataar-x86_64-2653932-1791109941 MemAvailable=8414088
2026-10-04T10:51:43Z RESUME  lw-fataar-x86_64-2653932-1791109941 MemAvailable=12386792
2026-10-04T11:06:41Z PAUSE  lw-fataar-x86_64-2653932-1791109941 MemAvailable=8192964
2026-10-04T11:08:29Z RESUME  lw-fataar-x86_64-2653932-1791109941 MemAvailable=15536912
2026-10-04T11:18:33Z PAUSE  lw-fataar-fat-2653932-1791112122 MemAvailable=8273864
2026-10-04T11:19:33Z RESUME  lw-fataar-fat-2653932-1791112122 MemAvailable=16058448
2026-10-04T11:23:43Z PAUSE  lw-fataar-fat-2653932-1791112122 MemAvailable=6219784
2026-10-04T11:23:46Z RESUME  lw-fataar-fat-2653932-1791112122 MemAvailable=11917400
2026-10-04T11:23:49Z PAUSE  lw-fataar-fat-2653932-1791112122 MemAvailable=8055044
2026-10-04T11:23:58Z RESUME  lw-fataar-fat-2653932-1791112122 MemAvailable=10761120
2026-10-04T11:31:20Z PAUSE  lw-apk-apk-3186845-1791113305 MemAvailable=6254616
2026-10-04T11:32:23Z RESUME  lw-apk-apk-3186845-1791113305 MemAvailable=12446808
2026-10-04T11:38:00Z PAUSE  lw-apk-apk-3186845-1791113305 MemAvailable=8257648
2026-10-04T11:38:30Z RESUME  lw-apk-apk-3186845-1791113305 MemAvailable=10496120
2026-10-04T11:39:24Z PAUSE  lw-apk-apk-3186845-1791113305 MemAvailable=8378672
2026-10-04T11:41:52Z RESUME  lw-apk-apk-3186845-1791113305 MemAvailable=10593996
2026-10-04T11:47:01Z PAUSE  lw-apk-apk-3400224-1791114276 MemAvailable=8343044
2026-10-04T11:48:47Z RESUME  lw-apk-apk-3400224-1791114276 MemAvailable=12429580
2026-10-04T12:01:29Z PAUSE  lw-apk-apk-3400224-1791114276 MemAvailable=8504860
2026-10-04T12:03:34Z RESUME  lw-apk-apk-3400224-1791114276 MemAvailable=16930076
2026-10-04T12:37:36Z PAUSE  lw-test-3840033 MemAvailable=8597360
2026-10-04T12:42:06Z RESUME  lw-test-3840033 MemAvailable=13393620
2026-10-04T12:55:46Z PAUSE  lw-test-3890300 MemAvailable=8513984
2026-10-04T12:56:22Z RESUME  lw-test-3890300 MemAvailable=13503596
