 0:00.18 W Warnings in third-party code are being suppressed from the terminal output. Use --show-all-warnings or --verbose to see them.
 0:00.18 W All warnings will still be dumped to /work/src/obj-x86_64/.mozbuild/logs/build/warnings_*.json at the end of the build.
 0:00.22 Clobber not needed.
 0:00.26 W Adding make options from /work/out/mozconfig.x86_64
    MOZ_CRASHREPORTER=0
    MOZ_DATA_REPORTING=0
    MOZ_SERVICES_HEALTHREPORT=0
    MOZ_TELEMETRY_REPORTING=0
    MOZ_OBJDIR=/work/src/obj-x86_64
    OBJDIR=/work/src/obj-x86_64
    FOUND_MOZCONFIG=/work/out/mozconfig.x86_64
    export FOUND_MOZCONFIG
 0:00.26 /usr/bin/gmake -f client.mk -j4 -s
 0:03.10 Allowed: Path "chrome/toolkit/content/global/buildconfig.html" has architecture-specific versions:
 0:03.10   arm64-v8a -> 5e756710a53f99690957576dfe808a7e0e4c86a0
 0:03.10   armeabi-v7a -> a968f8480dd90c49a16b2d16f99132ab22156325
 0:03.10   x86_64 -> 00f1f3e10a4913f3ca8963f504524cc3f8491edf
 0:04.02 ./GeckoTraceEvents.h.stub
 0:04.02 ./generated_geckoview_files.stub
 0:04.35  0:00.17 /work/src/gradlew geckoview:generateJNIWrappersForGeneratedDebug geckoview:generateSDKBindings '-Pgenerate_sdk_bindings_args=/work/src/widget/android/bindings/AccessibilityEvent-classes.txt;AccessibilityEvent;/work/src/widget/android/bindings/AndroidBuild-classes.txt;AndroidBuild;/work/src/widget/android/bindings/AndroidDragEvent-classes.txt;AndroidDragEvent;/work/src/widget/android/bindings/AndroidGraphics-classes.txt;AndroidGraphics;/work/src/widget/android/bindings/AndroidInputType-classes.txt;AndroidInputType;/work/src/widget/android/bindings/AndroidProcess-classes.txt;AndroidProcess;/work/src/widget/android/bindings/AndroidRect-classes.txt;AndroidRect;/work/src/widget/android/bindings/InetAddress-classes.txt;InetAddress;/work/src/widget/android/bindings/JavaBuiltins-classes.txt;JavaBuiltins;/work/src/widget/android/bindings/JavaExceptions-classes.txt;JavaExceptions;/work/src/widget/android/bindings/KeyEvent-classes.txt;KeyEvent;/work/src/widget/android/bindings/MediaCodec-classes.txt;MediaCodec;/work/src/widget/android/bindings/MessageQueue-classes.txt;MessageQueue;/work/src/widget/android/bindings/MotionEvent-classes.txt;MotionEvent;/work/src/widget/android/bindings/SurfaceTexture-classes.txt;SurfaceTexture;/work/src/widget/android/bindings/ViewConfiguration-classes.txt;ViewConfiguration'
 0:04.36 W Picked up JAVA_TOOL_OPTIONS: -Dfile.encoding=utf-8
 0:04.99 Welcome to Gradle 9.5.1!
 0:04.99 Here are the highlights of this release:
 0:04.99  - Task provenance in reports and failure messages
 0:04.99  - Type-safe accessors for precompiled Kotlin Settings plugins
 0:04.99 For more details see https://docs.gradle.org/9.5.1/release-notes.html
 0:05.09 Starting a Gradle Daemon (subsequent builds will be faster)
 0:05.99 Configuration on demand is an incubating feature.
 0:21.19 > Configure project :conventions
 0:21.19 W WARNING: Unsupported Kotlin plugin version.
 0:21.19 The `embedded-kotlin` and `kotlin-dsl` plugins rely on features of Kotlin `2.3.20` that might work differently than in the requested version `2.3.21`.
 0:21.19 Using the `kotlin-dsl` plugin together with a different Kotlin version (for example, by using the Kotlin Gradle plugin (`kotlin(jvm)`)) in the same project is not recommended.
 0:21.19 See https://docs.gradle.org/9.5.1/userguide/kotlin_dsl.html#sec:kotlin-dsl_plugin for more details on how the `kotlin-dsl` plugin works (same applies to `embedded-kotlin`).
 0:21.19 It applies a certain version of the `org.jetbrains.kotlin.jvm` plugin and also add a dependency on the Kotlin Standard Library.
 0:21.19 Applying other version of the `org.jetbrains.kotlin.jvm` plugin in the build and/or adding dependencies to different versions of the Kotlin Standard Library can cause incompatibilities.
 0:21.19 See https://docs.gradle.org/9.5.1/userguide/kotlin_dsl.html#sec:kotlin
 0:26.09 > Task :conventions:checkKotlinGradlePluginConfigurationErrors SKIPPED
 0:26.09 > Task :dependencies:checkKotlinGradlePluginConfigurationErrors SKIPPED
 0:29.39 > Task :dependencies:pluginDescriptors
 0:29.39 > Task :dependencies:processResources
 0:29.69 > Task :conventions:pluginDescriptors
 0:29.69 > Task :conventions:processResources
 0:33.19 > Task :dependencies:compileKotlin
 0:33.19 > Task :dependencies:compileJava NO-SOURCE
 0:33.19 > Task :dependencies:classes
 0:33.19 > Task :dependencies:jar
 0:35.09 > Task :conventions:compileKotlin
 0:35.09 > Task :conventions:compileJava NO-SOURCE
 0:35.09 > Task :conventions:classes
 0:35.09 > Task :conventions:jar
 0:36.09 Local configuration: absent local.properties; proceeding as normal.
 0:36.09 SettingsPlugin> Disabled auto-publication of application-services. Enable it by settings 'autoPublish.application-services.dir' in local.properties
 0:36.09 SettingsPlugin> Disabled auto-publication of Glean. Enable it by settings 'autoPublish.glean.dir' in local.properties
 0:38.39 > Configure project :
 0:41.29 > Task :config:checkKotlinGradlePluginConfigurationErrors SKIPPED
 0:41.29 > Task :apksize:checkKotlinGradlePluginConfigurationErrors SKIPPED
 0:41.39 > Task :config:pluginDescriptors
 0:41.39 > Task :config:processResources
 0:42.09 > Task :config:compileKotlin
 0:42.09 > Task :config:compileJava NO-SOURCE
 0:42.09 > Task :config:classes
 0:42.09 > Task :config:jar
 0:42.89 > Task :apksize:pluginDescriptors
 0:42.89 > Task :apksize:processResources
 0:43.89 > Task :apksize:compileKotlin
 0:43.89 > Task :apksize:compileJava NO-SOURCE
 0:43.89 > Task :apksize:classes
 0:43.89 > Task :apksize:jar
 0:46.59 > Configure project :
 0:46.59 LW-M4-16: androidx.activity 1.13.0 >= 1.10.0 -- the --check-no-gms GMS-string exemption holds.
 0:47.19 > Task :apilint:apilint:checkKotlinGradlePluginConfigurationErrors SKIPPED
 0:47.39 > Task :apilint:apidoc-plugin:compileJava
 0:47.39 > Task :apilint:apidoc-plugin:processResources NO-SOURCE
 0:47.39 > Task :apilint:apidoc-plugin:classes
 0:47.39 > Task :apilint:apidoc-plugin:jar
 0:48.79 > Configure project :geckoview
 0:49.89 > Task :apilint:apilint:copyDocletJar
 0:49.89 > Task :apilint:apilint:pluginDescriptors
 0:49.89 > Task :apilint:apilint:processResources
 0:53.39 > Task :apilint:apilint:compileKotlin
 0:53.39 > Task :apilint:apilint:compileJava NO-SOURCE
 0:53.39 > Task :apilint:apilint:classes
 0:53.39 > Task :apilint:apilint:jar
 0:54.09 > Configure project :geckoview
 0:54.09 W WARNING: The option setting 'android.experimental.enableTestFixturesKotlinSupport=true' is experimental.
 0:54.09 The current default is 'false'.
 0:54.79 > Configure project :annotations
 0:55.49 > Configure project :geckoview
 0:55.49 GeckoView version = 153.0.20260906190000
 0:55.79 W WARNING: We recommend using a newer Android Gradle plugin to use compile SDK version 37.0
 0:55.79 This Android Gradle plugin (8.13.2) was tested up to compile SDK version 36.1.
 0:55.79 You are strongly encouraged to update your project to use a newer
 0:55.79 Android Gradle plugin that has been tested with compile SDK version 37.0.
 0:55.79 If you are already using the latest version of the Android Gradle plugin,
 0:55.79 you may need to wait until a newer version with support for compile SDK version 37.0 is available.
 0:55.79 For more information refer to the compatibility table:
 0:55.79 https://d.android.com/r/tools/api-level-support
 0:55.79 To suppress this warning, add/update
 0:55.79     android.suppressUnsupportedCompileSdk=37.0
 0:55.79 to this project's gradle.properties.
 0:55.89 W [lw-brand] 1 res dir(s), 3 values file(s), 0 translated entr(ies) dropped
 0:55.89 > Task :geckoview:lwBrandStrings
 0:55.89 > Task :geckoview:preBuild
 0:55.89 > Task :geckoview:preDebugBuild
 0:56.09 > Task :geckoview:checkKotlinGradlePluginConfigurationErrors SKIPPED
 0:56.09 > Task :geckoview:generateDebugBuildConfig
 0:56.09 > Task :geckoview:generateDebugResValues
 0:56.09 > Task :geckoview:generateDebugResources
 0:56.09 > Task :verifyGleanVersion
 0:56.09 verifyGleanVersion> expected version matches found version '67.3.2'
 0:56.09 > Task :geckoview:packageDebugResources
 0:56.09 > Task :geckoview:processDebugNavigationResources
 0:56.39 > Task :geckoview:javaPreCompileDebug
 0:56.39 > Task :geckoview:parseDebugLocalResources
 0:56.39 > Task :geckoview:generateDebugRFile
 0:56.69 > Task :geckoview:compileDebugAidl
 0:56.69 > Task :geckoview:compileDebugKotlin NO-SOURCE
 0:58.49 W Note: /work/src/mobile/android/annotations/src/main/java/org/mozilla/gecko/annotationProcessors/SDKProcessor.java uses or overrides a deprecated API.
 0:58.49 W Note: Recompile with -Xlint:deprecation for details.
 0:58.49 > Task :annotations:compileJava
 1:01.59 > Task :geckoview:compileDebugJavaWithJavac
 1:01.59 W Picked up JAVA_TOOL_OPTIONS: -Dfile.encoding=utf-8
 1:01.59 W Picked up JAVA_TOOL_OPTIONS: -Dfile.encoding=utf-8
 1:01.59 W Picked up JAVA_TOOL_OPTIONS: -Dfile.encoding=utf-8
 1:01.59 W Note: Some input files use or override a deprecated API.
 1:01.59 W Note: Recompile with -Xlint:deprecation for details.
 1:01.69 > Task :geckoview:bundleLibRuntimeToJarDebug
 1:02.79 > Task :annotations:processResources NO-SOURCE
 1:02.79 > Task :annotations:classes
 1:02.79 > Task :annotations:jar
 1:03.09 > Task :geckoview:generateJNIWrappersForGeneratedDebug
 1:03.09 Processing annotations...
 1:03.09 Annotation processing complete in 238ms
 1:03.09 W Picked up JAVA_TOOL_OPTIONS: -Dfile.encoding=utf-8
 1:05.09 > Task :geckoview:generateSDKBindings
 1:05.09 Processing platform bindings...
 1:05.09 W Picked up JAVA_TOOL_OPTIONS: -Dfile.encoding=utf-8
 1:05.59 Processing bindings from /work/src/widget/android/bindings/AccessibilityEvent-classes.txt
 1:05.59 Looking up: android.view.accessibility.AccessibilityEvent
 1:05.59 Skipping android.view.accessibility.AccessibilityEvent.<init>, version 30 > 29
 1:05.59 Skipping android.view.accessibility.AccessibilityEvent.<init>, version 30 > 29
 1:05.59 Skipping android.view.accessibility.AccessibilityEvent.<init>, version 30 > 29
 1:05.59 Skipping android.view.accessibility.AccessibilityRecord.getDisplayId, version 33 > 29
 1:05.59 Skipping android.view.accessibility.AccessibilityRecord.getSource, version 33 > 29
 1:05.59 Skipping android.view.accessibility.AccessibilityEvent.getSpeechStateChangeTypes, version 33 > 29
 1:05.59 Skipping android.view.accessibility.AccessibilityEvent.getTextChangeTypes, version 37 > 29
 1:05.59 Skipping android.view.accessibility.AccessibilityEvent.isAccessibilityDataSensitive, version 34 > 29
 1:05.59 Skipping android.view.accessibility.AccessibilityEvent.setAccessibilityDataSensitive, version 34 > 29
 1:05.59 Skipping android.view.accessibility.AccessibilityEvent.setSpeechStateChangeTypes, version 33 > 29
 1:05.59 Skipping android.view.accessibility.AccessibilityEvent.setTextChangeTypes, version 37 > 29
 1:05.59 SDK processing complete in 19ms
 1:05.59 Processing bindings from /work/src/widget/android/bindings/AndroidBuild-classes.txt
 1:05.59 Looking up: android.os.Build
 1:05.59 Skipping android.os.Build.getBackportedFixStatus, version 36 > 29
 1:05.59 Skipping android.os.Build.getMajorSdkVersion, version 36 > 29
 1:05.59 Skipping android.os.Build.getMinorSdkVersion, version 36 > 29
 1:05.59 Looking up: android.os.Build$VERSION
 1:05.59 SDK processing complete in 6ms
 1:05.59 Processing bindings from /work/src/widget/android/bindings/AndroidDragEvent-classes.txt
 1:05.59 Looking up: android.view.DragEvent
 1:05.59 SDK processing complete in 2ms
 1:05.59 Processing bindings from /work/src/widget/android/bindings/AndroidGraphics-classes.txt
 1:05.59 Looking up: android.graphics.Bitmap
 1:05.59 Skipping android.graphics.Bitmap.asShared, version 31 > 29
 1:05.59 Skipping android.graphics.Bitmap.getGainmap, version 34 > 29
 1:05.59 Skipping android.graphics.Bitmap.getHardwareBuffer, version 31 > 29
 1:05.59 Skipping android.graphics.Bitmap.hasGainmap, version 34 > 29
 1:05.59 Skipping android.graphics.Bitmap.setGainmap, version 34 > 29
 1:05.59 Looking up: android.graphics.Bitmap$Config
 1:05.59 SDK processing complete in 4ms
 1:05.59 Processing bindings from /work/src/widget/android/bindings/AndroidInputType-classes.txt
 1:05.59 Looking up: android.text.InputType
 1:05.59 SDK processing complete in 1ms
 1:05.59 Processing bindings from /work/src/widget/android/bindings/AndroidProcess-classes.txt
 1:05.59 Looking up: android.os.Process
 1:05.59 Skipping android.os.Process.getAppUidForSdkSandboxUid, version 35 > 29
 1:05.59 Skipping android.os.Process.getSdkSandboxUidForAppUid, version 35 > 29
 1:05.59 Skipping android.os.Process.getStartRequestedElapsedRealtime, version 33 > 29
 1:05.59 Skipping android.os.Process.getStartRequestedUptimeMillis, version 33 > 29
 1:05.59 Skipping android.os.Process.isIsolatedUid, version 34 > 29
 1:05.59 Skipping android.os.Process.isPrivateComputeCoreUid, version 37 > 29
 1:05.59 Skipping android.os.Process.isSdkSandbox, version 33 > 29
 1:05.59 Skipping android.os.Process.isSdkSandboxUid, version 35 > 29
 1:05.59 Skipping android.os.Process.myProcessName, version 33 > 29
 1:05.59 SDK processing complete in 1ms
 1:05.59 Processing bindings from /work/src/widget/android/bindings/AndroidRect-classes.txt
 1:05.59 Looking up: android.graphics.Rect
 1:05.59 Skipping android.graphics.Rect.inset, version 31 > 29
 1:05.59 Skipping android.graphics.Rect.inset, version 31 > 29
 1:05.59 Looking up: android.graphics.RectF
 1:05.59 SDK processing complete in 4ms
 1:05.59 Processing bindings from /work/src/widget/android/bindings/InetAddress-classes.txt
 1:05.59 Looking up: java.net.InetAddress
 1:05.59 Looking up: java.net.UnknownHostException
 1:05.59 SDK processing complete in 1ms
 1:05.59 Processing bindings from /work/src/widget/android/bindings/JavaBuiltins-classes.txt
 1:05.59 Looking up: java.lang.Boolean
 1:05.59 Looking up: java.lang.Double
 1:05.59 Looking up: java.lang.Integer
 1:05.59 Skipping java.lang.Integer.parseInt, version 33 > 29
 1:05.59 Skipping java.lang.Integer.parseUnsignedInt, version 33 > 29
 1:05.59 Looking up: java.lang.Long
 1:05.59 Skipping java.lang.Long.parseLong, version 33 > 29
 1:05.59 Skipping java.lang.Long.parseUnsignedLong, version 33 > 29
 1:05.59 Looking up: java.lang.Number
 1:05.59 Looking up: java.lang.String
 1:05.59 Skipping java.lang.String.formatted, version 34 > 29
 1:05.59 Skipping java.lang.String.indent, version 34 > 29
 1:05.59 Skipping java.lang.String.isBlank, version 33 > 29
 1:05.59 Skipping java.lang.String.lines, version 33 > 29
 1:05.59 Skipping java.lang.String.repeat, version 33 > 29
 1:05.59 Skipping java.lang.String.strip, version 33 > 29
 1:05.59 Skipping java.lang.String.stripIndent, version 34 > 29
 1:05.59 Skipping java.lang.String.stripLeading, version 33 > 29
 1:05.59 Skipping java.lang.String.stripTrailing, version 33 > 29
 1:05.59 Skipping java.lang.String.transform, version 34 > 29
 1:05.59 Skipping java.lang.String.translateEscapes, version 34 > 29
 1:05.59 SDK processing complete in 3ms
 1:05.59 Processing bindings from /work/src/widget/android/bindings/JavaExceptions-classes.txt
 1:05.59 Looking up: java.lang.IllegalArgumentException
 1:05.59 Looking up: java.lang.IllegalStateException
 1:05.59 Looking up: java.lang.Throwable
 1:05.59 SDK processing complete in 1ms
 1:05.59 Processing bindings from /work/src/widget/android/bindings/KeyEvent-classes.txt
 1:05.59 Looking up: android.view.KeyEvent
 1:05.59 Skipping android.view.KeyEvent.isMediaSessionKey, version 31 > 29
 1:05.59 Skipping CREATOR from android.view.InputEvent
 1:05.59 SDK processing complete in 5ms
 1:05.59 Processing bindings from /work/src/widget/android/bindings/MediaCodec-classes.txt
 1:05.59 Looking up: android.media.AudioFormat
 1:05.59 Skipping android.media.AudioFormat.getChannelAcnMask, version 37 > 29
 1:05.59 Looking up: android.media.MediaCodec
 1:05.59 Skipping android.media.MediaCodec.detachOutputSurface, version 35 > 29
 1:05.59 Skipping android.media.MediaCodec.getOutputFrame, version 30 > 29
 1:05.59 Skipping android.media.MediaCodec.getParameterDescriptor, version 31 > 29
 1:05.59 Skipping android.media.MediaCodec.getQueueRequest, version 30 > 29
 1:05.59 Skipping android.media.MediaCodec.getSupportedVendorParameters, version 31 > 29
 1:05.59 Skipping android.media.MediaCodec.mapHardwareBuffer, version 30 > 29
 1:05.59 Skipping android.media.MediaCodec.queueInputBuffers, version 35 > 29
 1:05.59 Skipping android.media.MediaCodec.queueSecureInputBuffers, version 35 > 29
 1:05.59 Skipping android.media.MediaCodec.setOnFirstTunnelFrameReadyListener, version 31 > 29
 1:05.59 Skipping android.media.MediaCodec.subscribeToVendorParameters, version 31 > 29
 1:05.59 Skipping android.media.MediaCodec.unsubscribeFromVendorParameters, version 31 > 29
 1:05.59 Looking up: android.media.MediaCodec$BufferInfo
 1:05.59 Looking up: android.media.MediaCodec$CryptoInfo
 1:05.59 Skipping android.media.MediaCodec$CryptoInfo.getPattern, version 31 > 29
 1:05.59 Looking up: android.media.MediaCodecInfo
 1:05.59 Skipping android.media.MediaCodecInfo.getSecurityModel, version 36 > 29
 1:05.59 Looking up: android.media.MediaCodecInfo$CodecCapabilities
 1:05.59 Looking up: android.media.MediaDrm
 1:05.59 Skipping android.media.MediaDrm.getLogMessages, version 31 > 29
 1:05.59 Skipping android.media.MediaDrm.getPlaybackComponent, version 31 > 29
 1:05.59 Skipping android.media.MediaDrm.getSupportedCryptoSchemes, version 30 > 29
 1:05.59 Skipping android.media.MediaDrm.requiresSecureDecoder, version 31 > 29
 1:05.59 Skipping android.media.MediaDrm.requiresSecureDecoder, version 31 > 29
 1:05.59 Looking up: android.media.MediaDrm$KeyStatus
 1:05.59 Looking up: android.media.MediaFormat
 1:05.59 SDK processing complete in 14ms
 1:05.59 Processing bindings from /work/src/widget/android/bindings/MessageQueue-classes.txt
 1:05.59 Looking up: android.os.MessageQueue
 1:05.59 SDK processing complete in 0ms
 1:05.59 Processing bindings from /work/src/widget/android/bindings/MotionEvent-classes.txt
 1:05.59 Looking up: android.view.MotionEvent
 1:05.59 Skipping android.view.MotionEvent.getEventTimeNanos, version 34 > 29
 1:05.59 Skipping android.view.MotionEvent.getHistoricalEventTimeNanos, version 34 > 29
 1:05.59 Skipping android.view.MotionEvent.obtain, version 34 > 29
 1:05.59 Skipping CREATOR from android.view.InputEvent
 1:05.59 SDK processing complete in 3ms
 1:05.59 Processing bindings from /work/src/widget/android/bindings/SurfaceTexture-classes.txt
 1:05.59 Looking up: android.graphics.SurfaceTexture
 1:05.59 Skipping android.graphics.SurfaceTexture.getDataSpace, version 33 > 29
 1:05.59 Looking up: android.view.Surface
 1:05.59 Skipping android.view.Surface.clearFrameRate, version 34 > 29
 1:05.59 Skipping android.view.Surface.isProducerThrottlingEnabled, version 37 > 29
 1:05.59 Skipping android.view.Surface.setFrameRate, version 31 > 29
 1:05.59 Skipping android.view.Surface.setFrameRate, version 30 > 29
 1:05.59 Skipping android.view.Surface.setProducerThrottlingEnabled, version 37 > 29
 1:05.59 Looking up: android.view.SurfaceControl
 1:05.59 SDK processing complete in 3ms
 1:05.59 Processing bindings from /work/src/widget/android/bindings/ViewConfiguration-classes.txt
 1:05.59 Looking up: android.view.ViewConfiguration
 1:05.59 Skipping android.view.ViewConfiguration.getDoubleTapTimeoutMillis, version 36 > 29
 1:05.59 Skipping android.view.ViewConfiguration.getLongPressTimeoutMillis, version 36 > 29
 1:05.59 Skipping android.view.ViewConfiguration.getMultiPressTimeout, version 31 > 29
 1:05.59 Skipping android.view.ViewConfiguration.getMultiPressTimeoutMillis, version 36 > 29
 1:05.59 Skipping android.view.ViewConfiguration.getScaledAmbiguousGestureMultiplier, version 30 > 29
 1:05.59 Skipping android.view.ViewConfiguration.getScaledHandwritingGestureLineMargin, version 34 > 29
 1:05.59 Skipping android.view.ViewConfiguration.getScaledHandwritingSlop, version 34 > 29
 1:05.59 Skipping android.view.ViewConfiguration.getScaledMaximumFlingVelocity, version 34 > 29
 1:05.59 Skipping android.view.ViewConfiguration.getScaledMinimumFlingVelocity, version 34 > 29
 1:05.59 Skipping android.view.ViewConfiguration.getScrollFrictionAmount, version 36 > 29
 1:05.59 Skipping android.view.ViewConfiguration.getTapTimeoutMillis, version 36 > 29
 1:05.59 Skipping android.view.ViewConfiguration.getTextCursorBlinkIntervalMillis, version 36 > 29
 1:05.59 SDK processing complete in 2ms
 1:05.69 [Incubating] Problems report is available at: file:///work/src/obj-x86_64/gradle/build/reports/problems/problems-report.html
 1:05.69 Deprecated Gradle features were used in this build, making it incompatible with Gradle 10.
 1:05.69 You can use '--warning-mode all' to show the individual deprecation warnings and determine if they come from your own scripts or plugins.
 1:05.69 For more on this, please refer to https://docs.gradle.org/9.5.1/userguide/command_line_interface.html#sec:command_line_warnings in the Gradle documentation.
 1:05.69 BUILD SUCCESSFUL in 1m 1s
 1:05.69 40 actionable tasks: 40 executed
 1:06.26 accessible/android
 1:07.07 dom/ipc
 1:07.17 dom/media/eme/mediadrm
 1:11.97 dom/media/eme
 1:18.65 dom/media/hls
 1:20.37 dom/media/platforms/ffmpeg/ffvpx
 1:20.50 dom/media/platforms
 1:23.87 dom/webauthn
 1:28.64 gfx/gl
 1:34.25 gfx/ipc
 1:34.85 gfx/layers
 1:35.56 gfx/webrender_bindings
 1:39.06 hal
 1:45.65 ipc/glue
 1:47.57 mobile/android/components/geckoview
 1:49.40 mobile/shared/components/geckoview
 1:53.10 netwerk/ipc
 2:07.41 toolkit/library/buildid.cpp.stub
 2:07.61 tools/profiler
 2:09.33 widget/android/jni
 2:11.53 widget/android
 2:12.07 widget
 2:16.14 xpcom/base
 2:19.65 xpcom/components
 2:28.38 dom/media
 2:30.65 gfx/thebes
 2:34.75 toolkit/library/buildid.cpp.stub
 2:49.03 toolkit/library/build/libxul.so
 2:54.52 ./dependentlibs.list.stub
 2:54.57 ./built_in_addons.json.stub
 2:54.61 ./generated_geckoview_files.stub
 2:55.17  0:00.37 /work/src/gradlew geckoview:generateJNIWrappersForGeneratedDebug geckoview:generateSDKBindings '-Pgenerate_sdk_bindings_args=/work/src/widget/android/bindings/AccessibilityEvent-classes.txt;AccessibilityEvent;/work/src/widget/android/bindings/AndroidBuild-classes.txt;AndroidBuild;/work/src/widget/android/bindings/AndroidDragEvent-classes.txt;AndroidDragEvent;/work/src/widget/android/bindings/AndroidGraphics-classes.txt;AndroidGraphics;/work/src/widget/android/bindings/AndroidInputType-classes.txt;AndroidInputType;/work/src/widget/android/bindings/AndroidProcess-classes.txt;AndroidProcess;/work/src/widget/android/bindings/AndroidRect-classes.txt;AndroidRect;/work/src/widget/android/bindings/InetAddress-classes.txt;InetAddress;/work/src/widget/android/bindings/JavaBuiltins-classes.txt;JavaBuiltins;/work/src/widget/android/bindings/JavaExceptions-classes.txt;JavaExceptions;/work/src/widget/android/bindings/KeyEvent-classes.txt;KeyEvent;/work/src/widget/android/bindings/MediaCodec-classes.txt;MediaCodec;/work/src/widget/android/bindings/MessageQueue-classes.txt;MessageQueue;/work/src/widget/android/bindings/MotionEvent-classes.txt;MotionEvent;/work/src/widget/android/bindings/SurfaceTexture-classes.txt;SurfaceTexture;/work/src/widget/android/bindings/ViewConfiguration-classes.txt;ViewConfiguration'
 2:55.19 W Picked up JAVA_TOOL_OPTIONS: -Dfile.encoding=utf-8
 2:55.81 Configuration on demand is an incubating feature.
 2:56.01 > Configure project :conventions
 2:56.01 W WARNING: Unsupported Kotlin plugin version.
 2:56.01 The `embedded-kotlin` and `kotlin-dsl` plugins rely on features of Kotlin `2.3.20` that might work differently than in the requested version `2.3.21`.
 2:56.01 Using the `kotlin-dsl` plugin together with a different Kotlin version (for example, by using the Kotlin Gradle plugin (`kotlin(jvm)`)) in the same project is not recommended.
 2:56.01 See https://docs.gradle.org/9.5.1/userguide/kotlin_dsl.html#sec:kotlin-dsl_plugin for more details on how the `kotlin-dsl` plugin works (same applies to `embedded-kotlin`).
 2:56.01 It applies a certain version of the `org.jetbrains.kotlin.jvm` plugin and also add a dependency on the Kotlin Standard Library.
 2:56.01 Applying other version of the `org.jetbrains.kotlin.jvm` plugin in the build and/or adding dependencies to different versions of the Kotlin Standard Library can cause incompatibilities.
 2:56.01 See https://docs.gradle.org/9.5.1/userguide/kotlin_dsl.html#sec:kotlin
 2:56.11 > Task :dependencies:checkKotlinGradlePluginConfigurationErrors SKIPPED
 2:56.11 > Task :conventions:checkKotlinGradlePluginConfigurationErrors SKIPPED
 2:56.11 > Task :dependencies:compileKotlin UP-TO-DATE
 2:56.11 > Task :conventions:compileKotlin UP-TO-DATE
 2:56.11 > Task :dependencies:compileJava NO-SOURCE
 2:56.11 > Task :conventions:compileJava NO-SOURCE
 2:56.11 > Task :dependencies:pluginDescriptors UP-TO-DATE
 2:56.11 > Task :conventions:pluginDescriptors UP-TO-DATE
 2:56.11 > Task :dependencies:processResources UP-TO-DATE
 2:56.11 > Task :dependencies:classes UP-TO-DATE
 2:56.11 > Task :dependencies:jar UP-TO-DATE
 2:56.11 > Task :conventions:processResources UP-TO-DATE
 2:56.11 > Task :conventions:classes UP-TO-DATE
 2:56.11 > Task :conventions:jar UP-TO-DATE
 2:56.21 Local configuration: absent local.properties; proceeding as normal.
 2:56.21 SettingsPlugin> Disabled auto-publication of application-services. Enable it by settings 'autoPublish.application-services.dir' in local.properties
 2:56.21 SettingsPlugin> Disabled auto-publication of Glean. Enable it by settings 'autoPublish.glean.dir' in local.properties
 2:56.61 > Task :apksize:checkKotlinGradlePluginConfigurationErrors SKIPPED
 2:56.61 > Task :config:checkKotlinGradlePluginConfigurationErrors SKIPPED
 2:56.61 > Task :config:compileKotlin UP-TO-DATE
 2:56.61 > Task :apksize:compileKotlin UP-TO-DATE
 2:56.61 > Task :apksize:compileJava NO-SOURCE
 2:56.61 > Task :apksize:pluginDescriptors UP-TO-DATE
 2:56.61 > Task :config:compileJava NO-SOURCE
 2:56.61 > Task :config:pluginDescriptors UP-TO-DATE
 2:56.61 > Task :apksize:processResources UP-TO-DATE
 2:56.61 > Task :apksize:classes UP-TO-DATE
 2:56.61 > Task :config:processResources UP-TO-DATE
 2:56.61 > Task :config:classes UP-TO-DATE
 2:56.61 > Task :apksize:jar UP-TO-DATE
 2:56.61 > Task :config:jar UP-TO-DATE
 2:56.81 > Configure project :
 2:56.81 LW-M4-16: androidx.activity 1.13.0 >= 1.10.0 -- the --check-no-gms GMS-string exemption holds.
 2:56.91 > Task :apilint:apilint:checkKotlinGradlePluginConfigurationErrors SKIPPED
 2:56.91 > Task :apilint:apidoc-plugin:compileJava UP-TO-DATE
 2:56.91 > Task :apilint:apidoc-plugin:processResources NO-SOURCE
 2:56.91 > Task :apilint:apidoc-plugin:classes UP-TO-DATE
 2:56.91 > Task :apilint:apidoc-plugin:jar UP-TO-DATE
 2:56.91 > Task :apilint:apilint:compileKotlin UP-TO-DATE
 2:56.91 > Task :apilint:apilint:compileJava NO-SOURCE
 2:56.91 > Task :apilint:apilint:copyDocletJar UP-TO-DATE
 2:56.91 > Task :apilint:apilint:pluginDescriptors UP-TO-DATE
 2:56.91 > Task :apilint:apilint:processResources UP-TO-DATE
 2:56.91 > Task :apilint:apilint:classes UP-TO-DATE
 2:56.91 > Task :apilint:apilint:jar UP-TO-DATE
 2:57.91 > Configure project :annotations
 2:58.81 > Configure project :geckoview
 2:58.81 W WARNING: The option setting 'android.experimental.enableTestFixturesKotlinSupport=true' is experimental.
 2:58.81 The current default is 'false'.
 2:58.81 GeckoView version = 153.0.20260906190000
 2:59.21 W WARNING: We recommend using a newer Android Gradle plugin to use compile SDK version 37.0
 2:59.21 This Android Gradle plugin (8.13.2) was tested up to compile SDK version 36.1.
 2:59.21 You are strongly encouraged to update your project to use a newer
 2:59.21 Android Gradle plugin that has been tested with compile SDK version 37.0.
 2:59.21 If you are already using the latest version of the Android Gradle plugin,
 2:59.21 you may need to wait until a newer version with support for compile SDK version 37.0 is available.
 2:59.21 For more information refer to the compatibility table:
 2:59.21 https://d.android.com/r/tools/api-level-support
 2:59.21 To suppress this warning, add/update
 2:59.21     android.suppressUnsupportedCompileSdk=37.0
 2:59.21 to this project's gradle.properties.
 2:59.31 > Task :verifyGleanVersion UP-TO-DATE
 2:59.31 > Task :geckoview:lwBrandStrings UP-TO-DATE
 2:59.31 > Task :geckoview:preBuild UP-TO-DATE
 2:59.31 > Task :geckoview:preDebugBuild UP-TO-DATE
 2:59.31 > Task :annotations:compileJava UP-TO-DATE
 2:59.31 > Task :annotations:processResources NO-SOURCE
 2:59.31 > Task :annotations:classes UP-TO-DATE
 2:59.31 > Task :annotations:jar UP-TO-DATE
 2:59.31 > Task :geckoview:compileDebugAidl UP-TO-DATE
 2:59.31 > Task :geckoview:checkKotlinGradlePluginConfigurationErrors SKIPPED
 2:59.31 > Task :geckoview:generateDebugBuildConfig UP-TO-DATE
 2:59.31 > Task :geckoview:generateDebugResValues UP-TO-DATE
 2:59.31 > Task :geckoview:generateDebugResources UP-TO-DATE
 2:59.31 > Task :geckoview:packageDebugResources UP-TO-DATE
 2:59.31 > Task :geckoview:processDebugNavigationResources UP-TO-DATE
 2:59.31 > Task :geckoview:parseDebugLocalResources UP-TO-DATE
 2:59.31 > Task :geckoview:generateDebugRFile UP-TO-DATE
 2:59.31 > Task :geckoview:compileDebugKotlin NO-SOURCE
 2:59.31 > Task :geckoview:javaPreCompileDebug UP-TO-DATE
 2:59.36 > Task :geckoview:compileDebugJavaWithJavac UP-TO-DATE
 2:59.36 > Task :geckoview:bundleLibRuntimeToJarDebug UP-TO-DATE
 2:59.36 > Task :geckoview:generateJNIWrappersForGeneratedDebug UP-TO-DATE
 2:59.36 > Task :geckoview:generateSDKBindings UP-TO-DATE
 2:59.36 [Incubating] Problems report is available at: file:///work/src/obj-x86_64/gradle/build/reports/problems/problems-report.html
 2:59.36 Deprecated Gradle features were used in this build, making it incompatible with Gradle 10.
 2:59.36 You can use '--warning-mode all' to show the individual deprecation warnings and determine if they come from your own scripts or plugins.
 2:59.36 For more on this, please refer to https://docs.gradle.org/9.5.1/userguide/command_line_interface.html#sec:command_line_warnings in the Gradle documentation.
 2:59.36 BUILD SUCCESSFUL in 4s
 2:59.36 40 actionable tasks: 40 up-to-date
 3:16.09 /work/src/gradlew geckoview:assembleDebug geckoview:assembleDebugAndroidTest messaging_example:assembleDebug port_messaging_example:assembleDebug geckoview:publishDebugPublicationToMavenRepository
 3:16.09 W Picked up JAVA_TOOL_OPTIONS: -Dfile.encoding=utf-8
 3:16.52 Configuration on demand is an incubating feature.
 3:16.62 > Configure project :conventions
 3:16.62 W WARNING: Unsupported Kotlin plugin version.
 3:16.62 The `embedded-kotlin` and `kotlin-dsl` plugins rely on features of Kotlin `2.3.20` that might work differently than in the requested version `2.3.21`.
 3:16.62 Using the `kotlin-dsl` plugin together with a different Kotlin version (for example, by using the Kotlin Gradle plugin (`kotlin(jvm)`)) in the same project is not recommended.
 3:16.62 See https://docs.gradle.org/9.5.1/userguide/kotlin_dsl.html#sec:kotlin-dsl_plugin for more details on how the `kotlin-dsl` plugin works (same applies to `embedded-kotlin`).
 3:16.62 It applies a certain version of the `org.jetbrains.kotlin.jvm` plugin and also add a dependency on the Kotlin Standard Library.
 3:16.62 Applying other version of the `org.jetbrains.kotlin.jvm` plugin in the build and/or adding dependencies to different versions of the Kotlin Standard Library can cause incompatibilities.
 3:16.62 See https://docs.gradle.org/9.5.1/userguide/kotlin_dsl.html#sec:kotlin
 3:16.72 > Task :dependencies:checkKotlinGradlePluginConfigurationErrors SKIPPED
 3:16.72 > Task :conventions:checkKotlinGradlePluginConfigurationErrors SKIPPED
 3:16.72 > Task :dependencies:compileKotlin UP-TO-DATE
 3:16.72 > Task :dependencies:compileJava NO-SOURCE
 3:16.72 > Task :dependencies:pluginDescriptors UP-TO-DATE
 3:16.72 > Task :dependencies:processResources UP-TO-DATE
 3:16.72 > Task :dependencies:classes UP-TO-DATE
 3:16.72 > Task :dependencies:jar UP-TO-DATE
 3:16.72 > Task :conventions:compileKotlin UP-TO-DATE
 3:16.72 > Task :conventions:compileJava NO-SOURCE
 3:16.72 > Task :conventions:pluginDescriptors UP-TO-DATE
 3:16.72 > Task :conventions:processResources UP-TO-DATE
 3:16.72 > Task :conventions:classes UP-TO-DATE
 3:16.72 > Task :conventions:jar UP-TO-DATE
 3:16.72 Local configuration: absent local.properties; proceeding as normal.
 3:16.72 SettingsPlugin> Disabled auto-publication of application-services. Enable it by settings 'autoPublish.application-services.dir' in local.properties
 3:16.72 SettingsPlugin> Disabled auto-publication of Glean. Enable it by settings 'autoPublish.glean.dir' in local.properties
 3:17.02 > Task :config:checkKotlinGradlePluginConfigurationErrors SKIPPED
 3:17.02 > Task :apksize:checkKotlinGradlePluginConfigurationErrors SKIPPED
 3:17.02 > Task :config:compileKotlin UP-TO-DATE
 3:17.02 > Task :apksize:compileKotlin UP-TO-DATE
 3:17.02 > Task :apksize:compileJava NO-SOURCE
 3:17.02 > Task :config:compileJava NO-SOURCE
 3:17.02 > Task :config:pluginDescriptors UP-TO-DATE
 3:17.02 > Task :apksize:pluginDescriptors UP-TO-DATE
 3:17.02 > Task :config:processResources UP-TO-DATE
 3:17.02 > Task :apksize:processResources UP-TO-DATE
 3:17.02 > Task :config:classes UP-TO-DATE
 3:17.02 > Task :apksize:classes UP-TO-DATE
 3:17.02 > Task :config:jar UP-TO-DATE
 3:17.02 > Task :apksize:jar UP-TO-DATE
 3:17.22 > Configure project :
 3:17.22 LW-M4-16: androidx.activity 1.13.0 >= 1.10.0 -- the --check-no-gms GMS-string exemption holds.
 3:17.32 > Task :apilint:apilint:checkKotlinGradlePluginConfigurationErrors SKIPPED
 3:17.32 > Task :apilint:apidoc-plugin:compileJava UP-TO-DATE
 3:17.32 > Task :apilint:apidoc-plugin:processResources NO-SOURCE
 3:17.32 > Task :apilint:apidoc-plugin:classes UP-TO-DATE
 3:17.32 > Task :apilint:apidoc-plugin:jar UP-TO-DATE
 3:17.32 > Task :apilint:apilint:compileKotlin UP-TO-DATE
 3:17.32 > Task :apilint:apilint:compileJava NO-SOURCE
 3:17.32 > Task :apilint:apilint:copyDocletJar UP-TO-DATE
 3:17.32 > Task :apilint:apilint:pluginDescriptors UP-TO-DATE
 3:17.32 > Task :apilint:apilint:processResources UP-TO-DATE
 3:17.32 > Task :apilint:apilint:classes UP-TO-DATE
 3:17.32 > Task :apilint:apilint:jar UP-TO-DATE
 3:17.92 > Configure project :annotations
 3:18.52 > Configure project :geckoview
 3:18.52 W WARNING: The option setting 'android.experimental.enableTestFixturesKotlinSupport=true' is experimental.
 3:18.52 The current default is 'false'.
 3:18.52 GeckoView version = 153.0.20260906190000
 3:18.72 > Configure project :messaging_example
 3:18.82 > Configure project :port_messaging_example
 3:19.12 W WARNING: We recommend using a newer Android Gradle plugin to use compile SDK version 37.0
 3:19.12 This Android Gradle plugin (8.13.2) was tested up to compile SDK version 36.1.
 3:19.12 You are strongly encouraged to update your project to use a newer
 3:19.12 Android Gradle plugin that has been tested with compile SDK version 37.0.
 3:19.12 If you are already using the latest version of the Android Gradle plugin,
 3:19.12 you may need to wait until a newer version with support for compile SDK version 37.0 is available.
 3:19.12 For more information refer to the compatibility table:
 3:19.12 https://d.android.com/r/tools/api-level-support
 3:19.12 To suppress this warning, add/update
 3:19.12     android.suppressUnsupportedCompileSdk=37.0
 3:19.12 to this project's gradle.properties.
 3:21.12 > Task :geckoview:lwBrandStrings UP-TO-DATE
 3:21.12 > Task :geckoview:preBuild UP-TO-DATE
 3:21.12 > Task :geckoview:preDebugBuild UP-TO-DATE
 3:21.22 W [lw-brand] 1 res dir(s), 3 values file(s), 0 translated entr(ies) dropped
 3:21.22 W [lw-brand] 1 res dir(s), 3 values file(s), 0 translated entr(ies) dropped
 3:21.22 > Task :port_messaging_example:lwBrandStrings
 3:21.22 > Task :port_messaging_example:preBuild
 3:21.22 > Task :port_messaging_example:preDebugBuild
 3:21.22 > Task :messaging_example:lwBrandStrings
 3:21.22 > Task :messaging_example:preBuild
 3:21.22 > Task :port_messaging_example:mergeDebugNativeDebugMetadata NO-SOURCE
 3:21.22 > Task :messaging_example:preDebugBuild
 3:21.22 > Task :geckoview:checkDebugAarMetadata
 3:21.22 > Task :port_messaging_example:checkKotlinGradlePluginConfigurationErrors SKIPPED
 3:21.22 > Task :geckoview:compileDebugAidl UP-TO-DATE
 3:21.22 > Task :port_messaging_example:generateDebugResValues
 3:21.22 > Task :messaging_example:mergeDebugNativeDebugMetadata NO-SOURCE
 3:21.22 > Task :messaging_example:checkKotlinGradlePluginConfigurationErrors SKIPPED
 3:21.22 > Task :messaging_example:generateDebugResValues
 3:21.22 > Task :port_messaging_example:generateDebugResources
 3:21.22 > Task :messaging_example:generateDebugResources
 3:21.22 > Task :messaging_example:packageDebugResources
 3:21.22 > Task :port_messaging_example:packageDebugResources
 3:21.22 > Task :messaging_example:createDebugCompatibleScreenManifests
 3:21.22 > Task :port_messaging_example:createDebugCompatibleScreenManifests
 3:21.22 > Task :port_messaging_example:extractDeepLinksDebug
 3:21.22 > Task :messaging_example:extractDeepLinksDebug
 3:21.22 > Task :messaging_example:javaPreCompileDebug
 3:21.22 > Task :port_messaging_example:javaPreCompileDebug
 3:21.32 > Task :port_messaging_example:mergeDebugShaders
 3:21.32 > Task :messaging_example:mergeDebugShaders
 3:21.32 > Task :messaging_example:compileDebugShaders NO-SOURCE
 3:21.32 > Task :messaging_example:generateDebugAssets UP-TO-DATE
 3:21.32 > Task :port_messaging_example:compileDebugShaders NO-SOURCE
 3:21.32 > Task :port_messaging_example:generateDebugAssets UP-TO-DATE
 3:21.32 > Task :messaging_example:desugarDebugFileDependencies
 3:21.32 > Task :port_messaging_example:desugarDebugFileDependencies
 3:22.12 > Task :messaging_example:mergeDebugJniLibFolders
 3:22.12 > Task :port_messaging_example:mergeDebugJniLibFolders
 3:22.12 > Task :messaging_example:checkDebugDuplicateClasses
 3:22.12 > Task :port_messaging_example:checkDebugDuplicateClasses
 3:22.52 > Task :messaging_example:validateSigningDebug
 3:22.52 > Task :port_messaging_example:validateSigningDebug
 3:22.82 > Task :geckoview:mergeDebugJniLibFolders
 3:23.22 > Task :geckoview:checkKotlinGradlePluginConfigurationErrors SKIPPED
 3:23.32 > Task :geckoview:generateDebugBuildConfig UP-TO-DATE
 3:23.32 > Task :geckoview:generateDebugResValues UP-TO-DATE
 3:23.32 > Task :geckoview:generateDebugResources UP-TO-DATE
 3:23.92 > Task :geckoview:mergeDebugNativeLibs
 3:23.92 > Task :geckoview:packageDebugResources UP-TO-DATE
 3:23.92 > Task :geckoview:processDebugNavigationResources UP-TO-DATE
 3:23.92 > Task :geckoview:parseDebugLocalResources UP-TO-DATE
 3:23.92 > Task :geckoview:generateDebugRFile UP-TO-DATE
 3:23.92 > Task :geckoview:compileDebugKotlin NO-SOURCE
 3:26.82 > Task :geckoview:extractDebugAnnotations
 3:26.82 > Task :geckoview:extractDeepLinksForAarDebug
 3:27.22 > Task :geckoview:mergeDebugShaders
 3:27.22 > Task :geckoview:compileDebugShaders NO-SOURCE
 3:27.22 > Task :geckoview:generateDebugAssets UP-TO-DATE
 3:27.22 > Task :geckoview:mergeDebugAssets
 3:27.22 > Task :geckoview:javaPreCompileDebug UP-TO-DATE
 3:27.22 > Task :geckoview:compileDebugJavaWithJavac UP-TO-DATE
 3:27.22 > Task :geckoview:mergeDebugGeneratedProguardFiles
 3:27.22 > Task :geckoview:mergeDebugConsumerProguardFiles
 3:27.32 > Task :geckoview:prepareDebugArtProfile
 3:27.32 > Task :geckoview:prepareLintJarForPublish
 3:27.32 > Task :geckoview:processDebugJavaRes NO-SOURCE
 3:27.32 > Task :geckoview:mergeDebugJavaResource
 3:27.62 > Task :geckoview:processDebugManifest
 3:27.62 > Task :geckoview:syncDebugLibJars
 3:27.62 > Task :geckoview:writeDebugAarMetadata
 3:27.62 > Task :geckoview:bundleLibRuntimeToJarDebug UP-TO-DATE
 3:27.62 > Task :geckoview:preDebugAndroidTestBuild UP-TO-DATE
 3:27.62 > Task :geckoview:compileDebugAndroidTestAidl NO-SOURCE
 3:27.62 > Task :geckoview:extractDeepLinksDebug
 3:28.62 > Task :geckoview:processDebugAndroidTestManifest
 3:28.62 > Task :geckoview:generateDebugAndroidTestBuildConfig
 3:28.62 > Task :geckoview:checkDebugAndroidTestAarMetadata
 3:28.62 > Task :geckoview:processDebugAndroidTestNavigationResources
 3:28.72 > Task :geckoview:bundleLibCompileToJarDebug
 3:30.62 > Task :geckoview:compileDebugAndroidTestNavigationResources
 3:30.62 > Task :geckoview:generateDebugAndroidTestResValues
 3:30.72 > Task :geckoview:compileDebugLibraryResources
 3:31.32 > Task :geckoview:stripDebugDebugSymbols
 3:31.32 > Task :geckoview:mapDebugAndroidTestSourceSetPaths
 3:31.32 > Task :geckoview:generateDebugAndroidTestResources
 3:31.52 > Task :geckoview:javaPreCompileDebugAndroidTest
 3:31.52 > Task :geckoview:mergeDebugAndroidTestShaders
 3:31.52 > Task :geckoview:compileDebugAndroidTestShaders NO-SOURCE
 3:31.52 > Task :geckoview:generateDebugAndroidTestAssets UP-TO-DATE
 3:31.72 > Task :geckoview:mergeDebugAndroidTestResources
 3:31.72 > Task :geckoview:mergeDebugAndroidTestAssets
 3:32.42 > Task :geckoview:copyDebugJniLibsProjectAndLocalJars
 3:32.72 > Task :messaging_example:checkDebugAarMetadata
 3:32.72 > Task :port_messaging_example:checkDebugAarMetadata
 3:32.72 > Task :geckoview:processDebugAndroidTestResources
 3:32.82 > Task :port_messaging_example:processDebugNavigationResources
 3:32.82 > Task :messaging_example:processDebugNavigationResources
 3:32.82 > Task :messaging_example:compileDebugNavigationResources
 3:32.82 > Task :port_messaging_example:compileDebugNavigationResources
 3:32.82 > Task :port_messaging_example:mapDebugSourceSetPaths
 3:32.82 > Task :messaging_example:mapDebugSourceSetPaths
 3:33.32 > Task :messaging_example:parseDebugLocalResources
 3:33.42 > Task :messaging_example:processDebugMainManifest
 3:33.42 > Task :port_messaging_example:parseDebugLocalResources
 3:33.42 > Task :messaging_example:processDebugManifest
 3:33.42 > Task :port_messaging_example:mergeDebugResources
 3:33.42 > Task :port_messaging_example:processDebugMainManifest
 3:33.42 > Task :port_messaging_example:processDebugManifest
 3:33.42 > Task :messaging_example:mergeDebugResources
 3:33.42 > Task :port_messaging_example:mergeDebugAssets
 3:33.42 > Task :messaging_example:mergeDebugAssets
 3:33.42 > Task :port_messaging_example:processDebugManifestForPackage
 3:33.52 > Task :messaging_example:writeDebugAppMetadata
 3:33.52 > Task :port_messaging_example:compressDebugAssets
 3:33.52 > Task :messaging_example:compressDebugAssets
 3:33.52 > Task :messaging_example:writeDebugSigningConfigVersions
 3:33.52 > Task :messaging_example:processDebugManifestForPackage
 3:33.72 > Task :port_messaging_example:writeDebugAppMetadata
 3:33.72 > Task :port_messaging_example:writeDebugSigningConfigVersions
 3:34.02 > Task :port_messaging_example:processDebugResources
 3:34.02 > Task :messaging_example:processDebugResources
 3:34.02 > Task :port_messaging_example:compileDebugKotlin NO-SOURCE
 3:34.02 > Task :messaging_example:compileDebugKotlin NO-SOURCE
 3:34.52 > Task :port_messaging_example:compileDebugJavaWithJavac
 3:34.52 > Task :messaging_example:compileDebugJavaWithJavac
 3:34.62 > Task :messaging_example:mergeExtDexDebug
 3:34.62 > Task :messaging_example:dexBuilderDebug
 3:34.62 > Task :port_messaging_example:dexBuilderDebug
 3:34.62 > Task :port_messaging_example:mergeExtDexDebug
 3:34.62 > Task :messaging_example:processDebugJavaRes NO-SOURCE
 3:34.72 > Task :port_messaging_example:processDebugJavaRes NO-SOURCE
 3:34.72 > Task :port_messaging_example:mergeDebugGlobalSynthetics
 3:34.72 > Task :messaging_example:mergeDebugGlobalSynthetics
 3:34.92 > Task :port_messaging_example:mergeProjectDexDebug
 3:34.92 > Task :messaging_example:mergeProjectDexDebug
 3:35.22 > Task :port_messaging_example:mergeDebugJavaResource
 3:35.22 > Task :messaging_example:mergeDebugJavaResource
 3:48.32 > Task :geckoview:bundleDebugAar
 3:48.32 > Task :geckoview:assembleDebug
 3:50.12 > Task :geckoview:desugarDebugAndroidTestFileDependencies
 3:50.12 > Task :geckoview:checkDebugAndroidTestDuplicateClasses
 3:50.12 > Task :geckoview:mergeDebugAndroidTestJniLibFolders
 3:50.52 > Task :geckoview:bundleLibRuntimeToDirDebug
 3:50.52 > Task :geckoview:compressDebugAndroidTestAssets
 3:51.22 > Task :geckoview:copyDebugJniLibsProjectOnly
 3:53.22 > Task :messaging_example:mergeDebugNativeLibs
 3:53.98 > Task :geckoview:validateSigningDebugAndroidTest
 3:53.98 > Task :port_messaging_example:mergeDebugNativeLibs
 3:53.98 > Task :geckoview:mergeDebugAndroidTestNativeLibs
 3:54.02 > Task :geckoview:writeDebugAndroidTestSigningConfigVersions
 3:54.02 > Task :geckoview:mergeExtDexDebugAndroidTest
 3:54.72 > Task :messaging_example:stripDebugDebugSymbols
 3:55.93 > Task :geckoview:stripDebugAndroidTestDebugSymbols
 3:56.12 > Task :messaging_example:mergeLibDexDebug
 3:56.12 > Task :port_messaging_example:mergeLibDexDebug
 3:56.72 > Task :port_messaging_example:stripDebugDebugSymbols
 3:57.82 > Task :geckoview:generateMetadataFileForDebugPublication
 3:57.92 > Task :geckoview:mergeLibDexDebugAndroidTest
 3:58.02 > Task :geckoview:generatePomFileForDebugPublication
 3:58.03 Maven publication 'debug' pom metadata warnings (silence with 'suppressPomMetadataWarningsFor(variant)'):
 3:58.03   - Variant debugVariantDebugApiPublication:
 3:58.03       - Declares capability org.mozilla.telemetry:glean-native:67.3.2 which cannot be mapped to Maven
 3:58.03       - Declares capability org.mozilla.geckoview:geckoview-default-omni:67.3.2 which cannot be mapped to Maven
 3:58.03   - Variant debugVariantDebugRuntimePublication:
 3:58.03       - Declares capability org.mozilla.geckoview:geckoview:67.3.2 which cannot be mapped to Maven
 3:58.03       - Declares capability org.mozilla.telemetry:glean-native:67.3.2 which cannot be mapped to Maven
 3:58.03       - Declares capability org.mozilla.geckoview:geckoview-default-omni:67.3.2 which cannot be mapped to Maven
 3:58.03 These issues indicate information that is lost in the published 'pom' metadata file, which may be an issue if the published library is consumed by an old Gradle version or Apache Maven.
 3:58.03 The 'module' metadata file, which is used by Gradle 6+ is not affected.
 3:58.82 > Task :messaging_example:packageDebug
 3:59.12 > Task :port_messaging_example:packageDebug
 3:59.12 > Task :messaging_example:createDebugApkListingFileRedirect
 3:59.12 > Task :port_messaging_example:createDebugApkListingFileRedirect
 3:59.12 > Task :messaging_example:assembleDebug
 3:59.12 > Task :port_messaging_example:assembleDebug
 4:00.02 > Task :geckoview:javadocDebug
 4:00.02 W Picked up JAVA_TOOL_OPTIONS: -Dfile.encoding=utf-8
 4:05.02 > Task :geckoview:javadocJarDebug
 4:05.12 > Task :geckoview:sourcesJarDebug
 4:06.12 > Task :geckoview:publishDebugPublicationToMavenRepository
 4:08.72 > Task :geckoview:compileDebugAndroidTestKotlin
 4:09.42 > Task :geckoview:compileDebugAndroidTestJavaWithJavac
 4:09.42 W Note: Some input files use or override a deprecated API.
 4:09.42 W Note: Recompile with -Xlint:deprecation for details.
 4:09.82 > Task :geckoview:dexBuilderDebugAndroidTest
 4:09.82 > Task :geckoview:mergeDebugAndroidTestGlobalSynthetics
 4:09.82 > Task :geckoview:processDebugAndroidTestJavaRes
 4:10.02 > Task :geckoview:mergeProjectDexDebugAndroidTest
 4:10.02 > Task :geckoview:mergeDebugAndroidTestJavaResource
 4:11.22 > Task :geckoview:packageDebugAndroidTest
 4:11.22 > Task :geckoview:createDebugAndroidTestApkListingFileRedirect
 4:11.22 > Task :geckoview:assembleDebugAndroidTest
 4:11.26 [Incubating] Problems report is available at: file:///work/src/obj-x86_64/gradle/build/reports/problems/problems-report.html
 4:11.26 Deprecated Gradle features were used in this build, making it incompatible with Gradle 10.
 4:11.26 You can use '--warning-mode all' to show the individual deprecation warnings and determine if they come from your own scripts or plugins.
 4:11.26 For more on this, please refer to https://docs.gradle.org/9.5.1/userguide/command_line_interface.html#sec:command_line_warnings in the Gradle documentation.
 4:11.26 BUILD SUCCESSFUL in 55s
 4:11.26 170 actionable tasks: 135 executed, 35 up-to-date
 4:11.56 W 0 compiler warnings present.
 4:11.58 W Overall system resources - Wall time: 251s; CPU: 44%; Read bytes: 4106690560; Write bytes: 9797107712; Read time: 42594; Write time: 861472
 4:11.58 W Swap in/out (MB): 0.0/0.04296875
 4:11.58 To view a profile of the build, run |mach resource-usage|.
 4:11.58 Your build was successful!
 4:11.58 For more information on what to do now, see https://firefox-source-docs.mozilla.org/setup/contributing_code.html
Streaming resource usage profile to: /work/src/obj-x86_64/.mozbuild/logs/build/profile_log_20260908_204018.json
