sha256            685f78454324a4672c0d9a80bf315fdd3089d596cd4be188ea9f8ab41b41a6fe
== 2/3 signing with the upload key (jarsigner asks for the passphrase)
Enter Passphrase for keystore: jar signed.

Warning: 
The signer's certificate is self-signed.
== 3/3 verifying the signed bundle
package           org.redoubtbrowser
versionCode       2016188391
versionName       158.0-1-default
minSdkVersion     26
targetSdkVersion  37
abis              x86_64
signature         1e7f290a39496a2f757637435621d21124af0466dd839958c215d8e87f854c1f
update check      not checked
sha256            e3798bdcd8f1a09d89882b77844dac215f01af6c44b2e2c3ee278aca02f9ee31
payload: 3285 entries identical to the unsigned bundle
e3798bdcd8f1a09d89882b77844dac215f01af6c44b2e2c3ee278aca02f9ee31  fenix-release.aab

Signed with the registered upload key; payload identical to the CI bundle.
Upload fenix-release.aab in Play Console (Test and release > the track > Create
new release). Google re-signs the APKs it serves with the app signing key it holds.
