10-02 10:47:00.619 23336 23336 I LogMiddleware - AppStore: org.mozilla.fenix.components.appstate.AppAction$BrowsingModeManagerModeChanged
10-02 10:47:05.019 23750 23750 D AndroidRuntime: Calling main entry com.android.commands.input.Input
10-02 10:47:06.959 23336 23336 I LogMiddleware - AppStore: org.mozilla.fenix.components.appstate.AppAction$BrowsingModeManagerModeChanged
10-02 10:47:07.004 23336 23336 I DEFC    : set feature frag=111503128 act=149360531 store=19481165 tab=021e5363-e2be-4642-921c-356ac099e18d
10-02 10:47:07.026 23336 23336 I DEFC    : feature start 205027442
10-02 10:47:07.184 23336 23336 I DEFC    : quiet frag=111503128 act=149360531 added=true attached=true tab=021e5363-e2be-4642-921c-356ac099e18d
10-02 10:47:07.193 23336 23336 I DEFC    : quiet frag=111503128 act=149360531 added=true attached=true tab=021e5363-e2be-4642-921c-356ac099e18d
10-02 10:47:07.243 23336 23336 I LogMiddleware - AppStore: org.mozilla.fenix.components.appstate.AppAction$BrowsingModeManagerModeChanged
10-02 10:47:09.373 23820 23820 D AndroidRuntime: Calling main entry com.android.commands.input.Input
10-02 10:47:09.388 23336 23336 I DEFC    : review frag=111503128 added=true detached=false removing=false act=149360531 tabFound=true storeHash=19481165 compStore=19481165
10-02 10:47:09.388 23336 23336 I DEFC    : review fm=209476440 saved=false destroyed=false tagged=null
10-02 10:47:09.388 23336 23336 I DEFC    : show fm=209476440 saved=false tagged=null tab=021e5363-e2be-4642-921c-356ac099e18d private=false
10-02 10:47:09.397 23336 23336 I DEFC    : dialog onStart
10-02 10:47:09.398 23336 23336 I DEFC    : lock private=false locked=false
10-02 10:47:12.844 23885 23885 D AndroidRuntime: Calling main entry com.android.commands.input.Input
10-02 10:47:12.860 23336 23336 I DEFC    : dialog onDismiss
10-02 10:47:15.789 23925 23925 D AndroidRuntime: Calling main entry com.android.commands.input.Input
10-02 10:47:18.496 23966 23966 D AndroidRuntime: Calling main entry com.android.commands.input.Input
10-02 10:47:18.499 23336 23336 I LogMiddleware - AppStore: org.mozilla.fenix.components.appstate.AppAction$BrowsingModeManagerModeChanged
10-02 10:47:18.511 23336 23336 I DEFC    : feature stop 205027442
10-02 10:47:18.552 23336 23336 I LogMiddleware - AppStore: org.mozilla.fenix.components.appstate.AppAction$BrowsingModeManagerModeChanged
10-02 10:47:21.973 24052 24052 D AndroidRuntime: Calling main entry com.android.commands.input.Input
10-02 10:47:23.247 24070 24070 D AndroidRuntime: Calling main entry com.android.commands.input.Input
10-02 10:47:24.458 24093 24093 D AndroidRuntime: Calling main entry com.android.commands.input.Input
10-02 10:47:24.472 23336 23336 I DEFC    : set feature frag=237321295 act=8005615 store=19481165 tab=da7e97f2-cd6a-482c-bd60-9717d7a5c6cc
10-02 10:47:24.485 23336 23336 I DEFC    : feature start 110901094
10-02 10:47:24.676 23336 23336 I LogMiddleware - AppStore: org.mozilla.fenix.components.appstate.AppAction$BrowsingModeManagerModeChanged
10-02 10:47:24.702 23336 23336 I DEFC    : quiet frag=237321295 act=8005615 added=true attached=true tab=da7e97f2-cd6a-482c-bd60-9717d7a5c6cc
10-02 10:47:24.704 23336 23336 I DEFC    : quiet frag=237321295 act=8005615 added=true attached=true tab=da7e97f2-cd6a-482c-bd60-9717d7a5c6cc
10-02 10:47:26.790 24137 24137 D AndroidRuntime: Calling main entry com.android.commands.input.Input
10-02 10:47:26.792   539 11321 E VibratorService: Ignoring incoming vibration as process with uid= 10106 is background, attrs= VibrationAttributes: Usage=TOUCH Flags=0
10-02 10:47:36.991 24286 24286 D AndroidRuntime: Calling main entry com.android.commands.input.Input
