[graphics] PASS acknowledged-ui-choice
[graphics] PASS webgl-dom-protected
[graphics] PASS webgl2-dom-protected
[graphics] PASS canvas-dom-protected
[graphics] PASS webgl-offscreen-protected
[graphics] PASS webgl2-offscreen-protected
[graphics] PASS canvas-offscreen-protected
[graphics] PASS webgl-worker-protected
[graphics] PASS webgl2-worker-protected
[graphics] PASS canvas-worker-protected
[graphics] PASS webgl-nested-worker-protected
[graphics] PASS webgl2-nested-worker-protected
[graphics] PASS canvas-nested-worker-protected
[graphics] PASS webgl-transferred-worker-protected
[graphics] PASS webgl2-transferred-worker-protected
[graphics] PASS canvas-transferred-worker-protected
[graphics] PASS core-real-ui-consent-and-revoke
[graphics] PASS ui-webgl-allow-session
[graphics] PASS acknowledged-ui-choice
[graphics] PASS canvas-dom-protected
[graphics] PASS ui-canvas-allow-session
[graphics] PASS acknowledged-ui-choice
[graphics] PASS webgl-dom-allowed
[graphics] PASS webgl2-dom-allowed
[graphics] PASS canvas-dom-allowed
[graphics] PASS actual-process-restart
[graphics] PASS webgl-dom-protected
[graphics] PASS webgl2-dom-protected
[graphics] PASS canvas-dom-protected
[graphics] PASS session-exceptions-expire-on-process-restart
