[smoke] apk=/home/mgysin/redoubt-artifacts/beta-158.0-1-b1/apk/fenix-x86_64-158.0-1-beta1-throwaway.apk
[smoke] package=org.redoubtbrowser
[smoke] check-no-gms           PASS  no com.google.android.gms strings in any classes*.dex, no GMS class references and no gms entries in the apk
[smoke] check-no-adjust        PASS  no Adjust or INSTALL_REFERRER strings in any classes*.dex
[smoke] using device emulator-5582
[smoke] installing fenix-x86_64-158.0-1-beta1-throwaway.apk (137 MB)
[smoke] display kept awake for this run (mWakefulness=Awake)
[smoke] origin: http://10.0.2.2:43691/ and https://10.0.2.2:60687/
[smoke] org.redoubtbrowser is not debuggable; opened GeckoView's debug config via Settings.Global.DEBUG_APP (am set-debug-app)
[smoke] under test: Redoubt 158.0b4-1 buildID=20261007050000
[smoke] https-only-interstitial PASS  HTTP must reach the HTTPS-only interstitial before the user grants an exception
[smoke] page-load-http         PASS  http://10.0.2.2:43691/?https-only-98039c59a03e98cb ready=complete secure=False marker='lw-smoke-page-ok', origin logged 4 request(s)
[smoke] page-load-https        PASS  https://10.0.2.2:60687/ ready=complete secure=True marker='lw-smoke-page-ok', origin logged 7 request(s)
[smoke] running full graphics consent, rendering and lifetime acceptance
[smoke] webgl                  PASS  Real release UI consent, pixels, revoke, lifetimes and frame isolation passed
[smoke] org.redoubtbrowser is not debuggable; opened GeckoView's debug config via Settings.Global.DEBUG_APP (am set-debug-app)
[smoke] video                  PASS  decoded 13 frames, currentTime=0.455 readyState=4 64x64, origin served the file 1 time(s)
[smoke] video-h264             PASS  decoded 13 frames, currentTime=0.455 readyState=4 64x64, origin served the file 1 time(s)
[smoke] video-mse              PASS  isTypeSupported(video/mp4; codecs="avc1.42E01E,mp4a.40.2")=true, appended 11963 bytes, decoded 12 frames, currentTime=0.402 readyState=4 64x64
[smoke] getusermedia           PASS  prompt(s) raised ['com.android.permissioncontroller:id/permission_deny_button'], harness tapped deny 2 time(s), getUserMedia rejected with NotAllowedError in 4684ms
[smoke] extension              PASS  installed smoke-probe@librewolf.invalid and its content script ran on a real page (marker='alive-webext'); 7 extensions active
[smoke] pref dump: 58 curated prefs -> /home/mgysin/redoubt-artifacts/beta-158.0-1-b1/work30/prefs.txt ; 4253 total prefs -> /home/mgysin/redoubt-artifacts/beta-158.0-1-b1/work30/prefs-all.json
[smoke] pref-dump              PASS  written to /home/mgysin/redoubt-artifacts/beta-158.0-1-b1/work30/prefs.txt (58 prefs; librewolf.webgl.prompt=True)
[smoke] ------------------------------------------------------------
[smoke] 12 check(s) run, 0 failed. Detail: /home/mgysin/redoubt-artifacts/beta-158.0-1-b1/runs30/static-no-gms-no-adjust/static-no-gms-no-adjust.json
