[smoke] apk=/home/mgysin/redoubt-artifacts/release-157.0-3/apk/fenix-x86_64-157.0-3-throwaway.apk
[smoke] package=org.redoubtbrowser
[smoke] using device emulator-5582
[smoke] installing fenix-x86_64-157.0-3-throwaway.apk (135 MB)
[smoke] display kept awake for this run (mWakefulness=Awake)
[smoke] origin: http://10.0.2.2:53921/ and https://10.0.2.2:53525/
[smoke] org.redoubtbrowser is not debuggable; opened GeckoView's debug config via Settings.Global.DEBUG_APP (am set-debug-app)
[smoke] ubo-first-navigation   PASS  bundled-list script blocked; allowed script must execute and reach the origin
[smoke] ubo-preinstalled-signature PASS  the pinned ordinary AMO-signed add-on must be active on first navigation
[smoke] ubo-disabled-control   PASS  bundled-list script allowed with uBO disabled or absent; allowed script must execute and reach the origin
[smoke] ubo-disabled-control-state PASS  the installed add-on retains its disabled state
[smoke] org.redoubtbrowser is not debuggable; opened GeckoView's debug config via Settings.Global.DEBUG_APP (am set-debug-app)
[smoke] ubo-disabled-restart   PASS  bundled-list script allowed with uBO disabled or absent; allowed script must execute and reach the origin
[smoke] ubo-disabled-restart-state PASS  the installed add-on retains its disabled state
[smoke] org.redoubtbrowser is not debuggable; opened GeckoView's debug config via Settings.Global.DEBUG_APP (am set-debug-app)
[smoke] ubo-removed-restart    PASS  bundled-list script allowed with uBO disabled or absent; allowed script must execute and reach the origin
[smoke] ubo-removed-restart-state PASS  a removed add-on stays absent
[smoke] installing fenix-x86_64-157.0-3-throwaway.apk (135 MB)
[smoke] org.redoubtbrowser is not debuggable; opened GeckoView's debug config via Settings.Global.DEBUG_APP (am set-debug-app)
[smoke] ubo-removed-apk-reinstall PASS  bundled-list script allowed with uBO disabled or absent; allowed script must execute and reach the origin
[smoke] ubo-removed-apk-reinstall-state PASS  a removed add-on stays absent
[smoke] ------------------------------------------------------------
[smoke] 10 check(s) run, 0 failed. Detail: /home/mgysin/redoubt-artifacts/release-157.0-3/runs/check-ubo-lifecycle/check-ubo-lifecycle.json
