[smoke] apk=/home/mgysin/redoubt-artifacts/esr-153.4/build/rc2/runtime/apk/rc2/fenix-x86_64-release-throwaway.apk
[smoke] package=org.redoubtbrowser
[smoke] using device emulator-5584
[smoke] installing fenix-x86_64-release-throwaway.apk (133 MB)
[smoke] display kept awake for this run (mWakefulness=Awake)
[smoke] origin: http://10.0.2.2:39833/ and https://10.0.2.2:58465/
[smoke] org.redoubtbrowser is not debuggable; opened GeckoView's debug config via Settings.Global.DEBUG_APP (am set-debug-app)
[smoke] under test: Redoubt 153.4.0esr-1 buildID=20261002044800
[smoke] https-only-interstitial PASS  HTTP must reach the HTTPS-only interstitial before the user grants an exception
[smoke] page-load-http         PASS  http://10.0.2.2:39833/?https-only-258cac870e333c99 ready=complete secure=False marker='lw-smoke-page-ok', origin logged 3 request(s)
[smoke] page-load-https        PASS  https://10.0.2.2:58465/ ready=complete secure=True marker='lw-smoke-page-ok', origin logged 5 request(s)
[smoke] running full graphics consent, rendering and lifetime acceptance
[smoke] webgl                  FAIL  Visible Fenix control did not appear: {'rid': 'origin_permissions_dialog_list'}
[smoke] org.redoubtbrowser is not debuggable; opened GeckoView's debug config via Settings.Global.DEBUG_APP (am set-debug-app)
[smoke] video                  PASS  decoded 13 frames, currentTime=0.456 readyState=4 64x64, origin served the file 1 time(s)
[smoke] getusermedia           PASS  prompt(s) raised ['com.android.permissioncontroller:id/permission_deny_button'], harness tapped deny 2 time(s), getUserMedia rejected with NotAllowedError in 4583ms
[smoke] extension              PASS  installed smoke-probe@librewolf.invalid and its content script ran on a real page (marker='alive-webext'); 7 extensions active
[smoke] pref dump: 58 curated prefs -> /home/mgysin/redoubt-artifacts/esr-153.4/build/rc2/runtime/work/prefs.txt ; 4170 total prefs -> /home/mgysin/redoubt-artifacts/esr-153.4/build/rc2/runtime/work/prefs-all.json
[smoke] pref-dump              PASS  written to /home/mgysin/redoubt-artifacts/esr-153.4/build/rc2/runtime/work/prefs.txt (58 prefs; librewolf.webgl.prompt=True)
[smoke] ------------------------------------------------------------
[smoke] 8 check(s) run, 1 failed. Detail: /home/mgysin/redoubt-artifacts/esr-153.4/build/rc2/runtime/runs/DIAG-baseline-tabmenu-desc/DIAG-baseline-tabmenu-desc.json
[smoke]   FAILED webgl                Visible Fenix control did not appear: {'rid': 'origin_permissions_dialog_list'}
