serial=emulator-5584
Serving...
All files should be loaded. Notifying the device.
Performing Incremental Install
Success
Install command complete in 1242 ms
08:10:59 update-check live exit=0
08:12:52 update-check local exit=0
08:13:23 pref-audit exit=0
08:17:25 store-installer exit=0
Serving...
All files should be loaded. Notifying the device.
Performing Incremental Install
Success
Install command complete in 1515 ms
08:18:02 process-labels exit=0
08:21:22 autofill exit=0
08:24:12 upgrade A exit=0
08:25:56 upgrade B exit=0
08:27:00 upgrade C exit=0
BATCH3 DONE
