########## fixture-clean.apk
[smoke] apk=docs/android/evidence/lw-m4-12/fixture-clean.apk
[smoke] package=org.redoubtbrowser.fixture
[smoke] check-strings          PASS  resource table (2 text rows): unexplained: 0  allowed(url-keep): 0  internal(value==name): 0; running-app traversal: NOT RUN (no device -- pass --emulator or --serial). This run covers the compiled resource surface ONLY; text the app renders from anywhere other than a string resource is not covered by it
[smoke] ------------------------------------------------------------
[smoke] 1 check(s) run, 0 failed. Detail: /home/mgysin/.cache/librewolf-android-smoke/result.json
rc=0
########## fixture-branded.apk
[smoke] apk=docs/android/evidence/lw-m4-12/fixture-branded.apk
[smoke] package=org.redoubtbrowser.fixture
[smoke] check-strings          FAIL  the aapt2 gate found unexplained Firefox/Mozilla brand value(s) in the built APK's resource table ([lw-brand check-apk] unexplained: 2  allowed(url-keep): 0  internal(value==name): 0) -- owned by LW-M4-12
[smoke] ------------------------------------------------------------
[smoke] 1 check(s) run, 1 failed. Detail: /home/mgysin/.cache/librewolf-android-smoke/result.json
[smoke]   FAILED check-strings        the aapt2 gate found unexplained Firefox/Mozilla brand value(s) in the built APK's resource table ([lw-brand check-apk] unexplained: 2  allowed(url-keep): 0  internal(value==name): 0) -- owned by LW-M4-12
rc=1
########## the real debug APK, for contrast
[smoke] apk=/home/mgysin/lw-m4-16-debug-apk/apk/fenix-x86_64-debug.apk
[smoke] package=org.redoubtbrowser.debug
[smoke] check-strings          PASS  resource table (247547 text rows): unexplained: 0  allowed(url-keep): 300  internal(value==name): 3; running-app traversal: NOT RUN (no device -- pass --emulator or --serial). This run covers the compiled resource surface ONLY; text the app renders from anywhere other than a string resource is not covered by it
[smoke] ------------------------------------------------------------
[smoke] 1 check(s) run, 0 failed. Detail: /home/mgysin/.cache/librewolf-android-smoke/result.json
rc=0
