=== TEST1: CC enabled (default) ===
Picked up JAVA_TOOL_OPTIONS: -Dfile.encoding=utf-8
Starting a Gradle Daemon, 5 busy and 1 incompatible and 6 stopped Daemons could not be reused, use --status for details
Configuration on demand is an incubating feature.
Calculating task graph as no cached configuration is available for tasks: fenix:generateSafeArgsRelease

> Configure project :conventions
WARNING: Unsupported Kotlin plugin version.
The `embedded-kotlin` and `kotlin-dsl` plugins rely on features of Kotlin `2.3.20` that might work differently than in the requested version `2.3.21`.
Using the `kotlin-dsl` plugin together with a different Kotlin version (for example, by using the Kotlin Gradle plugin (`kotlin(jvm)`)) in the same project is not recommended.

See https://docs.gradle.org/9.5.1/userguide/kotlin_dsl.html#sec:kotlin-dsl_plugin for more details on how the `kotlin-dsl` plugin works (same applies to `embedded-kotlin`).
It applies a certain version of the `org.jetbrains.kotlin.jvm` plugin and also add a dependency on the Kotlin Standard Library.

Applying other version of the `org.jetbrains.kotlin.jvm` plugin in the build and/or adding dependencies to different versions of the Kotlin Standard Library can cause incompatibilities.
See https://docs.gradle.org/9.5.1/userguide/kotlin_dsl.html#sec:kotlin
w: ⚠️ Usage of Internal Kotlin Gradle Plugin Properties Detected
ATTENTION! This build uses the following Kotlin Gradle Plugin properties:

kotlin.internal.collectFUSMetrics

Internal properties are not recommended for production use.
Stability and future compatibility of the build is not guaranteed.
Solution: Please consider using the public API instead of internal properties.


> Configure project :config
w: ⚠️ Usage of Internal Kotlin Gradle Plugin Properties Detected
ATTENTION! This build uses the following Kotlin Gradle Plugin properties:

kotlin.internal.collectFUSMetrics

Internal properties are not recommended for production use.
Stability and future compatibility of the build is not guaranteed.
Solution: Please consider using the public API instead of internal properties.


> Configure project :dependencies
w: ⚠️ Usage of Internal Kotlin Gradle Plugin Properties Detected
ATTENTION! This build uses the following Kotlin Gradle Plugin properties:

kotlin.internal.collectFUSMetrics

Internal properties are not recommended for production use.
Stability and future compatibility of the build is not guaranteed.
Solution: Please consider using the public API instead of internal properties.


> Task :conventions:checkKotlinGradlePluginConfigurationErrors SKIPPED
> Task :dependencies:checkKotlinGradlePluginConfigurationErrors SKIPPED
> Task :dependencies:compileKotlin UP-TO-DATE
> Task :conventions:compileKotlin UP-TO-DATE
> Task :conventions:compileJava NO-SOURCE
> Task :dependencies:compileJava NO-SOURCE
> Task :dependencies:pluginDescriptors UP-TO-DATE
> Task :conventions:pluginDescriptors UP-TO-DATE
> Task :dependencies:processResources UP-TO-DATE
> Task :conventions:processResources UP-TO-DATE
> Task :dependencies:classes UP-TO-DATE
> Task :conventions:classes UP-TO-DATE
> Task :dependencies:jar UP-TO-DATE
> Task :conventions:jar UP-TO-DATE
Local configuration: absent local.properties; proceeding as normal.
SettingsPlugin> Disabled auto-publication of application-services. Enable it by settings 'autoPublish.application-services.dir' in local.properties
SettingsPlugin> Disabled auto-publication of Glean. Enable it by settings 'autoPublish.glean.dir' in local.properties

> Configure project :publicsuffixlist
w: ⚠️ Usage of Internal Kotlin Gradle Plugin Properties Detected
ATTENTION! This build uses the following Kotlin Gradle Plugin properties:

kotlin.internal.collectFUSMetrics

Internal properties are not recommended for production use.
Stability and future compatibility of the build is not guaranteed.
Solution: Please consider using the public API instead of internal properties.


> Configure project :apksize
w: ⚠️ Usage of Internal Kotlin Gradle Plugin Properties Detected
ATTENTION! This build uses the following Kotlin Gradle Plugin properties:

kotlin.internal.collectFUSMetrics

Internal properties are not recommended for production use.
Stability and future compatibility of the build is not guaranteed.
Solution: Please consider using the public API instead of internal properties.


> Configure project :apilint:apilint
w: ⚠️ Usage of Internal Kotlin Gradle Plugin Properties Detected
ATTENTION! This build uses the following Kotlin Gradle Plugin properties:

kotlin.internal.collectFUSMetrics

Internal properties are not recommended for production use.
Stability and future compatibility of the build is not guaranteed.
Solution: Please consider using the public API instead of internal properties.


> Configure project :nimbus-gradle-plugin
w: ⚠️ Usage of Internal Kotlin Gradle Plugin Properties Detected
ATTENTION! This build uses the following Kotlin Gradle Plugin properties:

kotlin.internal.collectFUSMetrics

Internal properties are not recommended for production use.
Stability and future compatibility of the build is not guaranteed.
Solution: Please consider using the public API instead of internal properties.


> Task :apksize:checkKotlinGradlePluginConfigurationErrors SKIPPED
> Task :config:checkKotlinGradlePluginConfigurationErrors SKIPPED
> Task :config:compileKotlin UP-TO-DATE
> Task :config:compileJava NO-SOURCE
> Task :config:pluginDescriptors UP-TO-DATE
> Task :config:processResources UP-TO-DATE
> Task :config:classes UP-TO-DATE
> Task :config:jar UP-TO-DATE
> Task :apksize:compileKotlin UP-TO-DATE
> Task :apksize:compileJava NO-SOURCE
> Task :apksize:pluginDescriptors UP-TO-DATE
> Task :apksize:processResources UP-TO-DATE
> Task :apksize:classes UP-TO-DATE
> Task :apksize:jar UP-TO-DATE
> Task :nimbus-gradle-plugin:checkKotlinGradlePluginConfigurationErrors SKIPPED
> Task :nimbus-gradle-plugin:compileKotlin UP-TO-DATE
> Task :nimbus-gradle-plugin:compileJava NO-SOURCE
> Task :nimbus-gradle-plugin:pluginDescriptors UP-TO-DATE
> Task :nimbus-gradle-plugin:processResources UP-TO-DATE
> Task :nimbus-gradle-plugin:classes UP-TO-DATE
> Task :nimbus-gradle-plugin:jar UP-TO-DATE

> Configure project :fenix
WARNING: The option setting 'android.experimental.enableTestFixturesKotlinSupport=true' is experimental.
The current default is 'false'.
WARNING: DSL element 'isRenderscriptDebuggable' is obsolete and should be removed.
It will be removed in version 9.0 of the Android Gradle plugin.
WARNING: DSL element 'isRenderscriptDebuggable' is obsolete and should be removed.
It will be removed in version 9.0 of the Android Gradle plugin.
WARNING: DSL element 'isRenderscriptDebuggable' is obsolete and should be removed.
It will be removed in version 9.0 of the Android Gradle plugin.
WARNING: DSL element 'isRenderscriptDebuggable' is obsolete and should be removed.
It will be removed in version 9.0 of the Android Gradle plugin.
WARNING: DSL element 'isRenderscriptDebuggable' is obsolete and should be removed.
It will be removed in version 9.0 of the Android Gradle plugin.
WARNING: DSL element 'isRenderscriptDebuggable' is obsolete and should be removed.
It will be removed in version 9.0 of the Android Gradle plugin.
WARNING: DSL element 'isRenderscriptDebuggable' is obsolete and should be removed.
It will be removed in version 9.0 of the Android Gradle plugin.
WARNING: DSL element 'isRenderscriptDebuggable' is obsolete and should be removed.
It will be removed in version 9.0 of the Android Gradle plugin.
WARNING: DSL element 'isRenderscriptDebuggable' is obsolete and should be removed.
It will be removed in version 9.0 of the Android Gradle plugin.
WARNING: DSL element 'isRenderscriptDebuggable' is obsolete and should be removed.
It will be removed in version 9.0 of the Android Gradle plugin.
WARNING: DSL element 'isRenderscriptDebuggable' is obsolete and should be removed.
It will be removed in version 9.0 of the Android Gradle plugin.
WARNING: DSL element 'isRenderscriptDebuggable' is obsolete and should be removed.
It will be removed in version 9.0 of the Android Gradle plugin.
WARNING: DSL element 'isRenderscriptDebuggable' is obsolete and should be removed.
It will be removed in version 9.0 of the Android Gradle plugin.
WARNING: DSL element 'isRenderscriptDebuggable' is obsolete and should be removed.
It will be removed in version 9.0 of the Android Gradle plugin.
WARNING: DSL element 'isRenderscriptDebuggable' is obsolete and should be removed.
It will be removed in version 9.0 of the Android Gradle plugin.
WARNING: DSL element 'isRenderscriptDebuggable' is obsolete and should be removed.
It will be removed in version 9.0 of the Android Gradle plugin.
WARNING: DSL element 'isRenderscriptDebuggable' is obsolete and should be removed.
It will be removed in version 9.0 of the Android Gradle plugin.
WARNING: DSL element 'isRenderscriptDebuggable' is obsolete and should be removed.
It will be removed in version 9.0 of the Android Gradle plugin.
WARNING: DSL element 'isRenderscriptDebuggable' is obsolete and should be removed.
It will be removed in version 9.0 of the Android Gradle plugin.
WARNING: DSL element 'isRenderscriptDebuggable' is obsolete and should be removed.
It will be removed in version 9.0 of the Android Gradle plugin.
WARNING: DSL element 'isRenderscriptDebuggable' is obsolete and should be removed.
It will be removed in version 9.0 of the Android Gradle plugin.
WARNING: DSL element 'isRenderscriptDebuggable' is obsolete and should be removed.
It will be removed in version 9.0 of the Android Gradle plugin.
WARNING: DSL element 'isRenderscriptDebuggable' is obsolete and should be removed.
It will be removed in version 9.0 of the Android Gradle plugin.
WARNING: DSL element 'isRenderscriptDebuggable' is obsolete and should be removed.
It will be removed in version 9.0 of the Android Gradle plugin.
WARNING: DSL element 'isRenderscriptDebuggable' is obsolete and should be removed.
It will be removed in version 9.0 of the Android Gradle plugin.
WARNING: DSL element 'isRenderscriptDebuggable' is obsolete and should be removed.
It will be removed in version 9.0 of the Android Gradle plugin.
WARNING: DSL element 'isRenderscriptDebuggable' is obsolete and should be removed.
It will be removed in version 9.0 of the Android Gradle plugin.
WARNING: DSL element 'isRenderscriptDebuggable' is obsolete and should be removed.
It will be removed in version 9.0 of the Android Gradle plugin.
WARNING: DSL element 'isRenderscriptDebuggable' is obsolete and should be removed.
It will be removed in version 9.0 of the Android Gradle plugin.
WARNING: DSL element 'isRenderscriptDebuggable' is obsolete and should be removed.
It will be removed in version 9.0 of the Android Gradle plugin.
WARNING: DSL element 'isRenderscriptDebuggable' is obsolete and should be removed.
It will be removed in version 9.0 of the Android Gradle plugin.
WARNING: DSL element 'isRenderscriptDebuggable' is obsolete and should be removed.
It will be removed in version 9.0 of the Android Gradle plugin.
WARNING: DSL element 'isRenderscriptDebuggable' is obsolete and should be removed.
It will be removed in version 9.0 of the Android Gradle plugin.
WARNING: DSL element 'isRenderscriptDebuggable' is obsolete and should be removed.
It will be removed in version 9.0 of the Android Gradle plugin.
WARNING: DSL element 'isRenderscriptDebuggable' is obsolete and should be removed.
It will be removed in version 9.0 of the Android Gradle plugin.
WARNING: DSL element 'isRenderscriptDebuggable' is obsolete and should be removed.
It will be removed in version 9.0 of the Android Gradle plugin.
WARNING: DSL element 'isRenderscriptDebuggable' is obsolete and should be removed.
It will be removed in version 9.0 of the Android Gradle plugin.
WARNING: DSL element 'isRenderscriptDebuggable' is obsolete and should be removed.
It will be removed in version 9.0 of the Android Gradle plugin.
WARNING: DSL element 'isRenderscriptDebuggable' is obsolete and should be removed.
It will be removed in version 9.0 of the Android Gradle plugin.
WARNING: DSL element 'isRenderscriptDebuggable' is obsolete and should be removed.
It will be removed in version 9.0 of the Android Gradle plugin.
WARNING: DSL element 'isRenderscriptDebuggable' is obsolete and should be removed.
It will be removed in version 9.0 of the Android Gradle plugin.
WARNING: DSL element 'isRenderscriptDebuggable' is obsolete and should be removed.
It will be removed in version 9.0 of the Android Gradle plugin.
WARNING: DSL element 'isRenderscriptDebuggable' is obsolete and should be removed.
It will be removed in version 9.0 of the Android Gradle plugin.
WARNING: DSL element 'isRenderscriptDebuggable' is obsolete and should be removed.
It will be removed in version 9.0 of the Android Gradle plugin.
WARNING: DSL element 'isRenderscriptDebuggable' is obsolete and should be removed.
It will be removed in version 9.0 of the Android Gradle plugin.
WARNING: DSL element 'isRenderscriptDebuggable' is obsolete and should be removed.
It will be removed in version 9.0 of the Android Gradle plugin.
WARNING: DSL element 'isRenderscriptDebuggable' is obsolete and should be removed.
It will be removed in version 9.0 of the Android Gradle plugin.
WARNING: DSL element 'isRenderscriptDebuggable' is obsolete and should be removed.
It will be removed in version 9.0 of the Android Gradle plugin.
WARNING: DSL element 'isRenderscriptDebuggable' is obsolete and should be removed.
It will be removed in version 9.0 of the Android Gradle plugin.
Requires glean_parser 19.0
w: ⚠️ Usage of Internal Kotlin Gradle Plugin Properties Detected
ATTENTION! This build uses the following Kotlin Gradle Plugin properties:

kotlin.internal.collectFUSMetrics

Internal properties are not recommended for production use.
Stability and future compatibility of the build is not guaranteed.
Solution: Please consider using the public API instead of internal properties.


> Task :fenix:lwBrandStrings UP-TO-DATE
> Task :fenix:preBuild UP-TO-DATE
> Task :fenix:preReleaseBuild UP-TO-DATE
> Task :fenix:generateReleaseResValues UP-TO-DATE
> Task :fenix:generateSafeArgsRelease

[Incubating] Problems report is available at: file:///work/src/obj-x86_64/gradle/build/reports/problems/problems-report.html

Deprecated Gradle features were used in this build, making it incompatible with Gradle 10.

You can use '--warning-mode all' to show the individual deprecation warnings and determine if they come from your own scripts or plugins.

For more on this, please refer to https://docs.gradle.org/9.5.1/userguide/command_line_interface.html#sec:command_line_warnings in the Gradle documentation.

BUILD SUCCESSFUL in 11s
23 actionable tasks: 1 executed, 22 up-to-date
Configuration cache entry stored.
T1_EXIT=0
T1_KT_COUNT=191

=== TEST2: --no-configuration-cache ===
Picked up JAVA_TOOL_OPTIONS: -Dfile.encoding=utf-8
Configuration on demand is an incubating feature.

> Configure project :conventions
WARNING: Unsupported Kotlin plugin version.
The `embedded-kotlin` and `kotlin-dsl` plugins rely on features of Kotlin `2.3.20` that might work differently than in the requested version `2.3.21`.
Using the `kotlin-dsl` plugin together with a different Kotlin version (for example, by using the Kotlin Gradle plugin (`kotlin(jvm)`)) in the same project is not recommended.

See https://docs.gradle.org/9.5.1/userguide/kotlin_dsl.html#sec:kotlin-dsl_plugin for more details on how the `kotlin-dsl` plugin works (same applies to `embedded-kotlin`).
It applies a certain version of the `org.jetbrains.kotlin.jvm` plugin and also add a dependency on the Kotlin Standard Library.

Applying other version of the `org.jetbrains.kotlin.jvm` plugin in the build and/or adding dependencies to different versions of the Kotlin Standard Library can cause incompatibilities.
See https://docs.gradle.org/9.5.1/userguide/kotlin_dsl.html#sec:kotlin
w: ⚠️ Usage of Internal Kotlin Gradle Plugin Properties Detected
ATTENTION! This build uses the following Kotlin Gradle Plugin properties:

kotlin.internal.collectFUSMetrics

Internal properties are not recommended for production use.
Stability and future compatibility of the build is not guaranteed.
Solution: Please consider using the public API instead of internal properties.


> Configure project :config
w: ⚠️ Usage of Internal Kotlin Gradle Plugin Properties Detected
ATTENTION! This build uses the following Kotlin Gradle Plugin properties:

kotlin.internal.collectFUSMetrics

Internal properties are not recommended for production use.
Stability and future compatibility of the build is not guaranteed.
Solution: Please consider using the public API instead of internal properties.


> Configure project :dependencies
w: ⚠️ Usage of Internal Kotlin Gradle Plugin Properties Detected
ATTENTION! This build uses the following Kotlin Gradle Plugin properties:

kotlin.internal.collectFUSMetrics

Internal properties are not recommended for production use.
Stability and future compatibility of the build is not guaranteed.
Solution: Please consider using the public API instead of internal properties.


> Task :dependencies:checkKotlinGradlePluginConfigurationErrors SKIPPED
> Task :conventions:checkKotlinGradlePluginConfigurationErrors SKIPPED
> Task :dependencies:compileKotlin UP-TO-DATE
> Task :dependencies:compileJava NO-SOURCE
> Task :dependencies:pluginDescriptors UP-TO-DATE
> Task :conventions:compileKotlin UP-TO-DATE
> Task :dependencies:processResources UP-TO-DATE
> Task :dependencies:classes UP-TO-DATE
> Task :conventions:compileJava NO-SOURCE
> Task :conventions:pluginDescriptors UP-TO-DATE
> Task :dependencies:jar UP-TO-DATE
> Task :conventions:processResources UP-TO-DATE
> Task :conventions:classes UP-TO-DATE
> Task :conventions:jar UP-TO-DATE
Local configuration: absent local.properties; proceeding as normal.
SettingsPlugin> Disabled auto-publication of application-services. Enable it by settings 'autoPublish.application-services.dir' in local.properties
SettingsPlugin> Disabled auto-publication of Glean. Enable it by settings 'autoPublish.glean.dir' in local.properties

> Configure project :publicsuffixlist
w: ⚠️ Usage of Internal Kotlin Gradle Plugin Properties Detected
ATTENTION! This build uses the following Kotlin Gradle Plugin properties:

kotlin.internal.collectFUSMetrics

Internal properties are not recommended for production use.
Stability and future compatibility of the build is not guaranteed.
Solution: Please consider using the public API instead of internal properties.


> Configure project :apksize
w: ⚠️ Usage of Internal Kotlin Gradle Plugin Properties Detected
ATTENTION! This build uses the following Kotlin Gradle Plugin properties:

kotlin.internal.collectFUSMetrics

Internal properties are not recommended for production use.
Stability and future compatibility of the build is not guaranteed.
Solution: Please consider using the public API instead of internal properties.


> Configure project :apilint:apilint
w: ⚠️ Usage of Internal Kotlin Gradle Plugin Properties Detected
ATTENTION! This build uses the following Kotlin Gradle Plugin properties:

kotlin.internal.collectFUSMetrics

Internal properties are not recommended for production use.
Stability and future compatibility of the build is not guaranteed.
Solution: Please consider using the public API instead of internal properties.


> Configure project :nimbus-gradle-plugin
w: ⚠️ Usage of Internal Kotlin Gradle Plugin Properties Detected
ATTENTION! This build uses the following Kotlin Gradle Plugin properties:

kotlin.internal.collectFUSMetrics

Internal properties are not recommended for production use.
Stability and future compatibility of the build is not guaranteed.
Solution: Please consider using the public API instead of internal properties.


> Task :apksize:checkKotlinGradlePluginConfigurationErrors SKIPPED
> Task :config:checkKotlinGradlePluginConfigurationErrors SKIPPED
> Task :config:compileKotlin UP-TO-DATE
> Task :apksize:compileKotlin UP-TO-DATE
> Task :config:compileJava NO-SOURCE
> Task :apksize:compileJava NO-SOURCE
> Task :config:pluginDescriptors UP-TO-DATE
> Task :apksize:pluginDescriptors UP-TO-DATE
> Task :config:processResources UP-TO-DATE
> Task :apksize:processResources UP-TO-DATE
> Task :config:classes UP-TO-DATE
> Task :apksize:classes UP-TO-DATE
> Task :config:jar UP-TO-DATE
> Task :apksize:jar UP-TO-DATE
> Task :nimbus-gradle-plugin:checkKotlinGradlePluginConfigurationErrors SKIPPED
> Task :nimbus-gradle-plugin:compileKotlin UP-TO-DATE
> Task :nimbus-gradle-plugin:compileJava NO-SOURCE
> Task :nimbus-gradle-plugin:pluginDescriptors UP-TO-DATE
> Task :nimbus-gradle-plugin:processResources UP-TO-DATE
> Task :nimbus-gradle-plugin:classes UP-TO-DATE
> Task :nimbus-gradle-plugin:jar UP-TO-DATE

> Configure project :fenix
WARNING: The option setting 'android.experimental.enableTestFixturesKotlinSupport=true' is experimental.
The current default is 'false'.
WARNING: DSL element 'isRenderscriptDebuggable' is obsolete and should be removed.
It will be removed in version 9.0 of the Android Gradle plugin.
WARNING: DSL element 'isRenderscriptDebuggable' is obsolete and should be removed.
It will be removed in version 9.0 of the Android Gradle plugin.
WARNING: DSL element 'isRenderscriptDebuggable' is obsolete and should be removed.
It will be removed in version 9.0 of the Android Gradle plugin.
WARNING: DSL element 'isRenderscriptDebuggable' is obsolete and should be removed.
It will be removed in version 9.0 of the Android Gradle plugin.
WARNING: DSL element 'isRenderscriptDebuggable' is obsolete and should be removed.
It will be removed in version 9.0 of the Android Gradle plugin.
WARNING: DSL element 'isRenderscriptDebuggable' is obsolete and should be removed.
It will be removed in version 9.0 of the Android Gradle plugin.
WARNING: DSL element 'isRenderscriptDebuggable' is obsolete and should be removed.
It will be removed in version 9.0 of the Android Gradle plugin.
WARNING: DSL element 'isRenderscriptDebuggable' is obsolete and should be removed.
It will be removed in version 9.0 of the Android Gradle plugin.
WARNING: DSL element 'isRenderscriptDebuggable' is obsolete and should be removed.
It will be removed in version 9.0 of the Android Gradle plugin.
WARNING: DSL element 'isRenderscriptDebuggable' is obsolete and should be removed.
It will be removed in version 9.0 of the Android Gradle plugin.
WARNING: DSL element 'isRenderscriptDebuggable' is obsolete and should be removed.
It will be removed in version 9.0 of the Android Gradle plugin.
WARNING: DSL element 'isRenderscriptDebuggable' is obsolete and should be removed.
It will be removed in version 9.0 of the Android Gradle plugin.
WARNING: DSL element 'isRenderscriptDebuggable' is obsolete and should be removed.
It will be removed in version 9.0 of the Android Gradle plugin.
WARNING: DSL element 'isRenderscriptDebuggable' is obsolete and should be removed.
It will be removed in version 9.0 of the Android Gradle plugin.
WARNING: DSL element 'isRenderscriptDebuggable' is obsolete and should be removed.
It will be removed in version 9.0 of the Android Gradle plugin.
WARNING: DSL element 'isRenderscriptDebuggable' is obsolete and should be removed.
It will be removed in version 9.0 of the Android Gradle plugin.
WARNING: DSL element 'isRenderscriptDebuggable' is obsolete and should be removed.
It will be removed in version 9.0 of the Android Gradle plugin.
WARNING: DSL element 'isRenderscriptDebuggable' is obsolete and should be removed.
It will be removed in version 9.0 of the Android Gradle plugin.
WARNING: DSL element 'isRenderscriptDebuggable' is obsolete and should be removed.
It will be removed in version 9.0 of the Android Gradle plugin.
WARNING: DSL element 'isRenderscriptDebuggable' is obsolete and should be removed.
It will be removed in version 9.0 of the Android Gradle plugin.
WARNING: DSL element 'isRenderscriptDebuggable' is obsolete and should be removed.
It will be removed in version 9.0 of the Android Gradle plugin.
WARNING: DSL element 'isRenderscriptDebuggable' is obsolete and should be removed.
It will be removed in version 9.0 of the Android Gradle plugin.
WARNING: DSL element 'isRenderscriptDebuggable' is obsolete and should be removed.
It will be removed in version 9.0 of the Android Gradle plugin.
WARNING: DSL element 'isRenderscriptDebuggable' is obsolete and should be removed.
It will be removed in version 9.0 of the Android Gradle plugin.
WARNING: DSL element 'isRenderscriptDebuggable' is obsolete and should be removed.
It will be removed in version 9.0 of the Android Gradle plugin.
WARNING: DSL element 'isRenderscriptDebuggable' is obsolete and should be removed.
It will be removed in version 9.0 of the Android Gradle plugin.
WARNING: DSL element 'isRenderscriptDebuggable' is obsolete and should be removed.
It will be removed in version 9.0 of the Android Gradle plugin.
WARNING: DSL element 'isRenderscriptDebuggable' is obsolete and should be removed.
It will be removed in version 9.0 of the Android Gradle plugin.
WARNING: DSL element 'isRenderscriptDebuggable' is obsolete and should be removed.
It will be removed in version 9.0 of the Android Gradle plugin.
WARNING: DSL element 'isRenderscriptDebuggable' is obsolete and should be removed.
It will be removed in version 9.0 of the Android Gradle plugin.
WARNING: DSL element 'isRenderscriptDebuggable' is obsolete and should be removed.
It will be removed in version 9.0 of the Android Gradle plugin.
WARNING: DSL element 'isRenderscriptDebuggable' is obsolete and should be removed.
It will be removed in version 9.0 of the Android Gradle plugin.
WARNING: DSL element 'isRenderscriptDebuggable' is obsolete and should be removed.
It will be removed in version 9.0 of the Android Gradle plugin.
WARNING: DSL element 'isRenderscriptDebuggable' is obsolete and should be removed.
It will be removed in version 9.0 of the Android Gradle plugin.
WARNING: DSL element 'isRenderscriptDebuggable' is obsolete and should be removed.
It will be removed in version 9.0 of the Android Gradle plugin.
WARNING: DSL element 'isRenderscriptDebuggable' is obsolete and should be removed.
It will be removed in version 9.0 of the Android Gradle plugin.
WARNING: DSL element 'isRenderscriptDebuggable' is obsolete and should be removed.
It will be removed in version 9.0 of the Android Gradle plugin.
WARNING: DSL element 'isRenderscriptDebuggable' is obsolete and should be removed.
It will be removed in version 9.0 of the Android Gradle plugin.
WARNING: DSL element 'isRenderscriptDebuggable' is obsolete and should be removed.
It will be removed in version 9.0 of the Android Gradle plugin.
WARNING: DSL element 'isRenderscriptDebuggable' is obsolete and should be removed.
It will be removed in version 9.0 of the Android Gradle plugin.
WARNING: DSL element 'isRenderscriptDebuggable' is obsolete and should be removed.
It will be removed in version 9.0 of the Android Gradle plugin.
WARNING: DSL element 'isRenderscriptDebuggable' is obsolete and should be removed.
It will be removed in version 9.0 of the Android Gradle plugin.
WARNING: DSL element 'isRenderscriptDebuggable' is obsolete and should be removed.
It will be removed in version 9.0 of the Android Gradle plugin.
WARNING: DSL element 'isRenderscriptDebuggable' is obsolete and should be removed.
It will be removed in version 9.0 of the Android Gradle plugin.
WARNING: DSL element 'isRenderscriptDebuggable' is obsolete and should be removed.
It will be removed in version 9.0 of the Android Gradle plugin.
WARNING: DSL element 'isRenderscriptDebuggable' is obsolete and should be removed.
It will be removed in version 9.0 of the Android Gradle plugin.
WARNING: DSL element 'isRenderscriptDebuggable' is obsolete and should be removed.
It will be removed in version 9.0 of the Android Gradle plugin.
WARNING: DSL element 'isRenderscriptDebuggable' is obsolete and should be removed.
It will be removed in version 9.0 of the Android Gradle plugin.
WARNING: DSL element 'isRenderscriptDebuggable' is obsolete and should be removed.
It will be removed in version 9.0 of the Android Gradle plugin.
Requires glean_parser 19.0
w: ⚠️ Usage of Internal Kotlin Gradle Plugin Properties Detected
ATTENTION! This build uses the following Kotlin Gradle Plugin properties:

kotlin.internal.collectFUSMetrics

Internal properties are not recommended for production use.
Stability and future compatibility of the build is not guaranteed.
Solution: Please consider using the public API instead of internal properties.


> Task :fenix:lwBrandStrings

> Task :fenix:preBuild
> Task :fenix:preReleaseBuild
[lw-brand] 5 res dir(s), 153 values file(s), 43 translated entr(ies) dropped
> Task :fenix:generateReleaseResValues
> Task :fenix:generateSafeArgsRelease

[Incubating] Problems report is available at: file:///work/src/obj-x86_64/gradle/build/reports/problems/problems-report.html

Deprecated Gradle features were used in this build, making it incompatible with Gradle 10.

You can use '--warning-mode all' to show the individual deprecation warnings and determine if they come from your own scripts or plugins.

For more on this, please refer to https://docs.gradle.org/9.5.1/userguide/command_line_interface.html#sec:command_line_warnings in the Gradle documentation.

BUILD SUCCESSFUL in 21s
23 actionable tasks: 3 executed, 20 up-to-date
T2_EXIT=0
T2_KT_COUNT=191
obj-x86_64/gradle/build/mobile/android/fenix/app/generated/java/generateSafeArgsRelease/org/mozilla/fenix/TranslationsSettingsGraphDirections.kt
obj-x86_64/gradle/build/mobile/android/fenix/app/generated/java/generateSafeArgsRelease/org/mozilla/fenix/components/menu/MenuDialogFragmentDirections.kt
obj-x86_64/gradle/build/mobile/android/fenix/app/generated/java/generateSafeArgsRelease/org/mozilla/fenix/components/menu/MenuDialogFragmentArgs.kt
ABTEST_DONE
