Bundle: librewolf-android-apk-153.0esr-1-unsigned/apk

$ sha256sum -c SHA256SUMS
fenix-arm64-v8a-release-unsigned.apk: OK
fenix-armeabi-v7a-release-unsigned.apk: OK
fenix-universal-release-unsigned.apk: OK
fenix-x86_64-release-unsigned.apk: OK

$ sha256sum -c SHA256SUMS.tools
apksigner.jar: OK
sign.sh: OK
android-verify-signature.sh: OK
SIGNING.md: OK

Bundle: librewolf-android-apk-153.0esr-1-beta-20260908/apk

$ sha256sum -c SHA256SUMS
fenix-arm64-v8a-release-unsigned.apk: OK
fenix-armeabi-v7a-release-unsigned.apk: OK
fenix-universal-release-unsigned.apk: OK
fenix-x86_64-release-unsigned.apk: OK

$ sha256sum -c SHA256SUMS.tools
apksigner.jar: OK
sign.sh: OK
android-verify-signature.sh: OK
SIGNING.md: OK

Both bundles contain identical tools and the current public SIGNING.md.
Staged scripts and public document match repository sources byte for byte.
APK files and their SHA256SUMS were preserved in both directories.
No release key was used and no signed release APK was produced.
