test -d "/home/mgysin/Documents/librewolf/librewolf-153.0esr-1-beta-20260908" || { echo "no such directory: /home/mgysin/Documents/librewolf/librewolf-153.0esr-1-beta-20260908 - extract it with 'make android-dir', or point LW_ANDROID_SRCDIR at a tree that exists" >&2; exit 1; }; mkdir -p "/home/mgysin/Documents/librewolf/librewolf-153.0esr-1-beta-20260908/lw/l10n"
./scripts/android-apk.sh \
	--srcdir "/home/mgysin/Documents/librewolf/librewolf-153.0esr-1-beta-20260908" \
	--aar-dir "/home/mgysin/Documents/librewolf/librewolf-android-aar-153.0esr-1" \
	--outdir "/home/mgysin/Documents/librewolf/librewolf-android-apk-153.0esr-1-beta-20260908" \
	--mozconfig "/home/mgysin/Documents/librewolf/assets/mozconfig.android" \
	--engine "docker" \
	--image "librewolf-android-build" \
	--skip-gecko --variant=release --disable-debug-signing --build-date=20260906190000 --gradle-home=/home/mgysin/Documents/librewolf/librewolf-android-apk-153.0esr-1-unsigned/gradle-home
14:05:22 [android-apk.sh] source tree     : /home/mgysin/Documents/librewolf/librewolf-153.0esr-1-beta-20260908
14:05:22 [android-apk.sh] fat AAR inputs  : /home/mgysin/Documents/librewolf/librewolf-android-aar-153.0esr-1
14:05:22 [android-apk.sh] output          : /home/mgysin/Documents/librewolf/librewolf-android-apk-153.0esr-1-beta-20260908
14:05:22 [android-apk.sh] base mozconfig  : /home/mgysin/Documents/librewolf/assets/mozconfig.android
14:05:22 [android-apk.sh] variant         : release (fenix:assembleRelease)
14:05:22 [android-apk.sh] ABIs            : armeabi-v7a arm64-v8a x86_64(host x86_64)
14:05:22 [android-apk.sh] objdir          : /home/mgysin/Documents/librewolf/librewolf-153.0esr-1-beta-20260908/obj-x86_64
14:05:22 [android-apk.sh] engine / image  : docker / librewolf-android-build
14:05:22 [android-apk.sh] mach jobs       : -j16
14:05:22 [android-apk.sh] MOZ_BUILD_DATE  : 20260906190000
14:05:22 [android-apk.sh] copying per-ABI maven zips from /home/mgysin/Documents/librewolf/librewolf-android-aar-153.0esr-1
14:05:22 [android-apk.sh] seeding gradle home from /home/mgysin/Documents/librewolf/librewolf-android-apk-153.0esr-1-unsigned/gradle-home
14:05:34 [android-apk.sh] skipping the gecko pass (--skip-gecko); reusing /home/mgysin/Documents/librewolf/librewolf-153.0esr-1-beta-20260908/obj-x86_64
14:05:34 [android-apk.sh] apk: ./mach gradle fenix:assembleRelease, log: /home/mgysin/Documents/librewolf/librewolf-android-apk-153.0esr-1-beta-20260908/logs/apk.log
14:13:36 [android-apk.sh] apk: gradle ok in 482s
14:13:36 [android-apk.sh] APKs produced:
14:13:36 [android-apk.sh]   fenix-arm64-v8a-release-unsigned.apk  116M
14:13:36 [android-apk.sh]   fenix-armeabi-v7a-release-unsigned.apk  112M
14:13:36 [android-apk.sh]   fenix-universal-release-unsigned.apk  266M
14:13:36 [android-apk.sh]   fenix-x86_64-release-unsigned.apk  121M
14:13:36 [android-apk.sh] verifying each APK against the per-ABI GeckoView builds
  armeabi-v7a: libxul.so 118389260 bytes, sha256-identical to the AAR input (cec8cf040e035a77)
  arm64-v8a: libxul.so 157778480 bytes, sha256-identical to the AAR input (dcb4d3e9dafc2503)
  x86_64: libxul.so 172444152 bytes, sha256-identical to the AAR input (824f650d2faa2008)
14:13:39 [android-apk.sh]   universal: every ABI directory [arm64-v8a armeabi-v7a x86_64] carries libxul.so (none empty)
14:13:39 [android-apk.sh] checking the applicationId is still stock for the release build type
14:13:46 [android-apk.sh]   applicationId: org.redoubtbrowser (stock, and output-metadata.json agrees)
14:13:46 [android-apk.sh] recording the LibreWolf configuration layer present in the APK
apk=/home/mgysin/Documents/librewolf/librewolf-android-apk-153.0esr-1-beta-20260908/apk/fenix-x86_64-release-unsigned.apk
apk entries=3118  omni.ja entries=2280
librewolf.cfg: PRESENT ['assets/omni.ja!/defaults/autoconfig/librewolf.cfg']
local-settings.js: PRESENT ['assets/omni.ja!/defaults/pref/local-settings.js']
policies.json: absent
autoconfig.js: absent
distribution.ini: absent
arm64-v8a/greprefs.js: 0 librewolf.* pref lines
armeabi-v7a/greprefs.js: 0 librewolf.* pref lines
defaults/pref/arm64-v8a/geckoview-prefs.js: 0 librewolf.* pref lines
defaults/pref/armeabi-v7a/geckoview-prefs.js: 0 librewolf.* pref lines
defaults/pref/x86_64/geckoview-prefs.js: 0 librewolf.* pref lines
x86_64/greprefs.js: 0 librewolf.* pref lines
total librewolf.* pref lines in omni.ja pref files: 0
14:13:46 [android-apk.sh] checking no prebuilt GeckoView or app-services artifact was resolved
14:13:47 [android-apk.sh]   none resolved: GeckoView and app-services are both in-tree
14:13:47 [android-apk.sh] verifying the APKs are UNSIGNED (--disable-debug-signing)
14:13:47 [android-apk.sh]   fenix-arm64-v8a-release-unsigned.apk: unsigned (no v1 block, no v2/v3 signing block)
14:13:47 [android-apk.sh]   fenix-armeabi-v7a-release-unsigned.apk: unsigned (no v1 block, no v2/v3 signing block)
14:13:47 [android-apk.sh]   fenix-universal-release-unsigned.apk: unsigned (no v1 block, no v2/v3 signing block)
14:13:47 [android-apk.sh]   fenix-x86_64-release-unsigned.apk: unsigned (no v1 block, no v2/v3 signing block)
14:13:48 [android-apk.sh] APKs      : /home/mgysin/Documents/librewolf/librewolf-android-apk-153.0esr-1-beta-20260908/apk
14:13:48 [android-apk.sh] install   : adb install -r /home/mgysin/Documents/librewolf/librewolf-android-apk-153.0esr-1-beta-20260908/apk/fenix-universal-release-unsigned.apk
14:13:48 [android-apk.sh] total wall clock: 505s

LibreWolf Android APK -- 2026-09-08T14:05:34Z
tree=/home/mgysin/Documents/librewolf/librewolf-153.0esr-1-beta-20260908
aar=/home/mgysin/Documents/librewolf/librewolf-android-aar-153.0esr-1
abis=armeabi-v7a,arm64-v8a,x86_64 host=x86_64
jobs=16
MOZ_BUILD_DATE=20260906190000
engine=docker image=librewolf-android-build

pass              seconds  peak_mem_GB  status
gecko                   0          n/a  skipped
apk                   482        23.30  ok

total                 505

APKs:
  fenix-arm64-v8a-release-unsigned.apk 116M
  fenix-armeabi-v7a-release-unsigned.apk 112M
  fenix-universal-release-unsigned.apk 266M
  fenix-x86_64-release-unsigned.apk 121M

configuration layer: /home/mgysin/Documents/librewolf/librewolf-android-apk-153.0esr-1-beta-20260908/apk-config-layer.txt
