--- /home/mgysin/redoubt-artifacts/release-157/acceptance/final/runs/pref-audit/expected-prefs-before.txt	2026-10-03 04:02:23.649624781 +0200
+++ /home/mgysin/redoubt-artifacts/release-157/acceptance/final/runs/pref-audit/expected-prefs-generated.txt	2026-10-03 04:02:34.599438478 +0200
@@ -22,7 +22,7 @@
 fission.webContentIsolationStrategy	int	2	-	-
 geo.enabled	bool	true	-	-
 librewolf.cfg.version	string	8.6	locked	-
-librewolf.webgl.prompt	bool	false	-	-
+librewolf.webgl.prompt	bool	true	-	-
 librewolf.webgl.prompt.hide	bool	true	-	-
 media.eme.enabled	bool	false	-	-
 media.gmp-gmpopenh264.enabled	bool	false	-	-
@@ -37,7 +37,7 @@
 network.trr.mode	int	5	-	-
 network.trr.uri	string	https://dns10.quad9.net/dns-query	-	-
 privacy.donottrackheader.enabled	bool	false	-	-
-privacy.fingerprintingProtection	bool	false	-	-
+privacy.fingerprintingProtection	bool	true	-	-
 privacy.fingerprintingProtection.pbmode	bool	true	-	-
 privacy.globalprivacycontrol.enabled	bool	true	-	-
 privacy.partition.network_state	missing		-	-
