2026-10-04T10:32:20Z memguard thresholds: pause < 8.25 GB MemAvailable, resume > 10 GB (lw-* containers)
2026-10-04T10:32:21Z START fat-aar x86_64 [image 98e61be72eec]
2026-10-04T11:25:16Z END fat-aar exit=0
2026-10-04T11:25:16Z START apk x86_64 release
2026-10-04T11:42:11Z END apk exit=1
BUILD EXIT 1
2026-10-04T11:44:04Z START apk x86_64 release --skip-gecko (run 2)
2026-10-04T12:05:07Z END apk (run 2) exit=1
2026-10-04T12:25:13Z START apk x86_64 release --skip-gecko (run 3)
2026-10-04T12:35:18Z END apk (run 3) exit=1
2026-10-04T12:35:45Z START targeted unit tests
2026-10-04T12:42:58Z END targeted unit tests (MACH_EXIT=1)
2026-10-04T12:43:42Z START targeted unit tests
2026-10-04T12:46:03Z END targeted unit tests (MACH_EXIT=1)
2026-10-04T12:47:30Z START targeted unit tests
2026-10-04T12:56:54Z END targeted unit tests (MACH_EXIT=0)
2026-10-04T12:57:23Z stopped memguard + memsampler
2026-10-05T06:02:09Z MERGE-SYNC: 7 update-check files from replay rt-merge (merged branch, fuzz 0) into buildrepo/librewolf-158.0-1; android-apk.sh, update-check pubkey, update-check.patch, Makefile, release key copied from repo
2026-10-05T06:02:17Z START apk x86_64 release --skip-gecko --update-check (run 4, merged main + fix branches)
2026-10-05T06:22:20Z END apk (run 4) exit=1
2026-10-05T06:23:34Z START targeted unit tests (merge: main + fix branches; lw.* + SettingsFragmentTest added)
2026-10-05T06:26:19Z END targeted unit tests (MACH_EXIT=0)
2026-10-05T14:44:35Z START LW-M7-42 fat-aar x86_64 incremental [image 98e61be72eec]
2026-10-05T15:10:47Z END LW-M7-42 fat-aar exit=0
2026-10-05T15:10:47Z START LW-M7-42 apk x86_64 release --update-check
2026-10-05T15:26:08Z END LW-M7-42 apk exit=1
2026-10-05T15:50:59Z NOTE rebuild for narrowed patch (LW-M7-42 follow-up on c09247b8)
2026-10-05T15:50:59Z START LW-M7-42 fat-aar x86_64 incremental [image 98e61be72eec]
2026-10-05T16:24:37Z END LW-M7-42 fat-aar exit=0
2026-10-05T16:24:37Z START LW-M7-42 apk x86_64 release --update-check
2026-10-05T16:26:25Z END LW-M7-42 apk exit=1
