DIFFERENT: fenix-arm64-v8a-release-unsigned.apk  vs  fenix-arm64-v8a-release-unsigned.apk
  A: 847c6f5e0bb4cd0ba78d32eefd3fec82d8d78de77166f21529b76c1336347cb1  (140684856 bytes)
  B: 8d9bce3b2d248a2c04b5b25b0a0b64561a52725a65c19331e92a50062f4d7ea1  (140684856 bytes)
    DIFFERS: ./assets/dexopt/baseline.prof  (14736 vs 14738 bytes)
    DIFFERS: ./classes6.dex  (10367544 vs 10367544 bytes)
  entries compared: 3418 identical, 2 different
DIFFERENT: fenix-armeabi-v7a-release-unsigned.apk  vs  fenix-armeabi-v7a-release-unsigned.apk
  A: 474c8a02e8ca17e595b3e73c19d91c2b1ca43f575fe35420592f84c33d637aea  (136775618 bytes)
  B: 48a17d2954963206127ee1959d6eb66bbfe307e86d0e0c70889b9d622ceddb66  (136775618 bytes)
    DIFFERS: ./assets/dexopt/baseline.prof  (14736 vs 14738 bytes)
    DIFFERS: ./classes6.dex  (10367544 vs 10367544 bytes)
  entries compared: 3418 identical, 2 different
DIFFERENT: fenix-universal-release-unsigned.apk  vs  fenix-universal-release-unsigned.apk
  A: a7d2aff786e8e864cd66b3b2e095ac495f91ea27d14caa9a659bfbc2f9bb7aeb  (298537839 bytes)
  B: c237d7c0df4f9e45e96a8087e012937d0a1cddcdaba6de8fb5e689ace841da62  (298537839 bytes)
    DIFFERS: ./assets/dexopt/baseline.prof  (14736 vs 14738 bytes)
    DIFFERS: ./classes6.dex  (10367544 vs 10367544 bytes)
  entries compared: 3448 identical, 2 different
DIFFERENT: fenix-x86_64-release-unsigned.apk  vs  fenix-x86_64-release-unsigned.apk
  A: 5ced5ed24bd75cad97250c110666a0fc1dd458f8c4b7ebdb867b462c72928eba  (146534779 bytes)
  B: 339aa3915ba78a614fcf953ac09bfeec4600d973a050ec840dd5624407037ed8  (146534779 bytes)
    DIFFERS: ./assets/dexopt/baseline.prof  (14736 vs 14738 bytes)
    DIFFERS: ./classes6.dex  (10367544 vs 10367544 bytes)
  entries compared: 3418 identical, 2 different
