[verify-repro] srcdir      : /home/mgysin/lw-m4-10/src
[verify-repro] aar inputs  : /home/mgysin/lw-m2-03/aar
[verify-repro] build date  : 20260816204534
[verify-repro] out1 / out2 : /home/mgysin/lw-m6-02/out1 / /home/mgysin/lw-m6-02/out2
[verify-repro] engine/image: podman / localhost/librewolf-android-build:latest   jobs=16
[verify-repro] === build 1/2 ===
[verify-repro] seeding /home/mgysin/lw-m6-02/out1/gradle-home from /home/mgysin/lw-m4-10/out-combined/gradle-home
[verify-repro] build 1 ok
[verify-repro] collected 4 APKs into /home/mgysin/lw-m6-02/out1/apk
[verify-repro]   fenix-arm64-v8a-release-unsigned.apk: unsigned (apksigner verify rc=1)
[verify-repro]   fenix-armeabi-v7a-release-unsigned.apk: unsigned (apksigner verify rc=1)
[verify-repro]   fenix-universal-release-unsigned.apk: unsigned (apksigner verify rc=1)
[verify-repro]   fenix-x86_64-release-unsigned.apk: unsigned (apksigner verify rc=1)
[verify-repro] === build 2/2 ===
[verify-repro] seeding /home/mgysin/lw-m6-02/out2/gradle-home from /home/mgysin/lw-m4-10/out-combined/gradle-home
[verify-repro] wiping /home/mgysin/lw-m4-10/src/obj-x86_64/gradle/build (forcing a real rebuild)
      > Execution failed for ExtractAarTransform: /work/out/gradle-home/caches/modules-2/files-2.1/androidx.savedstate/savedstate-ktx/1.3.2/d09ffd11731a36f819dedbfe93f941458e63484f/savedstate-ktx-1.3.2.aar.
         > /work/out/gradle-home/caches/modules-2/files-2.1/androidx.savedstate/savedstate-ktx/1.3.2/d09ffd11731a36f819dedbfe93f941458e63484f/savedstate-ktx-1.3.2.aar (No such file or directory)
   > Failed to transform lifecycle-livedata-core-2.9.4.aar (androidx.lifecycle:lifecycle-livedata-core:2.9.4) to match attributes {artifactType=android-lint, org.gradle.category=library, org.gradle.dependency.bundling=external, org.gradle.libraryelements=aar, org.gradle.status=release, org.gradle.usage=java-runtime}.
      > Execution failed for ExtractAarTransform: /work/out/gradle-home/caches/modules-2/files-2.1/androidx.lifecycle/lifecycle-livedata-core/2.9.4/8ffb4401079c231b0a85014cf2e4df02c804d53b/lifecycle-livedata-core-2.9.4.aar.
         > /work/out/gradle-home/caches/modules-2/files-2.1/androidx.lifecycle/lifecycle-livedata-core/2.9.4/8ffb4401079c231b0a85014cf2e4df02c804d53b/lifecycle-livedata-core-2.9.4.aar (No such file or directory)
   > Failed to transform lifecycle-viewmodel-ktx-2.9.4.aar (androidx.lifecycle:lifecycle-viewmodel-ktx:2.9.4) to match attributes {artifactType=android-lint, org.gradle.category=library, org.gradle.dependency.bundling=external, org.gradle.libraryelements=aar, org.gradle.status=release, org.gradle.usage=java-runtime}.
      > Execution failed for ExtractAarTransform: /work/out/gradle-home/caches/modules-2/files-2.1/androidx.lifecycle/lifecycle-viewmodel-ktx/2.9.4/83844a139f46cf3d195148d78f1820ecebf61294/lifecycle-viewmodel-ktx-2.9.4.aar.
         > /work/out/gradle-home/caches/modules-2/files-2.1/androidx.lifecycle/lifecycle-viewmodel-ktx/2.9.4/83844a139f46cf3d195148d78f1820ecebf61294/lifecycle-viewmodel-ktx-2.9.4.aar (No such file or directory)
   > Failed to transform lifecycle-process-2.9.4.aar (androidx.lifecycle:lifecycle-process:2.9.4) to match attributes {artifactType=android-lint, org.gradle.category=library, org.gradle.dependency.bundling=external, org.gradle.libraryelements=aar, org.gradle.status=release, org.gradle.usage=java-runtime}.
      > Execution failed for ExtractAarTransform: /work/out/gradle-home/caches/modules-2/files-2.1/androidx.lifecycle/lifecycle-process/2.9.4/6b51ead80ff00bb23d5801f08e67aa6b628e07b5/lifecycle-process-2.9.4.aar.
         > /work/out/gradle-home/caches/modules-2/files-2.1/androidx.lifecycle/lifecycle-process/2.9.4/6b51ead80ff00bb23d5801f08e67aa6b628e07b5/lifecycle-process-2.9.4.aar (No such file or directory)
   > Failed to transform lifecycle-livedata-2.9.4.aar (androidx.lifecycle:lifecycle-livedata:2.9.4) to match attributes {artifactType=android-lint, org.gradle.category=library, org.gradle.status=release}.
      > Execution failed for ExtractAarTransform: /work/out/gradle-home/caches/modules-2/files-2.1/androidx.lifecycle/lifecycle-livedata/2.9.4/a445cc747a3b97b2c716a41456edd6b88db8b325/lifecycle-livedata-2.9.4.aar.
         > /work/out/gradle-home/caches/modules-2/files-2.1/androidx.lifecycle/lifecycle-livedata/2.9.4/a445cc747a3b97b2c716a41456edd6b88db8b325/lifecycle-livedata-2.9.4.aar (No such file or directory)
   > Failed to transform documentfile-1.0.0.aar (androidx.documentfile:documentfile:1.0.0) to match attributes {artifactType=android-lint, org.gradle.category=library, org.gradle.status=release}.
      > Execution failed for ExtractAarTransform: /work/out/gradle-home/caches/modules-2/files-2.1/androidx.documentfile/documentfile/1.0.0/66104345c90cd8c2fd5ad2d3aad692b280e10c32/documentfile-1.0.0.aar.
         > /work/out/gradle-home/caches/modules-2/files-2.1/androidx.documentfile/documentfile/1.0.0/66104345c90cd8c2fd5ad2d3aad692b280e10c32/documentfile-1.0.0.aar (No such file or directory)

* Try:
> Run with --stacktrace option to get the stack trace.
> Run with --info or --debug option to get more log output.
> Run with --scan to get full insights from a Build Scan (powered by Develocity).
> Get more help at https://help.gradle.org.
==============================================================================

BUILD FAILED2817 actionable tasks: 2536 executed, 281 up-to-date
Configuration cache entry reused. in 1m 13s

PASS apk END 2026-08-22T15:29:52Z
MACH_EXIT=1
ERROR: build 2 failed; log: /home/mgysin/lw-m6-02/out2/logs/apk.log
