[smoke] apk=/home/mgysin/redoubt-artifacts/stable/accept/apk/fenix-x86_64-157.0-2-throwaway.apk
[smoke] package=org.redoubtbrowser
[smoke] using device emulator-5584
[smoke] installing fenix-x86_64-157.0-2-throwaway.apk (135 MB)
[smoke] display kept awake for this run (mWakefulness=Awake)
[smoke] origin: http://10.0.2.2:42441/ and https://10.0.2.2:48777/
[smoke] org.redoubtbrowser is not debuggable; opened GeckoView's debug config via Settings.Global.DEBUG_APP (am set-debug-app)
[smoke] under test: Redoubt 157.0-2 buildID=20261004200000
[smoke] https-only-interstitial PASS  HTTP must reach the HTTPS-only interstitial before the user grants an exception
[smoke] page-load-http         PASS  http://10.0.2.2:42441/?https-only-09a5dfbe2d4769c5 ready=complete secure=False marker='lw-smoke-page-ok', origin logged 3 request(s)
[smoke] page-load-https        PASS  https://10.0.2.2:48777/ ready=complete secure=True marker='lw-smoke-page-ok', origin logged 5 request(s)
[smoke] running full graphics consent, rendering and lifetime acceptance
[smoke] webgl                  PASS  Real release UI consent, pixels, revoke, lifetimes and frame isolation passed
[smoke] org.redoubtbrowser is not debuggable; opened GeckoView's debug config via Settings.Global.DEBUG_APP (am set-debug-app)
[smoke] video                  PASS  decoded 13 frames, currentTime=0.455 readyState=4 64x64, origin served the file 1 time(s)
[smoke] getusermedia           PASS  prompt(s) raised ['com.android.permissioncontroller:id/permission_deny_button'], harness tapped deny 2 time(s), getUserMedia rejected with NotAllowedError in 4667ms
[smoke] extension              PASS  installed smoke-probe@librewolf.invalid and its content script ran on a real page (marker='alive-webext'); 7 extensions active
[smoke] pref dump: 58 curated prefs -> /home/mgysin/redoubt-artifacts/stable/accept/work/prefs.txt ; 4228 total prefs -> /home/mgysin/redoubt-artifacts/stable/accept/work/prefs-all.json
[smoke] pref-dump              PASS  written to /home/mgysin/redoubt-artifacts/stable/accept/work/prefs.txt (58 prefs; librewolf.webgl.prompt=True)
[smoke] ------------------------------------------------------------
[smoke] 8 check(s) run, 0 failed. Detail: /home/mgysin/redoubt-artifacts/stable/accept/runs/baseline-smoke/baseline-smoke.json
