[smoke] apk=/home/mgysin/redoubt-artifacts/stable/accept2/apk/fenix-x86_64-157.0-2-throwaway.apk
[smoke] package=org.redoubtbrowser
[smoke] check-no-gms           PASS  no com.google.android.gms strings in any classes*.dex, no GMS class references and no gms entries in the apk
[smoke] check-no-adjust        PASS  no Adjust or INSTALL_REFERRER strings in any classes*.dex
[smoke] using device emulator-5584
[smoke] installing fenix-x86_64-157.0-2-throwaway.apk (135 MB)
[smoke] display kept awake for this run (mWakefulness=Awake)
[smoke] origin: http://10.0.2.2:54915/ and https://10.0.2.2:60771/
[smoke] org.redoubtbrowser is not debuggable; opened GeckoView's debug config via Settings.Global.DEBUG_APP (am set-debug-app)
[smoke] under test: Redoubt 157.0-2 buildID=20261005000000
[smoke] https-only-interstitial PASS  HTTP must reach the HTTPS-only interstitial before the user grants an exception
[smoke] page-load-http         PASS  http://10.0.2.2:54915/?https-only-9806b5d7ca4f25b2 ready=complete secure=False marker='lw-smoke-page-ok', origin logged 3 request(s)
[smoke] page-load-https        PASS  https://10.0.2.2:60771/ ready=complete secure=True marker='lw-smoke-page-ok', origin logged 5 request(s)
[smoke] running full graphics consent, rendering and lifetime acceptance
[smoke] webgl                  PASS  Real release UI consent, pixels, revoke, lifetimes and frame isolation passed
[smoke] org.redoubtbrowser is not debuggable; opened GeckoView's debug config via Settings.Global.DEBUG_APP (am set-debug-app)
[smoke] video                  PASS  decoded 13 frames, currentTime=0.455 readyState=4 64x64, origin served the file 1 time(s)
[smoke] getusermedia           PASS  prompt(s) raised ['com.android.permissioncontroller:id/permission_deny_button'], harness tapped deny 2 time(s), getUserMedia rejected with NotAllowedError in 4633ms
[smoke] extension              PASS  installed smoke-probe@librewolf.invalid and its content script ran on a real page (marker='alive-webext'); 7 extensions active
[smoke] pref dump: 58 curated prefs -> /home/mgysin/redoubt-artifacts/stable/accept2/work/prefs.txt ; 4228 total prefs -> /home/mgysin/redoubt-artifacts/stable/accept2/work/prefs-all.json
[smoke] pref-dump              PASS  written to /home/mgysin/redoubt-artifacts/stable/accept2/work/prefs.txt (58 prefs; librewolf.webgl.prompt=True)
[smoke] ------------------------------------------------------------
[smoke] 10 check(s) run, 0 failed. Detail: /home/mgysin/redoubt-artifacts/stable/accept2/runs/static-no-gms-no-adjust/static-no-gms-no-adjust.json
