########## nc1-live182-marker182.apk
[smoke] apk=docs/android/evidence/lw-m4-16/controls/nc1-live182-marker182.apk
[smoke] package=org.redoubtbrowser.fixture
[smoke] check-no-gms           FAIL  the exemption does not hold: androidx.activity is 1.8.2, BELOW the 1.10.0 floor at which getGmsPicker/isGmsPickerAvailable were removed -- at this version the two strings are a live Play Services hand-off, not dead constants; the exemption does not hold: ActivityResultContracts$PickVisualMedia; declares GMS-named METHOD(S) ['getGmsPicker$activity_release', 'isGmsPickerAvailable$activity_release'] -- that is the live Play Services hand-off, not two dead constants -- owned by LW-M4-16
[smoke] ------------------------------------------------------------
[smoke] 1 check(s) run, 1 failed. Detail: /home/mgysin/.cache/librewolf-android-smoke/result.json
[smoke]   FAILED check-no-gms         the exemption does not hold: androidx.activity is 1.8.2, BELOW the 1.10.0 floor at which getGmsPicker/isGmsPickerAvailable were removed -- at this version the two strings are a live Play Services hand-off, not dead constants; the exemption does not hold: ActivityResultContracts$PickVisualMedia; declares GMS-named METHOD(S) ['getGmsPicker$activity_release', 'isGmsPickerAvailable$activity_release'] -- that is the live Play Services hand-off, not two dead constants -- owned by LW-M4-16
rc=1
########## nc2-live182-marker1130.apk
[smoke] apk=docs/android/evidence/lw-m4-16/controls/nc2-live182-marker1130.apk
[smoke] package=org.redoubtbrowser.fixture
[smoke] check-no-gms           FAIL  the exemption does not hold: ActivityResultContracts$PickVisualMedia; declares GMS-named METHOD(S) ['getGmsPicker$activity_release', 'isGmsPickerAvailable$activity_release'] -- that is the live Play Services hand-off, not two dead constants -- owned by LW-M4-16
[smoke] ------------------------------------------------------------
[smoke] 1 check(s) run, 1 failed. Detail: /home/mgysin/.cache/librewolf-android-smoke/result.json
[smoke]   FAILED check-no-gms         the exemption does not hold: ActivityResultContracts$PickVisualMedia; declares GMS-named METHOD(S) ['getGmsPicker$activity_release', 'isGmsPickerAvailable$activity_release'] -- that is the live Play Services hand-off, not two dead constants -- owned by LW-M4-16
rc=1
########## nc3-inert1130-marker182.apk
[smoke] apk=docs/android/evidence/lw-m4-16/controls/nc3-inert1130-marker182.apk
[smoke] package=org.redoubtbrowser.fixture
[smoke] check-no-gms           FAIL  the exemption does not hold: androidx.activity is 1.8.2, BELOW the 1.10.0 floor at which getGmsPicker/isGmsPickerAvailable were removed -- at this version the two strings are a live Play Services hand-off, not dead constants -- owned by LW-M4-16
[smoke] ------------------------------------------------------------
[smoke] 1 check(s) run, 1 failed. Detail: /home/mgysin/.cache/librewolf-android-smoke/result.json
[smoke]   FAILED check-no-gms         the exemption does not hold: androidx.activity is 1.8.2, BELOW the 1.10.0 floor at which getGmsPicker/isGmsPickerAvailable were removed -- at this version the two strings are a live Play Services hand-off, not dead constants -- owned by LW-M4-16
rc=1
########## nc4-inert1130-alpha01.apk
[smoke] apk=docs/android/evidence/lw-m4-16/controls/nc4-inert1130-alpha01.apk
[smoke] package=org.redoubtbrowser.fixture
[smoke] check-no-gms           FAIL  the exemption does not hold: androidx.activity is 1.10.0-alpha01, a prerelease of the floor version; 1.10.0-alpha01 still carried the live GMS path, so prereleases of 1.10.0 are not accepted -- owned by LW-M4-16
[smoke] ------------------------------------------------------------
[smoke] 1 check(s) run, 1 failed. Detail: /home/mgysin/.cache/librewolf-android-smoke/result.json
[smoke]   FAILED check-no-gms         the exemption does not hold: androidx.activity is 1.10.0-alpha01, a prerelease of the floor version; 1.10.0-alpha01 still carried the live GMS path, so prereleases of 1.10.0 are not accepted -- owned by LW-M4-16
rc=1
########## nc5-inert1130-nomarker.apk
[smoke] apk=docs/android/evidence/lw-m4-16/controls/nc5-inert1130-nomarker.apk
[smoke] package=org.redoubtbrowser.fixture
[smoke] check-no-gms           FAIL  the exemption does not hold: META-INF/androidx.activity_activity.version is absent from the APK, so the androidx.activity version cannot be established and the exemption cannot be granted -- owned by LW-M4-16
[smoke] ------------------------------------------------------------
[smoke] 1 check(s) run, 1 failed. Detail: /home/mgysin/.cache/librewolf-android-smoke/result.json
[smoke]   FAILED check-no-gms         the exemption does not hold: META-INF/androidx.activity_activity.version is absent from the APK, so the androidx.activity version cannot be established and the exemption cannot be granted -- owned by LW-M4-16
rc=1
########## pc1-inert1130-marker1100.apk
[smoke] apk=docs/android/evidence/lw-m4-16/controls/pc1-inert1130-marker1100.apk
[smoke] package=org.redoubtbrowser.fixture
[smoke] check-no-gms           PASS  0 GMS class references, 0 gms apk entries; 2 string(s) exempted by exact value, each a dead constant: 'com.google.android.gms.provider.action.PICK_IMAGES' (GMS_ACTION_PICK_IMAGES); 'com.google.android.gms.provider.extra.PICK_IMAGES_MAX' (GMS_EXTRA_PICK_IMAGES_MAX). Exemption holds: androidx.activity 1.10.0 >= 1.10.0; ActivityResultContracts$PickVisualMedia; declares the GMS-named fields ['GMS_ACTION_PICK_IMAGES', 'GMS_EXTRA_PICK_IMAGES_MAX'] and no GMS-named method (9 methods total)
[smoke] ------------------------------------------------------------
[smoke] 1 check(s) run, 0 failed. Detail: /home/mgysin/.cache/librewolf-android-smoke/result.json
rc=0
########## pc2-inert1130-marker1130.apk
[smoke] apk=docs/android/evidence/lw-m4-16/controls/pc2-inert1130-marker1130.apk
[smoke] package=org.redoubtbrowser.fixture
[smoke] check-no-gms           PASS  0 GMS class references, 0 gms apk entries; 2 string(s) exempted by exact value, each a dead constant: 'com.google.android.gms.provider.action.PICK_IMAGES' (GMS_ACTION_PICK_IMAGES); 'com.google.android.gms.provider.extra.PICK_IMAGES_MAX' (GMS_EXTRA_PICK_IMAGES_MAX). Exemption holds: androidx.activity 1.13.0 >= 1.10.0; ActivityResultContracts$PickVisualMedia; declares the GMS-named fields ['GMS_ACTION_PICK_IMAGES', 'GMS_EXTRA_PICK_IMAGES_MAX'] and no GMS-named method (9 methods total)
[smoke] ------------------------------------------------------------
[smoke] 1 check(s) run, 0 failed. Detail: /home/mgysin/.cache/librewolf-android-smoke/result.json
rc=0
