[smoke] apk=/home/mgysin/redoubt-artifacts/release-157.0-3/apk/fenix-x86_64-157.0-3-throwaway.apk
[smoke] package=org.redoubtbrowser
[smoke] using device emulator-5582
[smoke] installing fenix-x86_64-157.0-3-throwaway.apk (135 MB)
[smoke] display kept awake for this run (mWakefulness=Awake)
[smoke] origin: http://10.0.2.2:49365/ and https://10.0.2.2:59177/
[smoke] org.redoubtbrowser is not debuggable; opened GeckoView's debug config via Settings.Global.DEBUG_APP (am set-debug-app)
[smoke] under test: Redoubt 157.0-3 buildID=20261006090000
[smoke] https-only-interstitial PASS  HTTP must reach the HTTPS-only interstitial before the user grants an exception
[smoke] page-load-http         PASS  http://10.0.2.2:49365/?https-only-2bb32013f64d09b4 ready=complete secure=False marker='lw-smoke-page-ok', origin logged 4 request(s)
[smoke] page-load-https        PASS  https://10.0.2.2:59177/ ready=complete secure=True marker='lw-smoke-page-ok', origin logged 7 request(s)
[smoke] running full graphics consent, rendering and lifetime acceptance
[smoke] webgl                  PASS  Real release UI consent, pixels, revoke, lifetimes and frame isolation passed
[smoke] org.redoubtbrowser is not debuggable; opened GeckoView's debug config via Settings.Global.DEBUG_APP (am set-debug-app)
[smoke] video                  PASS  decoded 13 frames, currentTime=0.456 readyState=4 64x64, origin served the file 1 time(s)
[smoke] video-h264             PASS  decoded 14 frames, currentTime=0.482 readyState=4 64x64, origin served the file 1 time(s)
[smoke] video-mse              PASS  isTypeSupported(video/mp4; codecs="avc1.42E01E,mp4a.40.2")=true, appended 11963 bytes, decoded 12 frames, currentTime=0.403 readyState=4 64x64
[smoke] getusermedia           PASS  prompt(s) raised ['com.android.permissioncontroller:id/permission_deny_button'], harness tapped deny 2 time(s), getUserMedia rejected with NotAllowedError in 4550ms
[smoke] extension              PASS  installed smoke-probe@librewolf.invalid and its content script ran on a real page (marker='alive-webext'); 7 extensions active
[smoke] pref dump: 58 curated prefs -> /home/mgysin/redoubt-artifacts/release-157.0-3/work/prefs.txt ; 4228 total prefs -> /home/mgysin/redoubt-artifacts/release-157.0-3/work/prefs-all.json
[smoke] pref-dump              PASS  written to /home/mgysin/redoubt-artifacts/release-157.0-3/work/prefs.txt (58 prefs; librewolf.webgl.prompt=True)
[smoke] ------------------------------------------------------------
[smoke] 10 check(s) run, 0 failed. Detail: /home/mgysin/redoubt-artifacts/release-157.0-3/runs/baseline-smoke/baseline-smoke.json
