[   5.20] tap ubo-retry Retry 894 1138
[  10.16] tap ubo-ok OK 922 1815
[  12.12] fresh ready
[  12.14] normal VIEW intent sent
[  14.37] snackbar seen
[  14.37] tap review Review 946 1805
[  16.36] DIALOG OPEN normal-fresh (tap 0.49s after seen)
[  17.86] tap close Close 894 1348
[  22.03] long-press counter
[  23.52] tap menu-New private tab New private tab 595 305
[  26.98] tap url-field ADDRESSBAR_SEARCH_BOX 556 148
[  29.77] url submitted http://localhost:8765/index.html
[  31.57] snackbar seen
[  31.57] tap review Review 946 1805
[  40.31] NO DIALOG private (tap 0.46s after seen) [' localhost:8765/index.html. Search or enter address', 'More options', 'New private tab', 'Private Tabs Open: 1. Tap to switch tabs.', 'Site information', 'canvas:162 webgl:null t=1790934878397', 'defc fixture']
[  43.02] long-press counter
[  44.49] tap menu-New tab New tab 595 179
[  47.94] tap url-field ADDRESSBAR_SEARCH_BOX 556 148
[  51.00] url submitted http://localhost:8765/index.html
[  52.68] snackbar seen
[  52.68] tap review Review 946 1805
[  61.35] NO DIALOG normal-after-private (tap 0.46s after seen) [' localhost:8765/index.html. Search or enter address', 'More options', 'New tab', 'Non-private Tabs Open: 2. Tap to switch tabs.', 'Site information', 'canvas:162 webgl:null t=1790934899664', 'defc fixture']
RESULT normal-fresh=open private=none normal-after-private=none
