[   4.94] tap ubo-retry Retry 894 1138
[   9.88] tap ubo-ok OK 922 1815
[  11.85] fresh ready
[  11.86] normal VIEW intent sent
[  14.08] snackbar seen
[  14.08] tap review Review 946 1805
[  16.07] DIALOG OPEN normal-fresh (tap 0.48s after seen)
[  17.57] tap close Close 894 1348
[  21.75] long-press counter
[  23.23] tap menu-New private tab New private tab 595 305
[  26.69] tap url-field ADDRESSBAR_SEARCH_BOX 556 148
[  29.46] url submitted http://localhost:8765/index.html
[  30.98] keyboard stuck; force-stopped com.android.inputmethod.latin
[  32.48] snackbar seen
[  32.48] tap review Review 946 1805
[  34.46] DIALOG OPEN private (tap 0.48s after seen)
[  35.93] tap close Close 894 1348
[  40.11] long-press counter
[  41.59] tap menu-New tab New tab 595 179
[  45.09] tap url-field ADDRESSBAR_SEARCH_BOX 556 148
[  48.19] url submitted http://localhost:8765/index.html
[  49.72] keyboard stuck; force-stopped com.android.inputmethod.latin
[  51.21] snackbar seen
[  51.21] tap review Review 946 1805
[  53.18] DIALOG OPEN normal-after-private (tap 0.47s after seen)
[  54.67] tap close Close 894 1348
RESULT normal-fresh=open private=open normal-after-private=open
