[   4.57] tap ubo-ok OK 922 1815
[   6.54] fresh ready
[   6.55] normal VIEW intent sent
[   8.70] snackbar seen
[   8.70] tap review Review 946 1805
[  10.70] DIALOG OPEN normal-fresh (tap 0.50s after seen)
[  12.19] tap close Close 894 1348
[  16.38] long-press counter
[  17.85] tap menu-New private tab New private tab 595 305
[  21.30] tap url-field ADDRESSBAR_SEARCH_BOX 556 148
[  24.07] url submitted http://localhost:8765/index.html
[  25.78] snackbar seen
[  25.78] tap review Review 946 1805
[  34.52] NO DIALOG private (tap 0.47s after seen) [' localhost:8765/index.html. Search or enter address', 'More options', 'New private tab', 'Private Tabs Open: 1. Tap to switch tabs.', 'Site information', 'canvas:162 webgl:null t=1790934692327', 'defc fixture']
[  37.23] long-press counter
[  38.71] tap menu-New tab New tab 595 179
[  42.16] tap url-field ADDRESSBAR_SEARCH_BOX 556 148
[  45.17] url submitted http://localhost:8765/index.html
[  46.96] snackbar seen
[  46.96] tap review Review 946 1805
[  55.75] NO DIALOG normal-after-private (tap 0.47s after seen) [' localhost:8765/index.html. Search or enter address', 'More options', 'New tab', 'Non-private Tabs Open: 2. Tap to switch tabs.', 'Site information', 'canvas:162 webgl:null t=1790934713444', 'defc fixture']
RESULT normal-fresh=open private=none normal-after-private=none
