[   4.69] tap ubo-ok OK 922 1815
[   6.66] fresh ready
[   6.67] normal VIEW intent sent
[   8.84] snackbar seen
[   8.84] tap review Review 946 1805
[  10.83] DIALOG OPEN normal-fresh (tap 0.48s after seen)
[  12.33] tap close Close 894 1348
[  16.51] long-press counter
[  17.99] tap menu-New private tab New private tab 595 305
[  21.48] tap url-field ADDRESSBAR_SEARCH_BOX 556 148
[  24.31] url submitted http://localhost:8765/delayed.html
[  25.84] keyboard stuck; force-stopped com.android.inputmethod.latin
[  29.99] snackbar seen
[  29.99] tap review Review 946 1805
[  31.95] DIALOG OPEN private (tap 0.47s after seen)
[  33.44] tap close Close 894 1348
[  37.64] long-press counter
[  39.12] tap menu-New tab New tab 595 179
[  42.60] tap url-field ADDRESSBAR_SEARCH_BOX 556 148
[  45.85] url submitted http://localhost:8765/delayed.html
[  47.37] keyboard stuck; force-stopped com.android.inputmethod.latin
[  51.56] snackbar seen
[  51.56] tap review Review 946 1805
[  53.52] DIALOG OPEN normal-after-private (tap 0.47s after seen)
[  55.00] tap close Close 894 1348
RESULT normal-fresh=open private=open normal-after-private=open
