[   4.67] tap ubo-ok OK 922 1815
[   6.64] fresh ready
[   6.65] normal VIEW intent sent
[   8.84] snackbar seen
[   8.84] tap review Review 946 1805
[  10.82] DIALOG OPEN normal-fresh (tap 0.48s after seen)
[  12.32] tap close Close 894 1348
[  16.50] long-press counter
[  17.98] tap menu-New private tab New private tab 595 305
[  21.46] tap url-field ADDRESSBAR_SEARCH_BOX 556 148
[  24.29] url submitted http://localhost:8765/delayed.html
[  25.82] keyboard stuck; force-stopped com.android.inputmethod.latin
[  30.00] snackbar seen
[  30.00] tap review Review 946 1805
[  31.96] DIALOG OPEN private (tap 0.47s after seen)
[  33.45] tap close Close 894 1348
[  37.63] long-press counter
[  39.12] tap menu-New tab New tab 595 179
[  42.60] tap url-field ADDRESSBAR_SEARCH_BOX 556 148
[  45.80] url submitted http://localhost:8765/delayed.html
[  47.32] keyboard stuck; force-stopped com.android.inputmethod.latin
[  51.52] snackbar seen
[  51.52] tap review Review 946 1805
[  53.49] DIALOG OPEN normal-after-private (tap 0.47s after seen)
[  54.98] tap close Close 894 1348
RESULT normal-fresh=open private=open normal-after-private=open
