[   4.62] tap ubo-ok OK 922 1815
[   6.59] fresh ready
[   6.60] normal VIEW intent sent
[   8.90] snackbar seen
[   8.90] tap review Review 946 1805
[  10.89] DIALOG OPEN normal-fresh (tap 0.48s after seen)
[  12.40] tap close Close 894 1348
[  16.57] long-press counter
[  18.05] tap menu-New private tab New private tab 595 305
[  21.54] tap url-field ADDRESSBAR_SEARCH_BOX 556 148
[  24.38] url submitted http://localhost:8765/delayed.html
[  25.90] keyboard stuck; force-stopped com.android.inputmethod.latin
[  30.06] snackbar seen
[  30.06] tap review Review 946 1805
[  32.02] DIALOG OPEN private (tap 0.47s after seen)
[  33.52] tap close Close 894 1348
[  37.69] long-press counter
[  39.17] tap menu-New tab New tab 595 179
[  42.64] tap url-field ADDRESSBAR_SEARCH_BOX 556 148
[  45.81] url submitted http://localhost:8765/delayed.html
[  47.34] keyboard stuck; force-stopped com.android.inputmethod.latin
[  51.51] snackbar seen
[  51.51] tap review Review 946 1805
[  53.47] DIALOG OPEN normal-after-private (tap 0.47s after seen)
[  54.96] tap close Close 894 1348
RESULT normal-fresh=open private=open normal-after-private=open
