[   4.50] tap ubo-ok OK 922 1815
[   6.47] fresh ready
[   6.48] normal VIEW intent sent
[   8.74] snackbar seen
[   8.74] tap review Review 946 1805
[  10.75] DIALOG OPEN normal-fresh (tap 0.49s after seen)
[  12.24] tap close Close 894 1348
[  16.42] long-press counter
[  17.90] tap menu-New private tab New private tab 595 305
[  21.38] tap url-field ADDRESSBAR_SEARCH_BOX 556 148
[  24.25] url submitted http://localhost:8765/index.html
[  25.78] keyboard stuck; force-stopped com.android.inputmethod.latin
[  27.47] snackbar seen
[  27.47] tap review Review 946 1805
[  36.19] NO DIALOG private (tap 0.48s after seen) [' localhost:8765/index.html. Search or enter address', 'More options', 'New private tab', 'Private Tabs Open: 1. Tap to switch tabs.', 'Site information', 'canvas:162 webgl:null t=1790935067168', 'defc fixture']
[  38.89] long-press counter
[  40.37] tap menu-New tab New tab 595 179
[  43.86] tap url-field ADDRESSBAR_SEARCH_BOX 556 148
[  47.01] url submitted http://localhost:8765/index.html
[  48.54] keyboard stuck; force-stopped com.android.inputmethod.latin
[  50.24] snackbar seen
[  50.24] tap review Review 946 1805
[  58.94] NO DIALOG normal-after-private (tap 0.48s after seen) [' localhost:8765/index.html. Search or enter address', 'More options', 'New tab', 'Non-private Tabs Open: 2. Tap to switch tabs.', 'Site information', 'canvas:162 webgl:null t=1790935089935', 'defc fixture']
RESULT normal-fresh=open private=none normal-after-private=none
