19:54:31 [android-apk.sh] source tree     : /home/mgysin/Documents/librewolf/librewolf-153.0esr-1
19:54:31 [android-apk.sh] fat AAR inputs  : /home/mgysin/Documents/librewolf/librewolf-android-aar-153.0esr-1
19:54:31 [android-apk.sh] output          : /home/mgysin/Documents/librewolf/librewolf-android-apk-153.0esr-1
19:54:31 [android-apk.sh] base mozconfig  : /home/mgysin/Documents/librewolf/assets/mozconfig.android
19:54:31 [android-apk.sh] variant         : release (fenix:assembleRelease)
19:54:31 [android-apk.sh] ABIs            : armeabi-v7a arm64-v8a x86_64(host x86_64)
19:54:31 [android-apk.sh] objdir          : /home/mgysin/Documents/librewolf/librewolf-153.0esr-1/obj-x86_64
19:54:31 [android-apk.sh] engine / image  : podman / librewolf-android-build
19:54:31 [android-apk.sh] mach jobs       : -j16
19:54:31 [android-apk.sh] MOZ_BUILD_DATE  : 20260906190000
19:54:31 [android-apk.sh] copying per-ABI maven zips from /home/mgysin/Documents/librewolf/librewolf-android-aar-153.0esr-1
19:54:32 [android-apk.sh] skipping the gecko pass (--skip-gecko); reusing /home/mgysin/Documents/librewolf/librewolf-153.0esr-1/obj-x86_64
19:54:32 [android-apk.sh] apk: ./mach gradle fenix:assembleRelease, log: /home/mgysin/Documents/librewolf/librewolf-android-apk-153.0esr-1/logs/apk.log
20:14:14 [android-apk.sh] apk: gradle ok in 1182s
20:14:14 [android-apk.sh] APKs produced:
20:14:14 [android-apk.sh]   fenix-arm64-v8a-release.apk  116M
20:14:14 [android-apk.sh]   fenix-armeabi-v7a-release.apk  112M
20:14:14 [android-apk.sh]   fenix-universal-release.apk  266M
20:14:14 [android-apk.sh]   fenix-x86_64-release.apk  121M
20:14:14 [android-apk.sh] verifying each APK against the per-ABI GeckoView builds
  armeabi-v7a: libxul.so 118389260 bytes, sha256-identical to the AAR input (cec8cf040e035a77)
  arm64-v8a: libxul.so 157778480 bytes, sha256-identical to the AAR input (dcb4d3e9dafc2503)
  x86_64: libxul.so 172444152 bytes, sha256-identical to the AAR input (824f650d2faa2008)
20:14:17 [android-apk.sh]   universal: every ABI directory [arm64-v8a armeabi-v7a x86_64] carries libxul.so (none empty)
20:14:17 [android-apk.sh] checking the applicationId is still stock for the release build type
20:14:20 [android-apk.sh]   applicationId: org.redoubtbrowser (stock, and output-metadata.json agrees)
20:14:20 [android-apk.sh] recording the LibreWolf configuration layer present in the APK
apk=/home/mgysin/Documents/librewolf/librewolf-android-apk-153.0esr-1/apk/fenix-x86_64-release.apk
apk entries=3118  omni.ja entries=2280
librewolf.cfg: PRESENT ['assets/omni.ja!/defaults/autoconfig/librewolf.cfg']
local-settings.js: PRESENT ['assets/omni.ja!/defaults/pref/local-settings.js']
policies.json: absent
autoconfig.js: absent
distribution.ini: absent
arm64-v8a/greprefs.js: 0 librewolf.* pref lines
armeabi-v7a/greprefs.js: 0 librewolf.* pref lines
defaults/pref/arm64-v8a/geckoview-prefs.js: 0 librewolf.* pref lines
defaults/pref/armeabi-v7a/geckoview-prefs.js: 0 librewolf.* pref lines
defaults/pref/x86_64/geckoview-prefs.js: 0 librewolf.* pref lines
x86_64/greprefs.js: 0 librewolf.* pref lines
total librewolf.* pref lines in omni.ja pref files: 0
20:14:20 [android-apk.sh] checking no prebuilt GeckoView or app-services artifact was resolved
20:14:20 [android-apk.sh]   none resolved: GeckoView and app-services are both in-tree
20:14:20 [android-apk.sh] verifying the APK signatures
20:14:21 [android-apk.sh]   fenix-arm64-v8a-release.apk: signature verifies, DN=C=US, O=Android, CN=Android Debug
20:14:22 [android-apk.sh]   fenix-armeabi-v7a-release.apk: signature verifies, DN=C=US, O=Android, CN=Android Debug
20:14:22 [android-apk.sh]   fenix-universal-release.apk: signature verifies, DN=C=US, O=Android, CN=Android Debug
20:14:23 [android-apk.sh]   fenix-x86_64-release.apk: signature verifies, DN=C=US, O=Android, CN=Android Debug
20:14:23 [android-apk.sh] APKs      : /home/mgysin/Documents/librewolf/librewolf-android-apk-153.0esr-1/apk
20:14:23 [android-apk.sh] install   : adb install -r /home/mgysin/Documents/librewolf/librewolf-android-apk-153.0esr-1/apk/fenix-universal-release.apk
20:14:23 [android-apk.sh] total wall clock: 1192s

LibreWolf Android APK -- 2026-09-06T19:54:32Z
tree=/home/mgysin/Documents/librewolf/librewolf-153.0esr-1
aar=/home/mgysin/Documents/librewolf/librewolf-android-aar-153.0esr-1
abis=armeabi-v7a,arm64-v8a,x86_64 host=x86_64
jobs=16
MOZ_BUILD_DATE=20260906190000
engine=podman image=librewolf-android-build

pass              seconds  peak_mem_GB  status
gecko                   0          n/a  skipped
apk                  1182        27.89  ok

total                1192

APKs:
  fenix-arm64-v8a-release.apk      116M
  fenix-armeabi-v7a-release.apk    112M
  fenix-universal-release.apk      266M
  fenix-x86_64-release.apk         121M

configuration layer: /home/mgysin/Documents/librewolf/librewolf-android-apk-153.0esr-1/apk-config-layer.txt
