patching file mobile/android/android-components/components/support/webextensions/src/main/java/mozilla/components/support/webextensions/WebExtensionSupport.kt
patching file mobile/android/android-components/components/support/webextensions/src/test/java/mozilla/components/support/webextensions/WebExtensionSupportTest.kt
patching file mobile/android/fenix/app/src/main/java/org/mozilla/fenix/FenixApplication.kt
patching file mobile/android/fenix/app/src/main/java/org/mozilla/fenix/HomeActivity.kt
patching file mobile/android/fenix/app/src/main/java/org/mozilla/fenix/components/Components.kt
patching file mobile/android/fenix/app/src/main/java/org/mozilla/fenix/components/Core.kt
patching file mobile/android/fenix/app/src/main/java/org/mozilla/fenix/components/LibreWolfUboPreinstallMiddleware.kt
patching file mobile/android/fenix/app/src/main/java/org/mozilla/fenix/components/LibreWolfUboPreinstaller.kt
patching file mobile/android/fenix/app/src/main/res/values/strings.xml
patching file mobile/android/fenix/app/src/test/java/org/mozilla/fenix/components/LibreWolfUboPreinstallMiddlewareTest.kt
patching file mobile/android/fenix/app/src/test/java/org/mozilla/fenix/components/LibreWolfUboPreinstallerTest.kt
checking file mobile/android/android-components/components/support/webextensions/src/main/java/mozilla/components/support/webextensions/WebExtensionSupport.kt
checking file mobile/android/android-components/components/support/webextensions/src/test/java/mozilla/components/support/webextensions/WebExtensionSupportTest.kt
checking file mobile/android/fenix/app/src/main/java/org/mozilla/fenix/FenixApplication.kt
checking file mobile/android/fenix/app/src/main/java/org/mozilla/fenix/HomeActivity.kt
checking file mobile/android/fenix/app/src/main/java/org/mozilla/fenix/components/Components.kt
checking file mobile/android/fenix/app/src/main/java/org/mozilla/fenix/components/Core.kt
checking file mobile/android/fenix/app/src/main/java/org/mozilla/fenix/components/LibreWolfUboPreinstallMiddleware.kt
checking file mobile/android/fenix/app/src/main/java/org/mozilla/fenix/components/LibreWolfUboPreinstaller.kt
checking file mobile/android/fenix/app/src/main/res/values/strings.xml
checking file mobile/android/fenix/app/src/test/java/org/mozilla/fenix/components/LibreWolfUboPreinstallMiddlewareTest.kt
checking file mobile/android/fenix/app/src/test/java/org/mozilla/fenix/components/LibreWolfUboPreinstallerTest.kt
patching file mobile/android/android-components/components/support/webextensions/src/main/java/mozilla/components/support/webextensions/WebExtensionSupport.kt
patching file mobile/android/android-components/components/support/webextensions/src/test/java/mozilla/components/support/webextensions/WebExtensionSupportTest.kt
patching file mobile/android/fenix/app/src/main/java/org/mozilla/fenix/FenixApplication.kt
patching file mobile/android/fenix/app/src/main/java/org/mozilla/fenix/HomeActivity.kt
patching file mobile/android/fenix/app/src/main/java/org/mozilla/fenix/components/Components.kt
patching file mobile/android/fenix/app/src/main/java/org/mozilla/fenix/components/Core.kt
patching file mobile/android/fenix/app/src/main/java/org/mozilla/fenix/components/LibreWolfUboPreinstallMiddleware.kt
patching file mobile/android/fenix/app/src/main/java/org/mozilla/fenix/components/LibreWolfUboPreinstaller.kt
patching file mobile/android/fenix/app/src/main/res/values/strings.xml
patching file mobile/android/fenix/app/src/test/java/org/mozilla/fenix/components/LibreWolfUboPreinstallMiddlewareTest.kt
patching file mobile/android/fenix/app/src/test/java/org/mozilla/fenix/components/LibreWolfUboPreinstallerTest.kt
78707b68185b32976452f88bfd97eefcf19babf6548aec3958f228183050c816  mobile/android/fenix/app/src/main/java/org/mozilla/fenix/components/LibreWolfUboPreinstaller.kt
