[graphics] PASS current-fixture-document
[graphics] PASS webgl-dom-protected
[graphics] PASS webgl2-dom-protected
[graphics] PASS canvas-dom-protected
[graphics] PASS webgl-offscreen-protected
[graphics] PASS webgl2-offscreen-protected
[graphics] PASS canvas-offscreen-protected
[graphics] PASS webgl-worker-protected
[graphics] PASS webgl2-worker-protected
[graphics] PASS canvas-worker-protected
[graphics] PASS webgl-nested-worker-protected
[graphics] PASS webgl2-nested-worker-protected
[graphics] PASS canvas-nested-worker-protected
[graphics] PASS webgl-transferred-worker-protected
[graphics] PASS webgl2-transferred-worker-protected
[graphics] PASS canvas-transferred-worker-protected
[graphics] PASS quiet-no-automatic-dialog
[graphics] PASS quiet-no-notice
[graphics] PASS ui-webgl-allow-session
[graphics] PASS acknowledged-ui-choice
[graphics] PASS canvas-dom-protected
[graphics] PASS ui-canvas-allow-session
[graphics] PASS acknowledged-ui-choice
[graphics] PASS webgl-dom-allowed
[graphics] PASS webgl2-dom-allowed
[graphics] PASS canvas-dom-allowed
[graphics] PASS webgl-offscreen-allowed
[graphics] PASS webgl2-offscreen-allowed
[graphics] PASS canvas-offscreen-allowed
[graphics] PASS webgl-worker-allowed
[graphics] PASS webgl2-worker-allowed
[graphics] PASS canvas-worker-allowed
[graphics] PASS webgl-nested-worker-allowed
[graphics] PASS webgl2-nested-worker-allowed
[graphics] PASS canvas-nested-worker-allowed
[graphics] PASS webgl-transferred-worker-allowed
[graphics] PASS webgl2-transferred-worker-allowed
[graphics] PASS canvas-transferred-worker-allowed
[graphics] PASS ui-canvas-ask-session
[graphics] PASS acknowledged-ui-choice
[graphics] PASS webgl-dom-protected
[graphics] PASS webgl2-dom-protected
[graphics] PASS canvas-dom-protected
[graphics] PASS webgl-offscreen-protected
[graphics] PASS webgl2-offscreen-protected
[graphics] PASS canvas-offscreen-protected
[graphics] PASS webgl-worker-protected
[graphics] PASS webgl2-worker-protected
[graphics] PASS canvas-worker-protected
[graphics] PASS webgl-nested-worker-protected
[graphics] PASS webgl2-nested-worker-protected
[graphics] PASS canvas-nested-worker-protected
[graphics] PASS webgl-transferred-worker-protected
[graphics] PASS webgl2-transferred-worker-protected
[graphics] PASS canvas-transferred-worker-protected
[graphics] PASS ui-webgl-block-session
[graphics] PASS acknowledged-ui-choice
[graphics] PASS webgl-dom-protected
[graphics] PASS webgl2-dom-protected
[graphics] PASS canvas-dom-protected
[graphics] PASS ui-webgl-ask-session
[graphics] PASS acknowledged-ui-choice
[graphics] PASS webgl-dom-protected
[graphics] PASS webgl2-dom-protected
[graphics] PASS canvas-dom-protected
[graphics] PASS webgl-offscreen-protected
[graphics] PASS webgl2-offscreen-protected
[graphics] PASS canvas-offscreen-protected
[graphics] PASS webgl-worker-protected
[graphics] PASS webgl2-worker-protected
[graphics] PASS canvas-worker-protected
[graphics] PASS webgl-nested-worker-protected
[graphics] PASS webgl2-nested-worker-protected
[graphics] PASS canvas-nested-worker-protected
[graphics] PASS webgl-transferred-worker-protected
[graphics] PASS webgl2-transferred-worker-protected
[graphics] PASS canvas-transferred-worker-protected
[graphics] PASS core-real-ui-consent-and-revoke
[graphics] PASS ui-webgl-allow-session
[graphics] PASS acknowledged-ui-choice
[graphics] PASS canvas-dom-protected
[graphics] PASS ui-canvas-allow-session
[graphics] PASS acknowledged-ui-choice
[graphics] PASS webgl-dom-allowed
[graphics] PASS webgl2-dom-allowed
[graphics] PASS canvas-dom-allowed
[graphics] PASS actual-process-restart
[graphics] PASS webgl-dom-protected
[graphics] PASS webgl2-dom-protected
[graphics] PASS canvas-dom-protected
[graphics] PASS session-exceptions-expire-on-process-restart
[graphics] PASS ui-webgl-allow-remembered
[graphics] PASS acknowledged-ui-choice
[graphics] PASS canvas-dom-protected
[graphics] PASS ui-canvas-allow-remembered
[graphics] PASS acknowledged-ui-choice
[graphics] PASS actual-process-restart
[graphics] PASS webgl-dom-allowed
[graphics] PASS webgl2-dom-allowed
[graphics] PASS canvas-dom-allowed
[graphics] PASS remembered-exceptions-survive-process-restart
[graphics] PASS current-fixture-document
[graphics] PASS webgl-dom-protected
[graphics] PASS webgl2-dom-protected
[graphics] PASS canvas-dom-protected
[graphics] PASS ui-webgl-allow-private
[graphics] PASS acknowledged-ui-choice
[graphics] PASS canvas-dom-protected
[graphics] PASS ui-canvas-allow-private
[graphics] PASS acknowledged-ui-choice
[graphics] PASS webgl-dom-allowed
[graphics] PASS webgl2-dom-allowed
[graphics] PASS canvas-dom-allowed
[graphics] PASS current-fixture-document
[graphics] PASS webgl-dom-protected
[graphics] PASS webgl2-dom-protected
[graphics] PASS canvas-dom-protected
[graphics] PASS current-fixture-document
[graphics] PASS webgl-dom-allowed
[graphics] PASS webgl2-dom-allowed
[graphics] PASS canvas-dom-allowed
[graphics] PASS private-choices-isolated-and-cleared-on-last-private-close
[graphics] PASS current-fixture-document
[graphics] PASS frame-webgl-dom-protected
[graphics] PASS frame-webgl2-dom-protected
[graphics] PASS frame-canvas-dom-protected
[graphics] PASS ui-webgl-allow-session
[graphics] PASS acknowledged-ui-choice
[graphics] PASS frame-canvas-dom-protected
[graphics] PASS ui-canvas-allow-session
[graphics] PASS acknowledged-ui-choice
[graphics] PASS frame-webgl-dom-allowed
[graphics] PASS frame-webgl2-dom-allowed
[graphics] PASS frame-canvas-dom-allowed
[graphics] PASS frame-webgl-offscreen-allowed
[graphics] PASS frame-webgl2-offscreen-allowed
[graphics] PASS frame-canvas-offscreen-allowed
[graphics] PASS frame-webgl-worker-allowed
[graphics] PASS frame-webgl2-worker-allowed
[graphics] PASS frame-canvas-worker-allowed
[graphics] PASS frame-webgl-nested-worker-allowed
[graphics] PASS frame-webgl2-nested-worker-allowed
[graphics] PASS frame-canvas-nested-worker-allowed
[graphics] PASS frame-webgl-transferred-worker-allowed
[graphics] PASS frame-webgl2-transferred-worker-allowed
[graphics] PASS frame-canvas-transferred-worker-allowed
[graphics] PASS ui-canvas-ask-session
[graphics] PASS acknowledged-ui-choice
[graphics] PASS ui-webgl-ask-session
[graphics] PASS acknowledged-ui-choice
[graphics] PASS frame-webgl-dom-protected
[graphics] PASS frame-webgl2-dom-protected
[graphics] PASS frame-canvas-dom-protected
[graphics] PASS webgl-dom-allowed
[graphics] PASS webgl2-dom-allowed
[graphics] PASS canvas-dom-allowed
[graphics] PASS frame-origin-port-and-revoke-isolation
[graphics] PASS ui-canvas-ask-session
[graphics] PASS acknowledged-ui-choice
[graphics] PASS ui-webgl-ask-session
[graphics] PASS acknowledged-ui-choice
[graphics] PASS no-quiet-notice-in-normal-and-private-tabs
