serial=emulator-5584
Serving...
All files should be loaded. Notifying the device.
Performing Incremental Install
Success
Install command complete in 1648 ms
20:49:13 update-check live exit=0
20:51:08 update-check local exit=0
20:51:47 pref-audit exit=0
20:55:45 store-installer exit=0
Serving...
All files should be loaded. Notifying the device.
Performing Incremental Install
Success
Install command complete in 1652 ms
20:56:23 process-labels exit=0
20:59:42 autofill exit=0
21:02:32 upgrade from Beta 1 A exit=0
21:04:15 upgrade from Beta 1 B exit=0
21:05:21 upgrade from Beta 1 C exit=0
21:08:11 upgrade from 157.0-3 A exit=0
21:09:54 upgrade from 157.0-3 B exit=0
21:11:03 upgrade from 157.0-3 C exit=0
BATCH3 DONE
