checking file mobile/android/geckoview/api.txt
checking file mobile/android/geckoview/src/main/java/org/mozilla/geckoview/WebExtensionController.java
checking file mobile/shared/components/geckoview/GeckoViewStartup.sys.mjs
checking file mobile/shared/modules/geckoview/GeckoViewWebExtension.sys.mjs
checking file toolkit/components/extensions/parent/ext-webRequest.js
patching file mobile/android/geckoview/api.txt
patching file mobile/android/geckoview/src/main/java/org/mozilla/geckoview/WebExtensionController.java
patching file mobile/shared/components/geckoview/GeckoViewStartup.sys.mjs
patching file mobile/shared/modules/geckoview/GeckoViewWebExtension.sys.mjs
patching file toolkit/components/extensions/parent/ext-webRequest.js
checking file mobile/android/geckoview/api.txt
checking file mobile/android/geckoview/src/main/java/org/mozilla/geckoview/WebExtensionController.java
checking file mobile/shared/components/geckoview/GeckoViewStartup.sys.mjs
checking file mobile/shared/modules/geckoview/GeckoViewWebExtension.sys.mjs
checking file toolkit/components/extensions/parent/ext-webRequest.js
patching file mobile/android/geckoview/api.txt
patching file mobile/android/geckoview/src/main/java/org/mozilla/geckoview/WebExtensionController.java
patching file mobile/shared/components/geckoview/GeckoViewStartup.sys.mjs
patching file mobile/shared/modules/geckoview/GeckoViewWebExtension.sys.mjs
patching file toolkit/components/extensions/parent/ext-webRequest.js
checking file mobile/android/android-components/components/support/webextensions/src/main/java/mozilla/components/support/webextensions/WebExtensionSupport.kt
checking file mobile/android/android-components/components/support/webextensions/src/test/java/mozilla/components/support/webextensions/WebExtensionSupportTest.kt
checking file mobile/android/fenix/app/src/main/java/org/mozilla/fenix/FenixApplication.kt
checking file mobile/android/fenix/app/src/main/java/org/mozilla/fenix/HomeActivity.kt
checking file mobile/android/fenix/app/src/main/java/org/mozilla/fenix/components/Components.kt
checking file mobile/android/fenix/app/src/main/java/org/mozilla/fenix/components/Core.kt
checking file mobile/android/fenix/app/src/main/java/org/mozilla/fenix/components/LibreWolfUboPreinstallMiddleware.kt
checking file mobile/android/fenix/app/src/main/java/org/mozilla/fenix/components/LibreWolfUboPreinstaller.kt
checking file mobile/android/fenix/app/src/main/res/values/strings.xml
checking file mobile/android/fenix/app/src/test/java/org/mozilla/fenix/components/LibreWolfUboPreinstallMiddlewareTest.kt
checking file mobile/android/fenix/app/src/test/java/org/mozilla/fenix/components/LibreWolfUboPreinstallerTest.kt
patching file mobile/android/android-components/components/support/webextensions/src/main/java/mozilla/components/support/webextensions/WebExtensionSupport.kt
patching file mobile/android/android-components/components/support/webextensions/src/test/java/mozilla/components/support/webextensions/WebExtensionSupportTest.kt
patching file mobile/android/fenix/app/src/main/java/org/mozilla/fenix/FenixApplication.kt
patching file mobile/android/fenix/app/src/main/java/org/mozilla/fenix/HomeActivity.kt
patching file mobile/android/fenix/app/src/main/java/org/mozilla/fenix/components/Components.kt
patching file mobile/android/fenix/app/src/main/java/org/mozilla/fenix/components/Core.kt
patching file mobile/android/fenix/app/src/main/java/org/mozilla/fenix/components/LibreWolfUboPreinstallMiddleware.kt
patching file mobile/android/fenix/app/src/main/java/org/mozilla/fenix/components/LibreWolfUboPreinstaller.kt
patching file mobile/android/fenix/app/src/main/res/values/strings.xml
patching file mobile/android/fenix/app/src/test/java/org/mozilla/fenix/components/LibreWolfUboPreinstallMiddlewareTest.kt
patching file mobile/android/fenix/app/src/test/java/org/mozilla/fenix/components/LibreWolfUboPreinstallerTest.kt
checking file mobile/android/fenix/app/src/main/java/org/mozilla/fenix/settings/TrackingProtectionFragment.kt
checking file mobile/android/fenix/app/src/main/java/org/mozilla/fenix/settings/deletebrowsingdata/DeleteBrowsingDataOnQuitFragment.kt
checking file mobile/android/fenix/app/src/main/java/org/mozilla/fenix/settings/doh/DohSettingsProvider.kt
checking file mobile/android/fenix/app/src/main/java/org/mozilla/fenix/settings/logins/fragment/SavedLoginsSettingFragment.kt
checking file mobile/android/fenix/app/src/main/java/org/mozilla/fenix/utils/Settings.kt
checking file mobile/android/fenix/app/src/main/res/xml/autofill_preferences.xml
checking file mobile/android/fenix/app/src/main/res/xml/delete_browsing_data_quit_preferences.xml
checking file mobile/android/fenix/app/src/main/res/xml/logins_preferences.xml
checking file mobile/android/fenix/app/src/main/res/xml/save_logins_preferences.xml
checking file mobile/android/fenix/app/src/main/res/xml/tracking_protection_preferences.xml
checking file mobile/android/fenix/app/src/test/java/org/mozilla/fenix/settings/TrackingProtectionFragmentTest.kt
checking file mobile/android/fenix/app/src/test/java/org/mozilla/fenix/settings/deletebrowsingdata/DeleteBrowsingDataOnQuitFragmentTest.kt
checking file mobile/android/fenix/app/src/test/java/org/mozilla/fenix/settings/doh/DefaultDohSettingsProviderTest.kt
checking file mobile/android/fenix/app/src/test/java/org/mozilla/fenix/settings/logins/fragment/SavedLoginsSettingFragmentTest.kt
checking file mobile/android/fenix/app/src/test/java/org/mozilla/fenix/utils/SettingsTest.kt
patching file mobile/android/fenix/app/src/main/java/org/mozilla/fenix/settings/TrackingProtectionFragment.kt
patching file mobile/android/fenix/app/src/main/java/org/mozilla/fenix/settings/deletebrowsingdata/DeleteBrowsingDataOnQuitFragment.kt
patching file mobile/android/fenix/app/src/main/java/org/mozilla/fenix/settings/doh/DohSettingsProvider.kt
patching file mobile/android/fenix/app/src/main/java/org/mozilla/fenix/settings/logins/fragment/SavedLoginsSettingFragment.kt
patching file mobile/android/fenix/app/src/main/java/org/mozilla/fenix/utils/Settings.kt
patching file mobile/android/fenix/app/src/main/res/xml/autofill_preferences.xml
patching file mobile/android/fenix/app/src/main/res/xml/delete_browsing_data_quit_preferences.xml
patching file mobile/android/fenix/app/src/main/res/xml/logins_preferences.xml
patching file mobile/android/fenix/app/src/main/res/xml/save_logins_preferences.xml
patching file mobile/android/fenix/app/src/main/res/xml/tracking_protection_preferences.xml
patching file mobile/android/fenix/app/src/test/java/org/mozilla/fenix/settings/TrackingProtectionFragmentTest.kt
patching file mobile/android/fenix/app/src/test/java/org/mozilla/fenix/settings/deletebrowsingdata/DeleteBrowsingDataOnQuitFragmentTest.kt
patching file mobile/android/fenix/app/src/test/java/org/mozilla/fenix/settings/doh/DefaultDohSettingsProviderTest.kt
patching file mobile/android/fenix/app/src/test/java/org/mozilla/fenix/settings/logins/fragment/SavedLoginsSettingFragmentTest.kt
patching file mobile/android/fenix/app/src/test/java/org/mozilla/fenix/utils/SettingsTest.kt
Verified uBO 1.74.0: /home/runner/work/feature-parity-20260908/src/mobile/android/fenix/app/src/main/assets/extensions/ublock_origin.xpi (SHA-256 175756d74468c9ba45863f7fc333d3be670f82d5b066314e915814dd547d1652)
