[verify-repro] R8 is ON -- measuring the configuration this project actually ships
[verify-repro] srcdir      : /home/mgysin/Documents/librewolf/librewolf-153.0esr-1-beta-20260908
[verify-repro] aar inputs  : /home/mgysin/Documents/librewolf/librewolf-android-aar-153.0esr-1
[verify-repro] build date  : 20260906190000
[verify-repro] out1 / out2 : /home/mgysin/redoubt-artifacts/lw-m6-08-repro/out1 / /home/mgysin/redoubt-artifacts/lw-m6-08-repro/out2
[verify-repro] engine/image: podman / localhost/librewolf-android-build:latest   jobs=16
[verify-repro] === build 1/2 ===
[verify-repro] seeding /home/mgysin/redoubt-artifacts/lw-m6-08-repro/out1/gradle-home from /home/mgysin/Documents/librewolf/librewolf-android-apk-153.0esr-1-beta-20260908/gradle-home
[verify-repro] wiping /home/mgysin/Documents/librewolf/librewolf-153.0esr-1-beta-20260908/obj-x86_64/gradle/build (forcing a real rebuild)
[verify-repro] build 1 ok
[verify-repro] collected 4 APKs into /home/mgysin/redoubt-artifacts/lw-m6-08-repro/out1/apk
[verify-repro]   fenix-arm64-v8a-release-unsigned.apk: unsigned (apksigner verify rc=1)
[verify-repro]   fenix-armeabi-v7a-release-unsigned.apk: unsigned (apksigner verify rc=1)
[verify-repro]   fenix-universal-release-unsigned.apk: unsigned (apksigner verify rc=1)
[verify-repro]   fenix-x86_64-release-unsigned.apk: unsigned (apksigner verify rc=1)
[verify-repro] === build 2/2 ===
[verify-repro] seeding /home/mgysin/redoubt-artifacts/lw-m6-08-repro/out2/gradle-home from /home/mgysin/Documents/librewolf/librewolf-android-apk-153.0esr-1-beta-20260908/gradle-home
[verify-repro] wiping /home/mgysin/Documents/librewolf/librewolf-153.0esr-1-beta-20260908/obj-x86_64/gradle/build (forcing a real rebuild)
[verify-repro] build 2 ok
[verify-repro] collected 4 APKs into /home/mgysin/redoubt-artifacts/lw-m6-08-repro/out2/apk
[verify-repro]   fenix-arm64-v8a-release-unsigned.apk: unsigned (apksigner verify rc=1)
[verify-repro]   fenix-armeabi-v7a-release-unsigned.apk: unsigned (apksigner verify rc=1)
[verify-repro]   fenix-universal-release-unsigned.apk: unsigned (apksigner verify rc=1)
[verify-repro]   fenix-x86_64-release-unsigned.apk: unsigned (apksigner verify rc=1)
[verify-repro] === comparing the two builds ===
[verify-repro]   fenix-arm64-v8a-release-unsigned.apk: IDENTICAL
[verify-repro]   fenix-armeabi-v7a-release-unsigned.apk: IDENTICAL
[verify-repro]   fenix-universal-release-unsigned.apk: IDENTICAL
[verify-repro]   fenix-x86_64-release-unsigned.apk: IDENTICAL
[verify-repro] === negative control ===
[verify-repro] negative control OK: comparator detected a 1-byte difference
[verify-repro] evidence: /home/mgysin/redoubt-artifacts/lw-m6-08-repro/evidence
[verify-repro] total wall clock: 1426s
[verify-repro] PASS: the two independent builds produced byte-identical unsigned APKs
