2026-10-06T20:37:41Z START make android-dir [HEAD 726ded4c12d47a3c246d76b5e445cb24f110a368]
2026-10-06T20:38:31Z END make android-dir exit=0
2026-10-06T20:38:31Z START fat-aar x86_64 [image b3f9fc5d6358]
2026-10-06T21:14:03Z END fat-aar exit=0
2026-10-06T21:14:20Z START apk doq4 x86_64 release [patch sha256 83ec48c01455d078]
2026-10-06T21:28:57Z END apk doq4 exit=1 (single-ABI universal check exits 1)
2026-10-06T21:28:57Z no unsigned x86_64 apk
2026-10-06T21:28:57Z START unit tests doq4
2026-10-06T21:29:17Z END unit tests doq4 
2026-10-06T21:29:17Z DONE doq4
2026-10-06T21:29:26Z doq4 attempt 1 failed :fenix:compileReleaseKotlin (RecentTaskInfo? passed as non-null, DeleteOnQuitGuard.kt:675); fixed with taskInfo?.let, rerun
2026-10-06T21:29:26Z START apk doq4 x86_64 release [patch sha256 925ce30275d15381]
2026-10-06T21:35:10Z END apk doq4 exit=1 (single-ABI universal check exits 1)
2026-10-06T21:35:12Z signed exit=0
2026-10-06T21:35:12Z START unit tests doq4
2026-10-06T21:38:05Z END unit tests doq4 MACH_EXIT=1
2026-10-06T21:38:05Z DONE doq4
2026-10-06T21:39:11Z doq4 unit tests failed to compile (trailing lambda of the old test bound to the new last constructor parameter); onActivityStart moved last; rebuild as doq5
2026-10-06T21:39:11Z START apk doq5 x86_64 release [patch sha256 a165ab70c7fc8bc5]
2026-10-06T21:43:22Z END apk doq5 exit=1 (single-ABI universal check exits 1)
2026-10-06T21:43:24Z signed exit=0
2026-10-06T21:43:24Z START unit tests doq5
2026-10-06T21:45:07Z END unit tests doq5 MACH_EXIT=0
2026-10-06T21:45:07Z DONE doq5
