TAP version 13
# Subtest: request uses actor frame principal, quiet metadata, and exact session lifetime
ok 1 - request uses actor frame principal, quiet metadata, and exact session lifetime
  ---
  duration_ms: 2.333012
  type: 'test'
  ...
# Subtest: decision 1, permanent=false, private=0 writes correct lifetime
ok 2 - decision 1, permanent=false, private=0 writes correct lifetime
  ---
  duration_ms: 1.146525
  type: 'test'
  ...
# Subtest: decision 1, permanent=false, private=1 writes correct lifetime
ok 3 - decision 1, permanent=false, private=1 writes correct lifetime
  ---
  duration_ms: 0.61702
  type: 'test'
  ...
# Subtest: decision 1, permanent=true, private=0 writes correct lifetime
ok 4 - decision 1, permanent=true, private=0 writes correct lifetime
  ---
  duration_ms: 0.582258
  type: 'test'
  ...
# Subtest: decision 1, permanent=true, private=1 writes correct lifetime
ok 5 - decision 1, permanent=true, private=1 writes correct lifetime
  ---
  duration_ms: 0.61479
  type: 'test'
  ...
# Subtest: decision 2, permanent=false, private=0 writes correct lifetime
ok 6 - decision 2, permanent=false, private=0 writes correct lifetime
  ---
  duration_ms: 0.593769
  type: 'test'
  ...
# Subtest: decision 2, permanent=false, private=1 writes correct lifetime
ok 7 - decision 2, permanent=false, private=1 writes correct lifetime
  ---
  duration_ms: 0.62949
  type: 'test'
  ...
# Subtest: decision 2, permanent=true, private=0 writes correct lifetime
ok 8 - decision 2, permanent=true, private=0 writes correct lifetime
  ---
  duration_ms: 0.61641
  type: 'test'
  ...
# Subtest: decision 2, permanent=true, private=1 writes correct lifetime
ok 9 - decision 2, permanent=true, private=1 writes correct lifetime
  ---
  duration_ms: 0.675853
  type: 'test'
  ...
# Subtest: dismissal neither writes nor erases an existing exception
ok 10 - dismissal neither writes nor erases an existing exception
  ---
  duration_ms: 4.042115
  type: 'test'
  ...
# Subtest: invalid app decision false cannot write
ok 11 - invalid app decision false cannot write
  ---
  duration_ms: 0.666852
  type: 'test'
  ...
# Subtest: invalid app decision null cannot write
ok 12 - invalid app decision null cannot write
  ---
  duration_ms: 0.487653
  type: 'test'
  ...
# Subtest: invalid app decision {"value":1} cannot write
ok 13 - invalid app decision {"value":1} cannot write
  ---
  duration_ms: 0.581548
  type: 'test'
  ...
# Subtest: invalid app decision {"value":4,"permanent":false} cannot write
ok 14 - invalid app decision {"value":4,"permanent":false} cannot write
  ---
  duration_ms: 0.562697
  type: 'test'
  ...
# Subtest: invalid app decision {"value":"1","permanent":false} cannot write
ok 15 - invalid app decision {"value":"1","permanent":false} cannot write
  ---
  duration_ms: 0.555647
  type: 'test'
  ...
# Subtest: invalid app decision {"value":1,"permanent":1} cannot write
ok 16 - invalid app decision {"value":1,"permanent":1} cannot write
  ---
  duration_ms: 0.585578
  type: 'test'
  ...
# Subtest: stale same-origin document reply cannot grant to its replacement
ok 17 - stale same-origin document reply cannot grant to its replacement
  ---
  duration_ms: 0.858691
  type: 'test'
  ...
# Subtest: changed actor principal cannot receive a captured decision
ok 18 - changed actor principal cannot receive a captured decision
  ---
  duration_ms: 0.516615
  type: 'test'
  ...
# Subtest: destroy cancels outstanding result and observer without waiting for app reply
ok 19 - destroy cancels outstanding result and observer without waiting for app reply
  ---
  duration_ms: 0.581588
  type: 'test'
  ...
# Subtest: same-origin navigation after commit prevents stale acknowledgement and reload
ok 20 - same-origin navigation after commit prevents stale acknowledgement and reload
  ---
  duration_ms: 0.577738
  type: 'test'
  ...
# Subtest: concurrent reloads only reload requesting frame once after write
ok 21 - concurrent reloads only reload requesting frame once after write
  ---
  duration_ms: 0.877032
  type: 'test'
  ...
# Subtest: write failure rejects applied acknowledgement
ok 22 - write failure rejects applied acknowledgement
  ---
  duration_ms: 0.585298
  type: 'test'
  ...
# Subtest: non-web file:///tmp/test cannot prompt
ok 23 - non-web file:///tmp/test cannot prompt
  ---
  duration_ms: 0.513165
  type: 'test'
  ...
# Subtest: non-web moz-extension://uuid cannot prompt
ok 24 - non-web moz-extension://uuid cannot prompt
  ---
  duration_ms: 0.810269
  type: 'test'
  ...
# Subtest: non-web resource://test cannot prompt
ok 25 - non-web resource://test cannot prompt
  ---
  duration_ms: 0.459152
  type: 'test'
  ...
# Subtest: opaque and stale actors, invalid kinds, and invalid quiet flags cannot prompt
ok 26 - opaque and stale actors, invalid kinds, and invalid quiet flags cannot prompt
  ---
  duration_ms: 0.544466
  type: 'test'
  ...
# Subtest: parent deduplicates each kind for one actor and ignores forged origin data
ok 27 - parent deduplicates each kind for one actor and ignores forged origin data
  ---
  duration_ms: 0.561657
  type: 'test'
  ...
# Subtest: child accepts only its own inner window and emits no principal supplied by content
ok 28 - child accepts only its own inner window and emits no principal supplied by content
  ---
  duration_ms: 0.496464
  type: 'test'
  ...
# Subtest: exact revoke preserves scheme, port, subdomain, private, context, and other kind records
ok 29 - exact revoke preserves scheme, port, subdomain, private, context, and other kind records
  ---
  duration_ms: 0.701423
  type: 'test'
  ...
# Subtest: stored updates validate exact principal identity and acknowledged lifetime
ok 30 - stored updates validate exact principal identity and acknowledged lifetime
  ---
  duration_ms: 0.687003
  type: 'test'
  ...
# Subtest: record enumeration exports actual expiry and canonical origin with attributes
ok 31 - record enumeration exports actual expiry and canonical origin with attributes
  ---
  duration_ms: 0.502824
  type: 'test'
  ...
# Subtest: inactive ancestor or BFCache window (isCurrentGlobal) cannot grant
ok 32 - inactive ancestor or BFCache window (isCurrentGlobal) cannot grant
  ---
  duration_ms: 0.846701
  type: 'test'
  ...
# Subtest: inactive ancestor or BFCache window (isActiveInTab) cannot grant
ok 33 - inactive ancestor or BFCache window (isActiveInTab) cannot grant
  ---
  duration_ms: 0.492484
  type: 'test'
  ...
# Subtest: private-ended or revoked snapshot cannot recreate its record
ok 34 - private-ended or revoked snapshot cannot recreate its record
  ---
  duration_ms: 0.530386
  type: 'test'
  ...
# Subtest: stale settings snapshot cannot overwrite a newer same-value lifetime record
ok 35 - stale settings snapshot cannot overwrite a newer same-value lifetime record
  ---
  duration_ms: 0.503384
  type: 'test'
  ...
# Subtest: pending document decision cannot overwrite a newer origin choice
ok 36 - pending document decision cannot overwrite a newer origin choice
  ---
  duration_ms: 0.488883
  type: 'test'
  ...
# Subtest: trusted pagehide cancels quiet requests and permits a fresh request after restore
ok 37 - trusted pagehide cancels quiet requests and permits a fresh request after restore
  ---
  duration_ms: 0.550057
  type: 'test'
  ...
1..37
# tests 37
# suites 0
# pass 37
# fail 0
# cancelled 0
# skipped 0
# todo 0
# duration_ms 36.124252
